Epoch 73 [Train]: 100%|█████████▉| 1225/1231 [01:00<00:00, 20.27it/s]
Epoch 73 [Train]: 100%|█████████▉| 1228/1231 [01:01<00:00, 20.24it/s]
Epoch 73 [Train]: 100%|██████████| 1231/1231 [01:01<00:00, 20.24it/s]
Epoch 73 [Train]: 100%|██████████| 1231/1231 [01:01<00:00, 20.12it/s]
Epoch 73 [Val]: 100%|██████████| 210/210 [00:08<00:00, 23.54it/s]
Epoch 73: Train Loss=1.8213, Val Acc=0.7878, ρ(EU,AU)=0.042
Epoch 74 [Train]: 100%|█████████▉| 1227/1231 [01:00<00:00, 20.52it/s]
Epoch 74 [Train]: 100%|█████████▉| 1230/1231 [01:00<00:00, 20.51it/s]
Epoch 74 [Train]: 100%|██████████| 1231/1231 [01:00<00:00, 20.43it/s]
Epoch 71 [Train]: 100%|█████████▉| 1227/1231 [01:01<00:00, 20.03it/s]
Epoch 71 [Train]: 100%|█████████▉| 1230/1231 [01:01<00:00, 20.03it/s]
Epoch 71 [Train]: 100%|██████████| 1231/1231 [01:01<00:00, 19.88it/s]
Epoch 74 [Val]: 100%|██████████| 210/210 [00:08<00:00, 23.91it/s]
Epoch 74: Train Loss=1.8219, Val Acc=0.7699, ρ(EU,AU)=-0.020
Epoch 71 [Val]: 100%|██████████| 210/210 [00:09<00:00, 23.08it/s]
Epoch 71: Train Loss=1.8518, Val Acc=0.7872, ρ(EU,AU)=0.029
Epoch 74 [Train]: 100%|█████████▉| 1227/1231 [01:00<00:00, 20.33it/s]
Epoch 74 [Train]: 100%|█████████▉| 1230/1231 [01:00<00:00, 20.24it/s]
Epoch 74 [Train]: 100%|██████████| 1231/1231 [01:00<00:00, 20.31it/s]
Epoch 74 [Val]: 100%|██████████| 210/210 [00:08<00:00, 23.57it/s]
Epoch 74: Train Loss=1.8292, Val Acc=0.7818, ρ(EU,AU)=-0.034
Epoch 75 [Train]: 100%|█████████▉| 1227/1231 [00:59<00:00, 20.53it/s]
Epoch 75 [Train]: 100%|█████████▉| 1230/1231 [00:59<00:00, 20.60it/s]
Epoch 75 [Train]: 100%|██████████| 1231/1231 [00:59<00:00, 20.60it/s]
Epoch 75 [Train]:  37%|███▋      | 453/1231 [00:22<00:38, 20.44it/s]Epoch 75 [Val]: 100%|██████████| 210/210 [00:08<00:00, 23.88it/s]
Epoch 75: Train Loss=1.8192, Val Acc=0.7872, ρ(EU,AU)=-0.039
Epoch 72 [Train]: 100%|█████████▉| 1226/1231 [01:02<00:00, 19.18it/s]
Epoch 72 [Train]: 100%|█████████▉| 1228/1231 [01:02<00:00, 19.20it/s]
Epoch 72 [Train]: 100%|█████████▉| 1230/1231 [01:02<00:00, 19.25it/s]
Epoch 72 [Train]: 100%|██████████| 1231/1231 [01:02<00:00, 19.71it/s]
Epoch 72 [Val]: 100%|██████████| 210/210 [00:09<00:00, 22.78it/s]
Epoch 72: Train Loss=1.8365, Val Acc=0.7645, ρ(EU,AU)=0.006
Epoch 75 [Train]: 100%|█████████▉| 1226/1231 [01:00<00:00, 19.61it/s]
Epoch 75 [Train]: 100%|█████████▉| 1228/1231 [01:00<00:00, 19.61it/s]
Epoch 75 [Train]: 100%|█████████▉| 1230/1231 [01:00<00:00, 19.64it/s]
Epoch 75 [Train]: 100%|██████████| 1231/1231 [01:00<00:00, 20.23it/s]
Epoch 75 [Val]: 100%|██████████| 210/210 [00:09<00:00, 23.10it/s]
Epoch 75: Train Loss=1.8220, Val Acc=0.7818, ρ(EU,AU)=0.010
Epoch 76 [Train]: 100%|█████████▉| 1227/1231 [01:00<00:00, 20.10it/s]
Epoch 76 [Train]: 100%|█████████▉| 1230/1231 [01:00<00:00, 20.12it/s]
Epoch 76 [Train]: 100%|██████████| 1231/1231 [01:00<00:00, 20.30it/s]
Epoch 76 [Val]: 100%|██████████| 210/210 [00:08<00:00, 23.70it/s]
Epoch 76: Train Loss=1.8053, Val Acc=0.7926, ρ(EU,AU)=0.001
Epoch 73 [Train]: 100%|█████████▉| 1225/1231 [01:02<00:00, 19.48it/s]
Epoch 73 [Train]: 100%|█████████▉| 1227/1231 [01:02<00:00, 19.49it/s]
Epoch 73 [Train]: 100%|█████████▉| 1229/1231 [01:02<00:00, 19.48it/s]
Epoch 73 [Train]: 100%|██████████| 1231/1231 [01:02<00:00, 19.51it/s]
Epoch 73 [Train]: 100%|██████████| 1231/1231 [01:02<00:00, 19.60it/s]
Epoch 73 [Val]: 100%|██████████| 210/210 [00:09<00:00, 24.49it/s]
Epoch 73 [Val]: 100%|██████████| 210/210 [00:09<00:00, 22.79it/s]
Epoch 73: Train Loss=1.8442, Val Acc=0.7848, ρ(EU,AU)=0.009
Epoch 76 [Train]: 100%|█████████▉| 1225/1231 [01:01<00:00, 19.99it/s]
Epoch 76 [Train]: 100%|█████████▉| 1227/1231 [01:01<00:00, 19.86it/s]
Epoch 76 [Train]: 100%|█████████▉| 1229/1231 [01:01<00:00, 19.85it/s]
Epoch 76 [Train]: 100%|██████████| 1231/1231 [01:01<00:00, 19.80it/s]
Epoch 76 [Train]: 100%|██████████| 1231/1231 [01:01<00:00, 19.94it/s]
Epoch 76 [Val]: 100%|██████████| 210/210 [00:08<00:00, 23.40it/s]
Epoch 76: Train Loss=1.8254, Val Acc=0.7878, ρ(EU,AU)=-0.016
Epoch 77 [Train]: 100%|█████████▉| 1226/1231 [01:00<00:00, 20.07it/s]
Epoch 77 [Train]: 100%|█████████▉| 1229/1231 [01:00<00:00, 19.95it/s]
Epoch 77 [Train]: 100%|██████████| 1231/1231 [01:00<00:00, 19.93it/s]
Epoch 77 [Train]: 100%|██████████| 1231/1231 [01:00<00:00, 20.23it/s]
Epoch 77 [Val]: 100%|██████████| 210/210 [00:08<00:00, 23.73it/s]
Epoch 77: Train Loss=1.8072, Val Acc=0.7872, ρ(EU,AU)=0.020
Epoch 74 [Train]: 100%|█████████▉| 1225/1231 [01:02<00:00, 19.58it/s]
Epoch 74 [Train]: 100%|█████████▉| 1227/1231 [01:02<00:00, 19.53it/s]
Epoch 74 [Train]: 100%|█████████▉| 1229/1231 [01:02<00:00, 19.50it/s]
Epoch 74 [Train]: 100%|██████████| 1231/1231 [01:02<00:00, 19.53it/s]
Epoch 74 [Train]: 100%|██████████| 1231/1231 [01:02<00:00, 19.54it/s]
Epoch 74 [Val]: 100%|██████████| 210/210 [00:09<00:00, 24.24it/s]
Epoch 74 [Val]: 100%|██████████| 210/210 [00:09<00:00, 22.79it/s]
Epoch 74: Train Loss=1.8267, Val Acc=0.7920, ρ(EU,AU)=-0.003
Epoch 77 [Train]: 100%|█████████▉| 1225/1231 [01:00<00:00, 20.28it/s]
Epoch 77 [Train]: 100%|█████████▉| 1228/1231 [01:01<00:00, 20.29it/s]
Epoch 77 [Train]: 100%|██████████| 1231/1231 [01:01<00:00, 20.36it/s]
Epoch 77 [Train]: 100%|██████████| 1231/1231 [01:01<00:00, 20.10it/s]
Epoch 77 [Val]: 100%|██████████| 210/210 [00:08<00:00, 23.39it/s]
Epoch 77: Train Loss=1.8248, Val Acc=0.7782, ρ(EU,AU)=0.005
Epoch 78 [Train]: 100%|█████████▉| 1227/1231 [01:00<00:00, 20.65it/s]
Epoch 78 [Train]: 100%|█████████▉| 1230/1231 [01:00<00:00, 20.49it/s]
Epoch 78 [Train]: 100%|██████████| 1231/1231 [01:00<00:00, 20.25it/s]
Epoch 78 [Val]: 100%|██████████| 210/210 [00:08<00:00, 23.76it/s]
Epoch 78: Train Loss=1.8214, Val Acc=0.7854, ρ(EU,AU)=-0.025
Epoch 75 [Train]: 100%|█████████▉| 1225/1231 [01:03<00:00, 19.12it/s]
Epoch 75 [Train]: 100%|█████████▉| 1227/1231 [01:04<00:00, 19.06it/s]
Epoch 75 [Train]: 100%|█████████▉| 1229/1231 [01:04<00:00, 19.08it/s]
Epoch 75 [Train]: 100%|██████████| 1231/1231 [01:04<00:00, 19.08it/s]
Epoch 75 [Train]: 100%|██████████| 1231/1231 [01:04<00:00, 19.17it/s]
Epoch 75 [Val]: 100%|██████████| 210/210 [00:09<00:00, 24.29it/s]
Epoch 75 [Val]: 100%|██████████| 210/210 [00:09<00:00, 22.54it/s]
Epoch 75: Train Loss=1.8223, Val Acc=0.7818, ρ(EU,AU)=-0.022
Epoch 78 [Train]: 100%|█████████▉| 1227/1231 [01:01<00:00, 20.45it/s]
Epoch 78 [Train]: 100%|█████████▉| 1230/1231 [01:01<00:00, 20.47it/s]
Epoch 78 [Train]: 100%|██████████| 1231/1231 [01:01<00:00, 20.08it/s]
Epoch 78 [Val]: 100%|██████████| 210/210 [00:08<00:00, 23.52it/s]
Epoch 78: Train Loss=1.8096, Val Acc=0.7812, ρ(EU,AU)=-0.014
Epoch 79 [Train]: 100%|█████████▉| 1225/1231 [01:00<00:00, 20.20it/s]
Epoch 79 [Train]: 100%|█████████▉| 1228/1231 [01:00<00:00, 20.05it/s]
Epoch 79 [Train]: 100%|██████████| 1231/1231 [01:00<00:00, 20.03it/s]
Epoch 79 [Train]: 100%|██████████| 1231/1231 [01:00<00:00, 20.34it/s]
Epoch 79 [Val]: 100%|██████████| 210/210 [00:08<00:00, 23.81it/s]
Epoch 79: Train Loss=1.8083, Val Acc=0.7896, ρ(EU,AU)=-0.012
Epoch 76 [Train]: 100%|█████████▉| 1226/1231 [01:03<00:00, 19.36it/s]
Epoch 76 [Train]: 100%|█████████▉| 1228/1231 [01:04<00:00, 19.38it/s]
Epoch 76 [Train]: 100%|█████████▉| 1230/1231 [01:04<00:00, 19.35it/s]
Epoch 76 [Train]: 100%|██████████| 1231/1231 [01:04<00:00, 19.16it/s]
Epoch 76 [Val]: 100%|██████████| 210/210 [00:09<00:00, 24.57it/s]
Epoch 76 [Val]: 100%|██████████| 210/210 [00:09<00:00, 22.82it/s]
Epoch 76: Train Loss=1.8332, Val Acc=0.7944, ρ(EU,AU)=-0.003
Epoch 79 [Train]: 100%|█████████▉| 1226/1231 [01:00<00:00, 20.09it/s]
Epoch 79 [Train]: 100%|█████████▉| 1229/1231 [01:00<00:00, 20.19it/s]
Epoch 79 [Train]: 100%|██████████| 1231/1231 [01:01<00:00, 20.15it/s]
Epoch 80 [Train]:  84%|████████▍ | 1032/1231 [00:50<00:09, 20.27it/s]Epoch 79 [Val]: 100%|██████████| 210/210 [00:08<00:00, 23.37it/s]
Epoch 79: Train Loss=1.8008, Val Acc=0.7842, ρ(EU,AU)=-0.004
Epoch 80 [Train]: 100%|█████████▉| 1226/1231 [01:00<00:00, 20.17it/s]
Epoch 80 [Train]: 100%|█████████▉| 1229/1231 [01:00<00:00, 20.26it/s]
Epoch 80 [Train]: 100%|██████████| 1231/1231 [01:00<00:00, 20.37it/s]
Epoch 80 [Val]: 100%|██████████| 210/210 [00:08<00:00, 23.70it/s]
Epoch 80: Train Loss=1.8275, Val Acc=0.7842, ρ(EU,AU)=0.028
Epoch 77 [Train]: 100%|█████████▉| 1225/1231 [01:03<00:00, 19.39it/s]
Epoch 77 [Train]: 100%|█████████▉| 1227/1231 [01:03<00:00, 19.34it/s]
Epoch 77 [Train]: 100%|█████████▉| 1229/1231 [01:03<00:00, 19.36it/s]
Epoch 77 [Train]: 100%|██████████| 1231/1231 [01:03<00:00, 19.35it/s]
Epoch 77 [Train]: 100%|██████████| 1231/1231 [01:03<00:00, 19.42it/s]
Epoch 77 [Val]: 100%|██████████| 210/210 [00:09<00:00, 22.72it/s]
Epoch 77: Train Loss=1.8172, Val Acc=0.7962, ρ(EU,AU)=-0.021
Epoch 80 [Train]: 100%|█████████▉| 1225/1231 [01:01<00:00, 19.97it/s]
Epoch 80 [Train]: 100%|█████████▉| 1228/1231 [01:01<00:00, 20.00it/s]
Epoch 80 [Train]: 100%|██████████| 1231/1231 [01:01<00:00, 20.03it/s]
Epoch 80 [Train]: 100%|██████████| 1231/1231 [01:01<00:00, 20.01it/s]
Epoch 80 [Val]: 100%|██████████| 210/210 [00:08<00:00, 23.36it/s]
Epoch 80: Train Loss=1.8071, Val Acc=0.7872, ρ(EU,AU)=-0.005
Epoch 81 [Train]: 100%|█████████▉| 1225/1231 [01:00<00:00, 20.56it/s]
Epoch 81 [Train]: 100%|█████████▉| 1228/1231 [01:00<00:00, 20.23it/s]
Epoch 81 [Train]: 100%|██████████| 1231/1231 [01:00<00:00, 20.20it/s]Epoch 81 [Train]: 100%|██████████| 1231/1231 [01:00<00:00, 20.23it/s]
Epoch 81 [Val]: 100%|██████████| 210/210 [00:08<00:00, 23.74it/s]
Epoch 81: Train Loss=1.7978, Val Acc=0.7920, ρ(EU,AU)=-0.020
Epoch 78 [Train]: 100%|█████████▉| 1226/1231 [01:01<00:00, 19.93it/s]
Epoch 78 [Train]: 100%|█████████▉| 1228/1231 [01:01<00:00, 19.80it/s]
Epoch 78 [Train]: 100%|█████████▉| 1230/1231 [01:01<00:00, 19.73it/s]
Epoch 78 [Train]: 100%|██████████| 1231/1231 [01:02<00:00, 19.85it/s]
Epoch 78 [Val]: 100%|██████████| 210/210 [00:09<00:00, 23.03it/s]
Epoch 78: Train Loss=1.8184, Val Acc=0.7806, ρ(EU,AU)=0.032
Epoch 81 [Train]: 100%|█████████▉| 1227/1231 [01:01<00:00, 20.08it/s]
Epoch 81 [Train]: 100%|█████████▉| 1230/1231 [01:01<00:00, 20.07it/s]
Epoch 81 [Train]: 100%|██████████| 1231/1231 [01:01<00:00, 20.01it/s]
Epoch 81 [Val]: 100%|██████████| 210/210 [00:08<00:00, 23.41it/s]
Epoch 81: Train Loss=1.8029, Val Acc=0.7759, ρ(EU,AU)=0.004
Epoch 82 [Train]: 100%|█████████▉| 1225/1231 [01:00<00:00, 20.24it/s]
Epoch 82 [Train]: 100%|█████████▉| 1228/1231 [01:00<00:00, 20.28it/s]
Epoch 82 [Train]: 100%|██████████| 1231/1231 [01:00<00:00, 20.36it/s]
Epoch 82 [Train]: 100%|██████████| 1231/1231 [01:00<00:00, 20.29it/s]
Epoch 82 [Val]: 100%|██████████| 210/210 [00:08<00:00, 23.64it/s]
Epoch 82: Train Loss=1.7983, Val Acc=0.7759, ρ(EU,AU)=-0.010
Epoch 79 [Train]: 100%|█████████▉| 1226/1231 [01:02<00:00, 19.59it/s]
Epoch 79 [Train]: 100%|█████████▉| 1228/1231 [01:02<00:00, 19.60it/s]
Epoch 79 [Train]: 100%|█████████▉| 1230/1231 [01:02<00:00, 19.62it/s]
Epoch 79 [Train]: 100%|██████████| 1231/1231 [01:02<00:00, 19.74it/s]
Epoch 79 [Val]: 100%|██████████| 210/210 [00:09<00:00, 22.81it/s]
Epoch 79: Train Loss=1.8133, Val Acc=0.7824, ρ(EU,AU)=0.021
Epoch 82 [Train]: 100%|█████████▉| 1225/1231 [01:01<00:00, 20.23it/s]
Epoch 82 [Train]: 100%|█████████▉| 1228/1231 [01:01<00:00, 20.27it/s]
Epoch 82 [Train]: 100%|██████████| 1231/1231 [01:01<00:00, 20.14it/s]
Epoch 82 [Train]: 100%|██████████| 1231/1231 [01:01<00:00, 20.07it/s]
Epoch 82 [Val]: 100%|██████████| 210/210 [00:08<00:00, 23.47it/s]
Epoch 82: Train Loss=1.7879, Val Acc=0.7824, ρ(EU,AU)=0.005
Epoch 83 [Train]: 100%|█████████▉| 1226/1231 [01:00<00:00, 20.11it/s]
Epoch 83 [Train]: 100%|█████████▉| 1229/1231 [01:00<00:00, 20.08it/s]
Epoch 83 [Train]: 100%|██████████| 1231/1231 [01:00<00:00, 20.22it/s]
Epoch 83 [Val]: 100%|██████████| 210/210 [00:08<00:00, 23.70it/s]
Epoch 83: Train Loss=1.7888, Val Acc=0.7854, ρ(EU,AU)=0.005
Epoch 80 [Train]: 100%|█████████▉| 1225/1231 [01:03<00:00, 19.31it/s]
Epoch 80 [Train]: 100%|█████████▉| 1227/1231 [01:03<00:00, 19.37it/s]
Epoch 80 [Train]: 100%|█████████▉| 1229/1231 [01:03<00:00, 19.24it/s]
Epoch 80 [Train]: 100%|██████████| 1231/1231 [01:03<00:00, 19.19it/s]
Epoch 80 [Train]: 100%|██████████| 1231/1231 [01:03<00:00, 19.43it/s]
Epoch 80 [Val]: 100%|██████████| 210/210 [00:09<00:00, 24.40it/s]
Epoch 80 [Val]: 100%|██████████| 210/210 [00:09<00:00, 22.72it/s]
Epoch 80: Train Loss=1.8158, Val Acc=0.7956, ρ(EU,AU)=0.016
Epoch 83 [Train]: 100%|█████████▉| 1225/1231 [01:01<00:00, 19.72it/s]
Epoch 83 [Train]: 100%|█████████▉| 1227/1231 [01:01<00:00, 19.73it/s]
Epoch 83 [Train]: 100%|█████████▉| 1229/1231 [01:01<00:00, 19.70it/s]
Epoch 83 [Train]: 100%|██████████| 1231/1231 [01:01<00:00, 20.02it/s]
Epoch 83 [Val]: 100%|██████████| 210/210 [00:09<00:00, 23.31it/s]
Epoch 83: Train Loss=1.8052, Val Acc=0.7878, ρ(EU,AU)=-0.012
Epoch 84 [Train]: 100%|█████████▉| 1227/1231 [01:00<00:00, 19.96it/s]
Epoch 84 [Train]: 100%|█████████▉| 1229/1231 [01:00<00:00, 19.79it/s]
Epoch 84 [Train]: 100%|██████████| 1231/1231 [01:00<00:00, 20.22it/s]
Epoch 84 [Val]: 100%|██████████| 210/210 [00:08<00:00, 23.53it/s]
Epoch 84: Train Loss=1.7894, Val Acc=0.7896, ρ(EU,AU)=-0.008
Epoch 81 [Train]: 100%|█████████▉| 1225/1231 [01:03<00:00, 19.33it/s]
Epoch 81 [Train]: 100%|█████████▉| 1227/1231 [01:03<00:00, 19.28it/s]
Epoch 81 [Train]: 100%|█████████▉| 1229/1231 [01:03<00:00, 19.28it/s]
Epoch 81 [Train]: 100%|██████████| 1231/1231 [01:03<00:00, 19.39it/s]
Epoch 81 [Train]: 100%|██████████| 1231/1231 [01:03<00:00, 19.30it/s]
Epoch 81 [Val]: 100%|██████████| 210/210 [00:09<00:00, 22.76it/s]
Epoch 81: Train Loss=1.7994, Val Acc=0.7800, ρ(EU,AU)=0.003
Epoch 84 [Train]: 100%|█████████▉| 1227/1231 [01:01<00:00, 20.09it/s]
Epoch 84 [Train]: 100%|█████████▉| 1230/1231 [01:01<00:00, 20.10it/s]
Epoch 84 [Train]: 100%|██████████| 1231/1231 [01:01<00:00, 19.86it/s]
Epoch 84 [Val]: 100%|██████████| 210/210 [00:08<00:00, 23.34it/s]
Epoch 84: Train Loss=1.8004, Val Acc=0.7902, ρ(EU,AU)=-0.028
Epoch 85 [Train]: 100%|█████████▉| 1226/1231 [01:00<00:00, 19.97it/s]
Epoch 85 [Train]: 100%|█████████▉| 1229/1231 [01:01<00:00, 20.04it/s]
Epoch 85 [Train]: 100%|██████████| 1231/1231 [01:01<00:00, 20.13it/s]
Epoch 85 [Val]: 100%|██████████| 210/210 [00:08<00:00, 23.63it/s]
Epoch 85: Train Loss=1.7886, Val Acc=0.7842, ρ(EU,AU)=-0.017
Epoch 82 [Train]: 100%|█████████▉| 1226/1231 [01:04<00:00, 18.96it/s]
Epoch 82 [Train]: 100%|█████████▉| 1228/1231 [01:04<00:00, 18.90it/s]
Epoch 82 [Train]: 100%|█████████▉| 1230/1231 [01:04<00:00, 18.94it/s]
Epoch 82 [Train]: 100%|██████████| 1231/1231 [01:04<00:00, 19.09it/s]
Epoch 82 [Val]: 100%|██████████| 210/210 [00:09<00:00, 22.61it/s]
Epoch 82: Train Loss=1.7884, Val Acc=0.7914, ρ(EU,AU)=0.031
Epoch 85 [Train]: 100%|█████████▉| 1225/1231 [01:01<00:00, 20.02it/s]
Epoch 85 [Train]: 100%|█████████▉| 1228/1231 [01:01<00:00, 20.00it/s]
Epoch 85 [Train]: 100%|█████████▉| 1230/1231 [01:01<00:00, 19.98it/s]
Epoch 85 [Train]: 100%|██████████| 1231/1231 [01:01<00:00, 19.89it/s]
Epoch 85 [Val]: 100%|██████████| 210/210 [00:09<00:00, 23.31it/s]
Epoch 85: Train Loss=1.7940, Val Acc=0.7836, ρ(EU,AU)=-0.017
Epoch 86 [Train]: 100%|█████████▉| 1225/1231 [01:01<00:00, 19.66it/s]
Epoch 86 [Train]: 100%|█████████▉| 1227/1231 [01:01<00:00, 19.52it/s]
Epoch 86 [Train]: 100%|█████████▉| 1229/1231 [01:01<00:00, 19.50it/s]
Epoch 86 [Train]: 100%|██████████| 1231/1231 [01:01<00:00, 20.06it/s]
Epoch 86 [Val]: 100%|██████████| 210/210 [00:08<00:00, 23.45it/s]
Epoch 86: Train Loss=1.7901, Val Acc=0.7842, ρ(EU,AU)=-0.009
Epoch 83 [Train]: 100%|█████████▉| 1226/1231 [01:04<00:00, 19.02it/s]
Epoch 83 [Train]: 100%|█████████▉| 1228/1231 [01:04<00:00, 19.09it/s]
Epoch 83 [Train]: 100%|█████████▉| 1230/1231 [01:04<00:00, 19.13it/s]
Epoch 83 [Train]: 100%|██████████| 1231/1231 [01:04<00:00, 19.10it/s]
Epoch 83 [Val]: 100%|██████████| 210/210 [00:09<00:00, 24.17it/s]
Epoch 83 [Val]: 100%|██████████| 210/210 [00:09<00:00, 22.55it/s]
Epoch 83: Train Loss=1.8057, Val Acc=0.7806, ρ(EU,AU)=0.009
Epoch 86 [Train]: 100%|█████████▉| 1226/1231 [01:01<00:00, 19.64it/s]
Epoch 86 [Train]: 100%|█████████▉| 1229/1231 [01:01<00:00, 19.85it/s]
Epoch 86 [Train]: 100%|██████████| 1231/1231 [01:01<00:00, 20.00it/s]
Epoch 86 [Val]: 100%|██████████| 210/210 [00:08<00:00, 23.36it/s]
Epoch 86: Train Loss=1.7941, Val Acc=0.7866, ρ(EU,AU)=0.017
Epoch 87 [Train]: 100%|█████████▉| 1227/1231 [01:00<00:00, 20.25it/s]
Epoch 87 [Train]: 100%|█████████▉| 1230/1231 [01:00<00:00, 20.15it/s]
Epoch 87 [Train]: 100%|██████████| 1231/1231 [01:00<00:00, 20.22it/s]
Epoch 87 [Val]: 100%|██████████| 210/210 [00:08<00:00, 23.72it/s]
Epoch 87: Train Loss=1.7954, Val Acc=0.7914, ρ(EU,AU)=0.028
Epoch 84 [Train]: 100%|█████████▉| 1225/1231 [01:03<00:00, 19.31it/s]
Epoch 84 [Train]: 100%|█████████▉| 1227/1231 [01:03<00:00, 19.22it/s]
Epoch 84 [Train]: 100%|█████████▉| 1229/1231 [01:03<00:00, 19.19it/s]
Epoch 84 [Train]: 100%|██████████| 1231/1231 [01:03<00:00, 19.18it/s]
Epoch 84 [Train]: 100%|██████████| 1231/1231 [01:03<00:00, 19.26it/s]
Epoch 84 [Val]: 100%|██████████| 210/210 [00:09<00:00, 24.45it/s]
Epoch 84 [Val]: 100%|██████████| 210/210 [00:09<00:00, 22.76it/s]
Epoch 84: Train Loss=1.7915, Val Acc=0.7842, ρ(EU,AU)=0.027
Epoch 87 [Train]: 100%|█████████▉| 1225/1231 [01:01<00:00, 19.46it/s]
Epoch 87 [Train]: 100%|█████████▉| 1227/1231 [01:01<00:00, 19.39it/s]
Epoch 87 [Train]: 100%|█████████▉| 1229/1231 [01:01<00:00, 19.47it/s]
Epoch 87 [Train]: 100%|██████████| 1231/1231 [01:01<00:00, 19.44it/s]
Epoch 87 [Train]: 100%|██████████| 1231/1231 [01:01<00:00, 20.05it/s]
Epoch 87 [Val]: 100%|██████████| 210/210 [00:09<00:00, 23.11it/s]
Epoch 87: Train Loss=1.7903, Val Acc=0.7860, ρ(EU,AU)=-0.011
Epoch 88 [Train]: 100%|█████████▉| 1227/1231 [01:00<00:00, 20.31it/s]
Epoch 88 [Train]: 100%|█████████▉| 1230/1231 [01:00<00:00, 20.18it/s]
Epoch 88 [Train]: 100%|██████████| 1231/1231 [01:01<00:00, 20.16it/s]
Epoch 88 [Val]: 100%|██████████| 210/210 [00:08<00:00, 23.73it/s]
Epoch 88: Train Loss=1.7812, Val Acc=0.7806, ρ(EU,AU)=0.002
Epoch 85 [Train]: 100%|█████████▉| 1225/1231 [01:03<00:00, 19.60it/s]
Epoch 85 [Train]: 100%|█████████▉| 1227/1231 [01:03<00:00, 19.63it/s]
Epoch 85 [Train]: 100%|█████████▉| 1229/1231 [01:03<00:00, 19.67it/s]
Epoch 85 [Train]: 100%|██████████| 1231/1231 [01:03<00:00, 19.66it/s]
Epoch 85 [Train]: 100%|██████████| 1231/1231 [01:03<00:00, 19.30it/s]
Epoch 88 [Train]: 100%|█████████▉| 1226/1231 [01:01<00:00, 20.03it/s]
Epoch 88 [Train]: 100%|█████████▉| 1229/1231 [01:01<00:00, 19.93it/s]
Epoch 88 [Train]: 100%|██████████| 1231/1231 [01:01<00:00, 19.85it/s]
Epoch 88 [Train]: 100%|██████████| 1231/1231 [01:01<00:00, 20.04it/s]
Epoch 85 [Val]: 100%|██████████| 210/210 [00:09<00:00, 22.95it/s]
Epoch 85: Train Loss=1.7795, Val Acc=0.7848, ρ(EU,AU)=0.022
Epoch 86 [Train]:  11%|█         | 135/1231 [00:06<00:56, 19.46it/s]Epoch 88 [Val]: 100%|██████████| 210/210 [00:09<00:00, 23.31it/s]
Epoch 88: Train Loss=1.7822, Val Acc=0.7890, ρ(EU,AU)=-0.006
Epoch 89 [Train]: 100%|█████████▉| 1226/1231 [01:00<00:00, 20.34it/s]
Epoch 89 [Train]: 100%|█████████▉| 1229/1231 [01:00<00:00, 20.30it/s]
Epoch 89 [Train]: 100%|██████████| 1231/1231 [01:00<00:00, 20.27it/s]
Epoch 89 [Val]: 100%|██████████| 210/210 [00:08<00:00, 23.79it/s]
Epoch 89: Train Loss=1.7914, Val Acc=0.7800, ρ(EU,AU)=0.000
Epoch 86 [Train]: 100%|█████████▉| 1225/1231 [01:02<00:00, 19.74it/s]
Epoch 86 [Train]: 100%|█████████▉| 1227/1231 [01:02<00:00, 19.72it/s]
Epoch 86 [Train]: 100%|█████████▉| 1229/1231 [01:02<00:00, 19.73it/s]
Epoch 86 [Train]: 100%|██████████| 1231/1231 [01:02<00:00, 19.81it/s]
Epoch 86 [Train]: 100%|██████████| 1231/1231 [01:02<00:00, 19.57it/s]
Epoch 89 [Train]: 100%|█████████▉| 1225/1231 [01:00<00:00, 20.00it/s]
Epoch 89 [Train]: 100%|█████████▉| 1228/1231 [01:00<00:00, 19.97it/s]
Epoch 89 [Train]: 100%|█████████▉| 1230/1231 [01:00<00:00, 19.97it/s]
Epoch 89 [Train]: 100%|██████████| 1231/1231 [01:00<00:00, 20.38it/s]
Epoch 86 [Val]: 100%|██████████| 210/210 [00:09<00:00, 22.91it/s]
Epoch 86: Train Loss=1.7890, Val Acc=0.7890, ρ(EU,AU)=-0.001
Epoch 89 [Val]: 100%|██████████| 210/210 [00:08<00:00, 23.54it/s]
Epoch 89: Train Loss=1.7740, Val Acc=0.7848, ρ(EU,AU)=0.010
Epoch 90 [Train]: 100%|█████████▉| 1225/1231 [00:59<00:00, 20.54it/s]
Epoch 90 [Train]: 100%|█████████▉| 1228/1231 [00:59<00:00, 20.53it/s]
Epoch 90 [Train]: 100%|██████████| 1231/1231 [01:00<00:00, 20.48it/s]
Epoch 90 [Train]: 100%|██████████| 1231/1231 [01:00<00:00, 20.47it/s]
Epoch 87 [Train]:  25%|██▌       | 308/1231 [00:15<00:46, 19.75it/s]Epoch 90 [Val]: 100%|██████████| 210/210 [00:08<00:00, 23.79it/s]
Epoch 90: Train Loss=1.7848, Val Acc=0.7914, ρ(EU,AU)=-0.009
Epoch 87 [Train]: 100%|█████████▉| 1225/1231 [01:03<00:00, 19.48it/s]
Epoch 87 [Train]: 100%|█████████▉| 1227/1231 [01:03<00:00, 19.42it/s]
Epoch 87 [Train]: 100%|█████████▉| 1229/1231 [01:03<00:00, 19.46it/s]
Epoch 87 [Train]: 100%|██████████| 1231/1231 [01:03<00:00, 19.35it/s]
Epoch 87 [Train]: 100%|██████████| 1231/1231 [01:03<00:00, 19.43it/s]
Epoch 90 [Train]: 100%|█████████▉| 1227/1231 [01:00<00:00, 20.51it/s]
Epoch 90 [Train]: 100%|█████████▉| 1230/1231 [01:00<00:00, 20.51it/s]
Epoch 90 [Train]: 100%|██████████| 1231/1231 [01:00<00:00, 20.38it/s]
Epoch 87 [Val]: 100%|██████████| 210/210 [00:09<00:00, 22.80it/s]
Epoch 87: Train Loss=1.7925, Val Acc=0.7812, ρ(EU,AU)=0.012
Epoch 90 [Val]: 100%|██████████| 210/210 [00:08<00:00, 23.52it/s]
Epoch 90: Train Loss=1.7901, Val Acc=0.7890, ρ(EU,AU)=-0.004
Epoch 91 [Train]: 100%|█████████▉| 1227/1231 [00:59<00:00, 20.06it/s]
Epoch 91 [Train]: 100%|█████████▉| 1230/1231 [00:59<00:00, 20.06it/s]
Epoch 91 [Train]: 100%|██████████| 1231/1231 [00:59<00:00, 20.60it/s]
Epoch 91 [Val]: 100%|██████████| 210/210 [00:08<00:00, 23.66it/s]
Epoch 91: Train Loss=1.7769, Val Acc=0.7932, ρ(EU,AU)=0.012
Epoch 91 [Train]: 100%|█████████▉| 1227/1231 [01:00<00:00, 20.24it/s]
Epoch 91 [Train]: 100%|█████████▉| 1230/1231 [01:01<00:00, 20.21it/s]
Epoch 91 [Train]: 100%|██████████| 1231/1231 [01:01<00:00, 20.13it/s]
Epoch 88 [Train]: 100%|█████████▉| 1226/1231 [01:02<00:00, 19.58it/s]
Epoch 88 [Train]: 100%|█████████▉| 1228/1231 [01:02<00:00, 19.62it/s]
Epoch 88 [Train]: 100%|█████████▉| 1230/1231 [01:02<00:00, 19.57it/s]
Epoch 88 [Train]: 100%|██████████| 1231/1231 [01:03<00:00, 19.54it/s]
Epoch 91 [Val]: 100%|██████████| 210/210 [00:08<00:00, 23.54it/s]
Epoch 91: Train Loss=1.7607, Val Acc=0.7800, ρ(EU,AU)=-0.015
Epoch 88 [Val]: 100%|██████████| 210/210 [00:09<00:00, 22.81it/s]
Epoch 88: Train Loss=1.7662, Val Acc=0.7884, ρ(EU,AU)=0.010
Epoch 92 [Train]: 100%|█████████▉| 1226/1231 [01:00<00:00, 20.30it/s]
Epoch 92 [Train]: 100%|█████████▉| 1229/1231 [01:00<00:00, 20.38it/s]
Epoch 92 [Train]: 100%|██████████| 1231/1231 [01:00<00:00, 20.34it/s]
Epoch 92 [Val]: 100%|██████████| 210/210 [00:08<00:00, 23.76it/s]
Epoch 92: Train Loss=1.7878, Val Acc=0.7896, ρ(EU,AU)=0.006
Epoch 92 [Train]: 100%|█████████▉| 1225/1231 [01:00<00:00, 20.05it/s]
Epoch 92 [Train]: 100%|█████████▉| 1228/1231 [01:01<00:00, 19.97it/s]
Epoch 92 [Train]: 100%|██████████| 1231/1231 [01:01<00:00, 20.16it/s]
Epoch 92 [Train]: 100%|██████████| 1231/1231 [01:01<00:00, 20.09it/s]
Epoch 89 [Train]: 100%|█████████▉| 1226/1231 [01:03<00:00, 19.08it/s]
Epoch 89 [Train]: 100%|█████████▉| 1228/1231 [01:03<00:00, 19.13it/s]
Epoch 89 [Train]: 100%|█████████▉| 1230/1231 [01:03<00:00, 19.17it/s]
Epoch 89 [Train]: 100%|██████████| 1231/1231 [01:03<00:00, 19.27it/s]
Epoch 92 [Val]: 100%|██████████| 210/210 [00:08<00:00, 23.51it/s]
Epoch 92: Train Loss=1.7714, Val Acc=0.7860, ρ(EU,AU)=0.008
Epoch 93 [Train]: 100%|█████████▉| 1227/1231 [01:00<00:00, 20.35it/s]
Epoch 93 [Train]: 100%|█████████▉| 1230/1231 [01:00<00:00, 20.24it/s]
Epoch 93 [Train]: 100%|██████████| 1231/1231 [01:00<00:00, 20.20it/s]
Epoch 89 [Val]: 100%|██████████| 210/210 [00:09<00:00, 24.25it/s]
Epoch 89 [Val]: 100%|██████████| 210/210 [00:09<00:00, 22.65it/s]
Epoch 89: Train Loss=1.7845, Val Acc=0.7896, ρ(EU,AU)=0.017
Epoch 93 [Val]: 100%|██████████| 210/210 [00:08<00:00, 23.68it/s]
Epoch 93: Train Loss=1.7794, Val Acc=0.7860, ρ(EU,AU)=0.000
Epoch 93 [Train]: 100%|█████████▉| 1225/1231 [01:00<00:00, 19.88it/s]
Epoch 93 [Train]: 100%|█████████▉| 1228/1231 [01:00<00:00, 19.99it/s]
Epoch 93 [Train]: 100%|██████████| 1231/1231 [01:01<00:00, 20.10it/s]
Epoch 93 [Train]: 100%|██████████| 1231/1231 [01:01<00:00, 20.14it/s]
Epoch 90 [Train]: 100%|█████████▉| 1225/1231 [01:03<00:00, 19.14it/s]
Epoch 90 [Train]: 100%|█████████▉| 1227/1231 [01:03<00:00, 19.20it/s]
Epoch 90 [Train]: 100%|█████████▉| 1229/1231 [01:04<00:00, 19.18it/s]
Epoch 90 [Train]: 100%|██████████| 1231/1231 [01:04<00:00, 19.24it/s]
Epoch 90 [Train]: 100%|██████████| 1231/1231 [01:04<00:00, 19.19it/s]
Epoch 93 [Val]: 100%|██████████| 210/210 [00:08<00:00, 23.37it/s]
Epoch 93: Train Loss=1.7694, Val Acc=0.7854, ρ(EU,AU)=0.005
Epoch 94 [Train]: 100%|█████████▉| 1225/1231 [01:00<00:00, 20.46it/s]
Epoch 94 [Train]: 100%|█████████▉| 1228/1231 [01:00<00:00, 20.47it/s]
Epoch 94 [Train]: 100%|██████████| 1231/1231 [01:00<00:00, 20.32it/s]
Epoch 94 [Train]: 100%|██████████| 1231/1231 [01:00<00:00, 20.22it/s]
Epoch 90 [Val]: 100%|██████████| 210/210 [00:09<00:00, 22.65it/s]
Epoch 90: Train Loss=1.7876, Val Acc=0.7818, ρ(EU,AU)=0.010
Epoch 94 [Val]: 100%|██████████| 210/210 [00:08<00:00, 23.72it/s]
Epoch 94: Train Loss=1.7665, Val Acc=0.7890, ρ(EU,AU)=0.002
Epoch 94 [Train]: 100%|█████████▉| 1225/1231 [01:00<00:00, 19.89it/s]
Epoch 94 [Train]: 100%|█████████▉| 1227/1231 [01:00<00:00, 19.85it/s]
Epoch 94 [Train]: 100%|█████████▉| 1229/1231 [01:00<00:00, 19.79it/s]
Epoch 94 [Train]: 100%|██████████| 1231/1231 [01:01<00:00, 19.83it/s]
Epoch 94 [Train]: 100%|██████████| 1231/1231 [01:01<00:00, 20.16it/s]
Epoch 95 [Train]: 100%|█████████▉| 1226/1231 [01:00<00:00, 20.04it/s]
Epoch 95 [Train]: 100%|█████████▉| 1229/1231 [01:00<00:00, 20.05it/s]
Epoch 95 [Train]: 100%|██████████| 1231/1231 [01:00<00:00, 20.24it/s]
Epoch 94 [Val]: 100%|██████████| 210/210 [00:08<00:00, 23.38it/s]
Epoch 94: Train Loss=1.7700, Val Acc=0.7812, ρ(EU,AU)=-0.019
Epoch 91 [Train]: 100%|█████████▉| 1225/1231 [01:03<00:00, 19.12it/s]
Epoch 91 [Train]: 100%|█████████▉| 1227/1231 [01:03<00:00, 19.26it/s]
Epoch 91 [Train]: 100%|█████████▉| 1229/1231 [01:03<00:00, 19.18it/s]
Epoch 91 [Train]: 100%|██████████| 1231/1231 [01:03<00:00, 19.08it/s]
Epoch 91 [Train]: 100%|██████████| 1231/1231 [01:03<00:00, 19.36it/s]
Epoch 95 [Val]: 100%|██████████| 210/210 [00:08<00:00, 23.51it/s]
Epoch 95: Train Loss=1.7537, Val Acc=0.7878, ρ(EU,AU)=0.013
Epoch 91 [Val]: 100%|██████████| 210/210 [00:09<00:00, 22.72it/s]
Epoch 91: Train Loss=1.7673, Val Acc=0.7842, ρ(EU,AU)=-0.001
Epoch 95 [Train]: 100%|█████████▉| 1226/1231 [01:00<00:00, 20.29it/s]
Epoch 95 [Train]: 100%|█████████▉| 1229/1231 [01:01<00:00, 20.30it/s]
Epoch 95 [Train]: 100%|██████████| 1231/1231 [01:01<00:00, 20.14it/s]
Epoch 95 [Val]: 100%|██████████| 210/210 [00:08<00:00, 23.42it/s]
Epoch 95: Train Loss=1.7642, Val Acc=0.7956, ρ(EU,AU)=-0.010
Epoch 96 [Train]: 100%|█████████▉| 1226/1231 [01:00<00:00, 20.18it/s]
Epoch 96 [Train]: 100%|█████████▉| 1229/1231 [01:00<00:00, 20.04it/s]
Epoch 96 [Train]: 100%|██████████| 1231/1231 [01:00<00:00, 20.25it/s]
Epoch 92 [Train]: 100%|█████████▉| 1225/1231 [01:02<00:00, 19.78it/s]
Epoch 92 [Train]: 100%|█████████▉| 1228/1231 [01:02<00:00, 19.89it/s]
Epoch 92 [Train]: 100%|█████████▉| 1230/1231 [01:02<00:00, 19.86it/s]
Epoch 92 [Train]: 100%|██████████| 1231/1231 [01:02<00:00, 19.67it/s]
Epoch 96 [Val]: 100%|██████████| 210/210 [00:08<00:00, 23.58it/s]
Epoch 96: Train Loss=1.7718, Val Acc=0.7884, ρ(EU,AU)=0.021
Epoch 92 [Val]: 100%|██████████| 210/210 [00:09<00:00, 24.69it/s]
Epoch 92 [Val]: 100%|██████████| 210/210 [00:09<00:00, 22.94it/s]
Epoch 92: Train Loss=1.7801, Val Acc=0.7890, ρ(EU,AU)=0.013
Epoch 96 [Train]: 100%|█████████▉| 1225/1231 [01:01<00:00, 20.40it/s]
Epoch 96 [Train]: 100%|█████████▉| 1228/1231 [01:01<00:00, 20.37it/s]
Epoch 96 [Train]: 100%|██████████| 1231/1231 [01:01<00:00, 20.37it/s]
Epoch 96 [Train]: 100%|██████████| 1231/1231 [01:01<00:00, 20.03it/s]
Epoch 97 [Train]: 100%|█████████▉| 1226/1231 [01:00<00:00, 20.61it/s]
Epoch 97 [Train]: 100%|█████████▉| 1229/1231 [01:00<00:00, 20.60it/s]
Epoch 97 [Train]: 100%|██████████| 1231/1231 [01:00<00:00, 20.25it/s]
Epoch 96 [Val]: 100%|██████████| 210/210 [00:08<00:00, 23.53it/s]
Epoch 96: Train Loss=1.7495, Val Acc=0.7830, ρ(EU,AU)=-0.002
Epoch 93 [Train]: 100%|█████████▉| 1226/1231 [01:02<00:00, 19.57it/s]
Epoch 93 [Train]: 100%|█████████▉| 1228/1231 [01:02<00:00, 19.59it/s]
Epoch 93 [Train]: 100%|█████████▉| 1230/1231 [01:02<00:00, 19.58it/s]
Epoch 93 [Train]: 100%|██████████| 1231/1231 [01:02<00:00, 19.74it/s]
Epoch 97 [Val]: 100%|██████████| 210/210 [00:08<00:00, 23.87it/s]
Epoch 97: Train Loss=1.7583, Val Acc=0.7902, ρ(EU,AU)=-0.016
Epoch 93 [Val]: 100%|██████████| 210/210 [00:09<00:00, 22.72it/s]
Epoch 93: Train Loss=1.7628, Val Acc=0.7902, ρ(EU,AU)=0.009
Epoch 97 [Train]: 100%|█████████▉| 1225/1231 [01:00<00:00, 20.48it/s]
Epoch 97 [Train]: 100%|█████████▉| 1228/1231 [01:00<00:00, 20.46it/s]
Epoch 97 [Train]: 100%|██████████| 1231/1231 [01:00<00:00, 20.49it/s]
Epoch 97 [Train]: 100%|██████████| 1231/1231 [01:00<00:00, 20.32it/s]
Epoch 98 [Train]: 100%|█████████▉| 1227/1231 [00:59<00:00, 20.74it/s]
Epoch 98 [Train]: 100%|█████████▉| 1230/1231 [00:59<00:00, 20.73it/s]
Epoch 98 [Train]: 100%|██████████| 1231/1231 [00:59<00:00, 20.55it/s]
Epoch 97 [Val]: 100%|██████████| 210/210 [00:08<00:00, 23.62it/s]
Epoch 97: Train Loss=1.7499, Val Acc=0.7842, ρ(EU,AU)=0.003
Epoch 94 [Train]: 100%|█████████▉| 1226/1231 [01:03<00:00, 19.54it/s]
Epoch 94 [Train]: 100%|█████████▉| 1228/1231 [01:03<00:00, 19.48it/s]
Epoch 94 [Train]: 100%|█████████▉| 1230/1231 [01:03<00:00, 19.49it/s]
Epoch 94 [Train]: 100%|██████████| 1231/1231 [01:03<00:00, 19.44it/s]
Epoch 98 [Val]: 100%|██████████| 210/210 [00:08<00:00, 23.97it/s]
Epoch 98: Train Loss=1.7734, Val Acc=0.7926, ρ(EU,AU)=0.000
Epoch 94 [Val]: 100%|██████████| 210/210 [00:09<00:00, 24.24it/s]
Epoch 94 [Val]: 100%|██████████| 210/210 [00:09<00:00, 22.80it/s]
Epoch 94: Train Loss=1.7839, Val Acc=0.7836, ρ(EU,AU)=0.019
Epoch 98 [Train]: 100%|█████████▉| 1226/1231 [01:00<00:00, 20.55it/s]
Epoch 98 [Train]: 100%|█████████▉| 1229/1231 [01:00<00:00, 20.53it/s]
Epoch 98 [Train]: 100%|██████████| 1231/1231 [01:00<00:00, 20.38it/s]
Epoch 99 [Train]: 100%|█████████▉| 1227/1231 [00:59<00:00, 20.86it/s]
Epoch 99 [Train]: 100%|█████████▉| 1230/1231 [00:59<00:00, 20.86it/s]
Epoch 99 [Train]: 100%|██████████| 1231/1231 [00:59<00:00, 20.54it/s]
Epoch 98 [Val]: 100%|██████████| 210/210 [00:08<00:00, 23.66it/s]
Epoch 98: Train Loss=1.7646, Val Acc=0.7872, ρ(EU,AU)=-0.007
Epoch 99 [Val]: 100%|██████████| 210/210 [00:08<00:00, 23.96it/s]
Epoch 99: Train Loss=1.7623, Val Acc=0.7914, ρ(EU,AU)=-0.000
Epoch 95 [Train]: 100%|█████████▉| 1226/1231 [01:03<00:00, 19.58it/s]
Epoch 95 [Train]: 100%|█████████▉| 1228/1231 [01:03<00:00, 19.70it/s]
Epoch 95 [Train]: 100%|█████████▉| 1230/1231 [01:04<00:00, 19.68it/s]
Epoch 95 [Train]: 100%|██████████| 1231/1231 [01:04<00:00, 19.21it/s]
Epoch 95 [Val]: 100%|██████████| 210/210 [00:09<00:00, 22.81it/s]
Epoch 95: Train Loss=1.7711, Val Acc=0.7759, ρ(EU,AU)=0.020
Epoch 99 [Train]: 100%|█████████▉| 1226/1231 [01:00<00:00, 20.33it/s]
Epoch 99 [Train]: 100%|█████████▉| 1229/1231 [01:00<00:00, 20.26it/s]
Epoch 99 [Train]: 100%|██████████| 1231/1231 [01:00<00:00, 20.34it/s]
Epoch 100 [Train]: 100%|█████████▉| 1227/1231 [00:59<00:00, 20.72it/s]
Epoch 100 [Train]: 100%|█████████▉| 1230/1231 [00:59<00:00, 20.74it/s]
Epoch 100 [Train]: 100%|██████████| 1231/1231 [00:59<00:00, 20.54it/s]
Epoch 100 [Val]:  34%|███▍      | 72/210 [00:03<00:05, 23.73it/s]Epoch 99 [Val]: 100%|██████████| 210/210 [00:08<00:00, 23.57it/s]
Epoch 99: Train Loss=1.7642, Val Acc=0.7878, ρ(EU,AU)=0.004
Epoch 100 [Val]: 100%|██████████| 210/210 [00:08<00:00, 23.97it/s]
Epoch 100: Train Loss=1.7583, Val Acc=0.7914, ρ(EU,AU)=-0.001
============================================================
Training Complete! Best Val Acc: 0.7932
Total Time: 115.8 minutes
============================================================
✓ Loaded best model from epoch 33
Epoch 96 [Train]: 100%|█████████▉| 1225/1231 [01:03<00:00, 19.70it/s]
Epoch 96 [Train]: 100%|█████████▉| 1227/1231 [01:03<00:00, 19.75it/s]
Epoch 96 [Train]: 100%|█████████▉| 1229/1231 [01:03<00:00, 19.75it/s]
Epoch 96 [Train]: 100%|██████████| 1231/1231 [01:03<00:00, 19.41it/s]
Epoch 100 [Val]: 100%|██████████| 212/212 [00:08<00:00, 23.70it/s]
Test Acc: 0.7851 | ρ(EU,AU): -0.013
Epoch 96 [Val]: 100%|██████████| 210/210 [00:09<00:00, 22.94it/s]
Epoch 96: Train Loss=1.7875, Val Acc=0.7926, ρ(EU,AU)=0.023
Epoch 100 [Train]: 100%|█████████▉| 1227/1231 [01:01<00:00, 20.32it/s]
Epoch 100 [Train]: 100%|█████████▉| 1230/1231 [01:01<00:00, 20.37it/s]
Epoch 100 [Train]: 100%|██████████| 1231/1231 [01:01<00:00, 20.11it/s]
Epoch 100 [Val]: 100%|██████████| 210/210 [00:08<00:00, 23.46it/s]
Epoch 100: Train Loss=1.7592, Val Acc=0.7872, ρ(EU,AU)=0.004
============================================================
Training Complete! Best Val Acc: 0.7956
Total Time: 116.9 minutes
============================================================
✓ Loaded best model from epoch 69
Epoch 100 [Val]: 100%|██████████| 212/212 [00:09<00:00, 23.34it/s]
Test Acc: 0.7780 | ρ(EU,AU): -0.002
Epoch 97 [Train]: 100%|█████████▉| 1227/1231 [01:03<00:00, 19.74it/s]
Epoch 97 [Train]: 100%|█████████▉| 1230/1231 [01:03<00:00, 19.91it/s]
Epoch 97 [Train]: 100%|██████████| 1231/1231 [01:03<00:00, 19.38it/s]
Epoch 97 [Val]: 100%|██████████| 210/210 [00:09<00:00, 23.06it/s]
Epoch 97: Train Loss=1.7655, Val Acc=0.7884, ρ(EU,AU)=0.020
Epoch 98 [Train]: 100%|█████████▉| 1225/1231 [01:03<00:00, 19.37it/s]
Epoch 98 [Train]: 100%|█████████▉| 1227/1231 [01:03<00:00, 19.35it/s]
Epoch 98 [Train]: 100%|█████████▉| 1229/1231 [01:03<00:00, 19.36it/s]
Epoch 98 [Train]: 100%|██████████| 1231/1231 [01:03<00:00, 19.30it/s]
Epoch 98 [Train]: 100%|██████████| 1231/1231 [01:03<00:00, 19.39it/s]
Epoch 98 [Val]: 100%|██████████| 210/210 [00:09<00:00, 22.99it/s]
Epoch 98: Train Loss=1.7548, Val Acc=0.7824, ρ(EU,AU)=0.014
Epoch 99 [Train]: 100%|█████████▉| 1226/1231 [01:02<00:00, 19.28it/s]
Epoch 99 [Train]: 100%|█████████▉| 1228/1231 [01:02<00:00, 19.34it/s]
Epoch 99 [Train]: 100%|█████████▉| 1230/1231 [01:02<00:00, 19.36it/s]
Epoch 99 [Train]: 100%|██████████| 1231/1231 [01:02<00:00, 19.64it/s]
Epoch 99 [Val]: 100%|██████████| 210/210 [00:09<00:00, 22.94it/s]
Epoch 99: Train Loss=1.7571, Val Acc=0.7896, ρ(EU,AU)=0.009
Epoch 100 [Train]: 100%|█████████▉| 1225/1231 [01:02<00:00, 19.58it/s]
Epoch 100 [Train]: 100%|█████████▉| 1227/1231 [01:02<00:00, 19.63it/s]
Epoch 100 [Train]: 100%|█████████▉| 1229/1231 [01:02<00:00, 19.53it/s]
Epoch 100 [Train]: 100%|██████████| 1231/1231 [01:02<00:00, 19.43it/s]Epoch 100 [Train]: 100%|██████████| 1231/1231 [01:02<00:00, 19.66it/s]
Epoch 100 [Val]: 100%|██████████| 210/210 [00:09<00:00, 22.95it/s]
Epoch 100: Train Loss=1.7651, Val Acc=0.7920, ρ(EU,AU)=0.005
============================================================
Training Complete! Best Val Acc: 0.7980
Total Time: 120.8 minutes
============================================================
✓ Loaded best model from epoch 56
Epoch 100 [Val]: 100%|██████████| 212/212 [00:09<00:00, 22.94it/s]
Test Acc: 0.7839 | ρ(EU,AU): 0.026
[stream ended, exit 0]
