Epoch 99 [Train]: 100%|█████████▉| 1228/1231 [00:34<00:00, 36.11it/s]
Epoch 99 [Train]: 100%|██████████| 1231/1231 [00:34<00:00, 35.61it/s]
Epoch 99 [Val]: 100%|██████████| 210/210 [00:05<00:00, 42.64it/s]
Epoch 99 [Val]: 100%|██████████| 210/210 [00:05<00:00, 41.91it/s]
Epoch 99: Train Loss=1.3306, Val Acc=0.7615, ρ(EU,AU)=-0.146
Epoch 100 [Train]: 100%|█████████▉| 1228/1231 [00:35<00:00, 35.15it/s]
Epoch 100 [Train]: 100%|██████████| 1231/1231 [00:35<00:00, 35.06it/s]
Epoch 100 [Val]: 100%|██████████| 210/210 [00:04<00:00, 44.28it/s]
Epoch 100 [Val]: 100%|██████████| 210/210 [00:04<00:00, 42.47it/s]
Epoch 100: Train Loss=1.3535, Val Acc=0.7687, ρ(EU,AU)=-0.169
============================================================
Training Complete! Best Val Acc: 0.7753
Total Time: 65.8 minutes
============================================================
✓ Loaded best model from epoch 49
Epoch 100 [Val]: 100%|██████████| 212/212 [00:04<00:00, 42.60it/s]
Test Acc: 0.7786 | ρ(EU,AU): -0.178
Epoch 100 [Train]: 100%|█████████▉| 1228/1231 [00:34<00:00, 35.86it/s]
Epoch 100 [Train]: 100%|██████████| 1231/1231 [00:34<00:00, 35.32it/s]
Epoch 100 [Val]: 100%|██████████| 210/210 [00:04<00:00, 43.90it/s]
Epoch 100 [Val]: 100%|██████████| 210/210 [00:04<00:00, 42.34it/s]
Epoch 100: Train Loss=1.3260, Val Acc=0.7603, ρ(EU,AU)=-0.145
============================================================
Training Complete! Best Val Acc: 0.7753
Total Time: 66.4 minutes
============================================================
✓ Loaded best model from epoch 28
Epoch 100 [Val]: 100%|██████████| 212/212 [00:05<00:00, 42.18it/s]
Test Acc: 0.7774 | ρ(EU,AU): -0.121
[stream ended, exit 0]
