Epoch 100 [Val]: 100%|██████████| 210/210 [00:05<00:00, 43.33it/s]
Epoch 100 [Val]: 100%|██████████| 210/210 [00:05<00:00, 41.54it/s]
Epoch 100: Train Loss=1.2171, Val Acc=0.7531, ρ(EU,AU)=-0.081
============================================================
Training Complete! Best Val Acc: 0.7776
Total Time: 66.1 minutes
============================================================
✓ Loaded best model from epoch 18
Epoch 100 [Val]: 100%|██████████| 212/212 [00:05<00:00, 41.65it/s]
Test Acc: 0.7803 | ρ(EU,AU): 0.007
Epoch 99 [Train]: 100%|█████████▉| 1228/1231 [00:34<00:00, 35.28it/s]
Epoch 99 [Train]: 100%|██████████| 1231/1231 [00:34<00:00, 35.54it/s]
Epoch 99 [Val]: 100%|██████████| 210/210 [00:04<00:00, 43.69it/s]
Epoch 99 [Val]: 100%|██████████| 210/210 [00:04<00:00, 42.21it/s]
Epoch 99: Train Loss=1.2290, Val Acc=0.7693, ρ(EU,AU)=-0.029
Epoch 100 [Train]: 100%|█████████▉| 1228/1231 [00:34<00:00, 34.48it/s]
Epoch 100 [Train]: 100%|██████████| 1231/1231 [00:34<00:00, 35.28it/s]
Epoch 100 [Val]: 100%|██████████| 210/210 [00:05<00:00, 43.41it/s]
Epoch 100 [Val]: 100%|██████████| 210/210 [00:05<00:00, 41.91it/s]
Epoch 100: Train Loss=1.2059, Val Acc=0.7478, ρ(EU,AU)=-0.056
============================================================
Training Complete! Best Val Acc: 0.7711
Total Time: 66.4 minutes
============================================================
✓ Loaded best model from epoch 21
Epoch 100 [Val]: 100%|██████████| 212/212 [00:05<00:00, 41.78it/s]
Test Acc: 0.7780 | ρ(EU,AU): 0.096
Epoch 100 [Train]: 100%|█████████▉| 1228/1231 [00:34<00:00, 36.27it/s]
Epoch 100 [Train]: 100%|██████████| 1231/1231 [00:34<00:00, 35.54it/s]
Epoch 100 [Val]: 100%|██████████| 210/210 [00:04<00:00, 44.15it/s]
Epoch 100 [Val]: 100%|██████████| 210/210 [00:04<00:00, 42.47it/s]
Epoch 100: Train Loss=1.2218, Val Acc=0.7687, ρ(EU,AU)=-0.027
============================================================
Training Complete! Best Val Acc: 0.7723
Total Time: 66.8 minutes
============================================================
✓ Loaded best model from epoch 88
Epoch 100 [Val]: 100%|██████████| 212/212 [00:05<00:00, 42.34it/s]
Test Acc: 0.7649 | ρ(EU,AU): -0.024
[stream ended, exit 0]
