Epoch 24 [Train]: 100%|█████████▉| 1228/1231 [00:34<00:00, 35.28it/s]
Epoch 24 [Train]: 100%|██████████| 1231/1231 [00:35<00:00, 35.14it/s]
Epoch 24 [Val]: 100%|██████████| 210/210 [00:05<00:00, 43.67it/s]
Epoch 24 [Val]: 100%|██████████| 210/210 [00:05<00:00, 41.92it/s]
Epoch 24: Train Loss=1.9535, Val Acc=0.7651, ρ(EU,AU)=0.000
Epoch 24 [Train]: 100%|█████████▉| 1228/1231 [00:34<00:00, 35.37it/s]
Epoch 24 [Train]: 100%|██████████| 1231/1231 [00:35<00:00, 35.15it/s]
Epoch 24 [Val]: 100%|██████████| 210/210 [00:05<00:00, 43.06it/s]
Epoch 24 [Val]: 100%|██████████| 210/210 [00:05<00:00, 41.92it/s]
Epoch 24: Train Loss=1.9007, Val Acc=0.7735, ρ(EU,AU)=0.000
Epoch 25 [Train]: 100%|█████████▉| 1228/1231 [00:34<00:00, 35.30it/s]
Epoch 25 [Train]: 100%|██████████| 1231/1231 [00:34<00:00, 35.32it/s]
Epoch 25 [Val]: 100%|██████████| 210/210 [00:05<00:00, 43.62it/s]Epoch 25 [Val]: 100%|██████████| 210/210 [00:05<00:00, 41.95it/s]
Epoch 25: Train Loss=1.9584, Val Acc=0.7639, ρ(EU,AU)=0.000
Epoch 25 [Train]: 100%|█████████▉| 1228/1231 [00:35<00:00, 33.61it/s]
Epoch 25 [Train]: 100%|██████████| 1231/1231 [00:35<00:00, 34.67it/s]
Epoch 25 [Val]: 100%|██████████| 210/210 [00:05<00:00, 44.08it/s]
Epoch 25 [Val]: 100%|██████████| 210/210 [00:05<00:00, 41.61it/s]
Epoch 25: Train Loss=1.8875, Val Acc=0.7591, ρ(EU,AU)=0.000
Epoch 26 [Train]: 100%|█████████▉| 1228/1231 [00:34<00:00, 35.48it/s]
Epoch 26 [Train]: 100%|██████████| 1231/1231 [00:34<00:00, 35.36it/s]
Epoch 26 [Val]: 100%|██████████| 210/210 [00:05<00:00, 43.60it/s]
Epoch 26 [Val]: 100%|██████████| 210/210 [00:05<00:00, 41.98it/s]
Epoch 26: Train Loss=1.9404, Val Acc=0.7597, ρ(EU,AU)=0.000
Epoch 26 [Train]: 100%|█████████▉| 1228/1231 [00:34<00:00, 33.61it/s]
Epoch 26 [Train]: 100%|██████████| 1231/1231 [00:34<00:00, 35.21it/s]
Epoch 26 [Val]: 100%|██████████| 210/210 [00:05<00:00, 43.98it/s]
Epoch 26 [Val]: 100%|██████████| 210/210 [00:05<00:00, 41.99it/s]
Epoch 26: Train Loss=1.8716, Val Acc=0.7555, ρ(EU,AU)=nan
Epoch 27 [Train]: 100%|█████████▉| 1228/1231 [00:34<00:00, 35.41it/s]
Epoch 27 [Train]: 100%|██████████| 1231/1231 [00:34<00:00, 35.43it/s]
Epoch 27 [Val]: 100%|██████████| 210/210 [00:05<00:00, 43.63it/s]
Epoch 27 [Val]: 100%|██████████| 210/210 [00:05<00:00, 41.96it/s]
Epoch 27: Train Loss=1.9338, Val Acc=0.7627, ρ(EU,AU)=nan
Epoch 27 [Train]: 100%|█████████▉| 1228/1231 [00:34<00:00, 35.75it/s]
Epoch 27 [Train]: 100%|██████████| 1231/1231 [00:34<00:00, 35.22it/s]
Epoch 27 [Val]: 100%|██████████| 210/210 [00:05<00:00, 43.44it/s]
Epoch 27 [Val]: 100%|██████████| 210/210 [00:05<00:00, 41.90it/s]
Epoch 27: Train Loss=1.8645, Val Acc=0.7603, ρ(EU,AU)=nan
Epoch 28 [Train]: 100%|█████████▉| 1228/1231 [00:34<00:00, 35.53it/s]
Epoch 28 [Train]: 100%|██████████| 1231/1231 [00:34<00:00, 35.30it/s]
Epoch 28 [Val]: 100%|██████████| 210/210 [00:05<00:00, 43.55it/s]
Epoch 28 [Val]: 100%|██████████| 210/210 [00:05<00:00, 41.96it/s]
Epoch 28: Train Loss=1.9263, Val Acc=0.7567, ρ(EU,AU)=nan
Epoch 28 [Train]: 100%|█████████▉| 1228/1231 [00:35<00:00, 35.51it/s]
Epoch 28 [Train]: 100%|██████████| 1231/1231 [00:35<00:00, 34.84it/s]
Epoch 28 [Val]: 100%|██████████| 210/210 [00:05<00:00, 42.23it/s]
Epoch 28 [Val]: 100%|██████████| 210/210 [00:05<00:00, 41.84it/s]
Epoch 28: Train Loss=1.8737, Val Acc=0.7579, ρ(EU,AU)=0.000
Epoch 29 [Train]: 100%|█████████▉| 1228/1231 [00:34<00:00, 35.35it/s]
Epoch 29 [Train]: 100%|██████████| 1231/1231 [00:34<00:00, 35.41it/s]
Epoch 29 [Val]: 100%|██████████| 210/210 [00:05<00:00, 43.39it/s]
Epoch 29 [Val]: 100%|██████████| 210/210 [00:05<00:00, 41.98it/s]
Epoch 29: Train Loss=1.9231, Val Acc=0.7567, ρ(EU,AU)=nan
Epoch 29 [Train]: 100%|█████████▉| 1228/1231 [00:34<00:00, 35.63it/s]
Epoch 29 [Train]: 100%|██████████| 1231/1231 [00:34<00:00, 35.62it/s]
Epoch 29 [Val]: 100%|██████████| 210/210 [00:04<00:00, 43.66it/s]
Epoch 29 [Val]: 100%|██████████| 210/210 [00:04<00:00, 42.06it/s]
Epoch 29: Train Loss=1.8660, Val Acc=0.7729, ρ(EU,AU)=nan
Epoch 30 [Train]: 100%|█████████▉| 1228/1231 [00:34<00:00, 35.28it/s]
Epoch 30 [Train]: 100%|██████████| 1231/1231 [00:34<00:00, 35.39it/s]
Epoch 30 [Val]: 100%|██████████| 210/210 [00:05<00:00, 43.54it/s]
Epoch 30 [Val]: 100%|██████████| 210/210 [00:05<00:00, 41.88it/s]
Epoch 30: Train Loss=1.9054, Val Acc=0.7735, ρ(EU,AU)=nan
  ✓ New best model saved!
Epoch 30 [Train]: 100%|█████████▉| 1228/1231 [00:34<00:00, 35.57it/s]
Epoch 30 [Train]: 100%|██████████| 1231/1231 [00:34<00:00, 35.62it/s]
Epoch 30 [Val]: 100%|██████████| 210/210 [00:04<00:00, 44.05it/s]
Epoch 30 [Val]: 100%|██████████| 210/210 [00:04<00:00, 42.23it/s]
Epoch 30: Train Loss=1.8580, Val Acc=0.7549, ρ(EU,AU)=0.000
Epoch 31 [Train]: 100%|█████████▉| 1228/1231 [00:34<00:00, 35.36it/s]
Epoch 31 [Train]: 100%|██████████| 1231/1231 [00:34<00:00, 35.40it/s]
Epoch 31 [Val]: 100%|██████████| 210/210 [00:04<00:00, 43.67it/s]
Epoch 31 [Val]: 100%|██████████| 210/210 [00:04<00:00, 42.02it/s]
Epoch 31: Train Loss=1.9031, Val Acc=0.7573, ρ(EU,AU)=0.000
Epoch 31 [Train]: 100%|█████████▉| 1228/1231 [00:34<00:00, 35.68it/s]
Epoch 31 [Train]: 100%|██████████| 1231/1231 [00:34<00:00, 35.75it/s]
Epoch 31 [Val]: 100%|██████████| 210/210 [00:04<00:00, 43.88it/s]
Epoch 31 [Val]: 100%|██████████| 210/210 [00:04<00:00, 42.24it/s]
Epoch 31: Train Loss=1.8406, Val Acc=0.7705, ρ(EU,AU)=nan
Epoch 32 [Train]: 100%|█████████▉| 1228/1231 [00:34<00:00, 35.71it/s]Epoch 32 [Train]: 100%|██████████| 1231/1231 [00:34<00:00, 35.33it/s]
Epoch 32 [Val]: 100%|██████████| 210/210 [00:04<00:00, 43.79it/s]
Epoch 32 [Val]: 100%|██████████| 210/210 [00:04<00:00, 42.02it/s]
Epoch 32: Train Loss=1.8987, Val Acc=0.7525, ρ(EU,AU)=nan
Epoch 32 [Train]: 100%|█████████▉| 1228/1231 [00:34<00:00, 35.77it/s]Epoch 32 [Train]: 100%|██████████| 1231/1231 [00:34<00:00, 35.65it/s]
Epoch 32 [Val]: 100%|██████████| 210/210 [00:04<00:00, 44.04it/s]
Epoch 32 [Val]: 100%|██████████| 210/210 [00:04<00:00, 42.28it/s]
Epoch 32: Train Loss=1.8389, Val Acc=0.7490, ρ(EU,AU)=nan
Epoch 33 [Train]: 100%|█████████▉| 1228/1231 [00:34<00:00, 35.43it/s]
Epoch 33 [Train]: 100%|██████████| 1231/1231 [00:34<00:00, 35.45it/s]
Epoch 33 [Val]: 100%|██████████| 210/210 [00:04<00:00, 43.66it/s]
Epoch 33 [Val]: 100%|██████████| 210/210 [00:04<00:00, 42.02it/s]
Epoch 33: Train Loss=1.8794, Val Acc=0.7621, ρ(EU,AU)=nan
Epoch 33 [Train]: 100%|█████████▉| 1228/1231 [00:34<00:00, 35.88it/s]
Epoch 33 [Train]: 100%|██████████| 1231/1231 [00:34<00:00, 35.75it/s]
Epoch 33 [Val]: 100%|██████████| 210/210 [00:04<00:00, 44.07it/s]
Epoch 33 [Val]: 100%|██████████| 210/210 [00:04<00:00, 42.14it/s]
Epoch 33: Train Loss=1.8097, Val Acc=0.7699, ρ(EU,AU)=nan
Epoch 34 [Train]: 100%|█████████▉| 1228/1231 [00:34<00:00, 35.59it/s]
Epoch 34 [Train]: 100%|██████████| 1231/1231 [00:34<00:00, 35.54it/s]
Epoch 34 [Val]: 100%|██████████| 210/210 [00:05<00:00, 43.57it/s]
Epoch 34 [Val]: 100%|██████████| 210/210 [00:05<00:00, 41.60it/s]
Epoch 34: Train Loss=1.8822, Val Acc=0.7699, ρ(EU,AU)=nan
Epoch 34 [Train]: 100%|█████████▉| 1228/1231 [00:34<00:00, 35.73it/s]
Epoch 35 [Train]:  11%|█         | 136/1231 [00:03<00:31, 34.72it/s]Epoch 34 [Train]: 100%|██████████| 1231/1231 [00:34<00:00, 35.63it/s]
Epoch 34 [Val]: 100%|██████████| 210/210 [00:04<00:00, 43.77it/s]
Epoch 34 [Val]: 100%|██████████| 210/210 [00:04<00:00, 42.21it/s]
Epoch 34: Train Loss=1.8250, Val Acc=0.7615, ρ(EU,AU)=nan
Epoch 35 [Train]: 100%|█████████▉| 1228/1231 [00:35<00:00, 32.90it/s]
Epoch 35 [Train]: 100%|██████████| 1231/1231 [00:35<00:00, 34.66it/s]
Epoch 35 [Val]: 100%|██████████| 210/210 [00:05<00:00, 43.36it/s]
Epoch 35 [Val]: 100%|██████████| 210/210 [00:05<00:00, 41.74it/s]
Epoch 35: Train Loss=1.8631, Val Acc=0.7705, ρ(EU,AU)=nan
Epoch 35 [Train]: 100%|█████████▉| 1228/1231 [00:34<00:00, 35.75it/s]
Epoch 35 [Train]: 100%|██████████| 1231/1231 [00:34<00:00, 35.72it/s]
Epoch 35 [Val]: 100%|██████████| 210/210 [00:04<00:00, 43.97it/s]
Epoch 35 [Val]: 100%|██████████| 210/210 [00:04<00:00, 42.22it/s]
Epoch 35: Train Loss=1.8198, Val Acc=0.7681, ρ(EU,AU)=nan
Epoch 36 [Train]: 100%|█████████▉| 1228/1231 [00:35<00:00, 35.26it/s]
Epoch 36 [Train]: 100%|██████████| 1231/1231 [00:35<00:00, 34.94it/s]
Epoch 36 [Val]: 100%|██████████| 210/210 [00:04<00:00, 43.71it/s]
Epoch 36 [Val]: 100%|██████████| 210/210 [00:04<00:00, 42.09it/s]
Epoch 36: Train Loss=1.8622, Val Acc=0.7615, ρ(EU,AU)=nan
Epoch 36 [Train]: 100%|█████████▉| 1228/1231 [00:34<00:00, 35.10it/s]
Epoch 37 [Train]:   8%|▊         | 100/1231 [00:02<00:31, 35.40it/s]Epoch 36 [Train]: 100%|██████████| 1231/1231 [00:35<00:00, 35.12it/s]
Epoch 36 [Val]: 100%|██████████| 210/210 [00:04<00:00, 43.52it/s]
Epoch 36 [Val]: 100%|██████████| 210/210 [00:04<00:00, 42.05it/s]
Epoch 36: Train Loss=1.8009, Val Acc=0.7675, ρ(EU,AU)=nan
Epoch 37 [Train]: 100%|█████████▉| 1228/1231 [00:34<00:00, 35.40it/s]
Epoch 37 [Train]: 100%|██████████| 1231/1231 [00:35<00:00, 35.13it/s]
Epoch 37 [Val]: 100%|██████████| 210/210 [00:04<00:00, 44.11it/s]Epoch 37 [Val]: 100%|██████████| 210/210 [00:04<00:00, 42.16it/s]
Epoch 37: Train Loss=1.8628, Val Acc=0.7496, ρ(EU,AU)=0.000
Epoch 37 [Train]: 100%|█████████▉| 1228/1231 [00:34<00:00, 35.91it/s]
Epoch 37 [Train]: 100%|██████████| 1231/1231 [00:34<00:00, 35.64it/s]
Epoch 37 [Val]: 100%|██████████| 210/210 [00:04<00:00, 44.11it/s]Epoch 37 [Val]: 100%|██████████| 210/210 [00:04<00:00, 42.28it/s]
Epoch 37: Train Loss=1.7909, Val Acc=0.7687, ρ(EU,AU)=nan
Epoch 38 [Train]: 100%|█████████▉| 1228/1231 [00:34<00:00, 35.27it/s]
Epoch 38 [Train]: 100%|██████████| 1231/1231 [00:34<00:00, 35.28it/s]
Epoch 38 [Val]: 100%|██████████| 210/210 [00:05<00:00, 43.70it/s]
Epoch 38 [Val]: 100%|██████████| 210/210 [00:05<00:00, 41.84it/s]
Epoch 38: Train Loss=1.8583, Val Acc=0.7513, ρ(EU,AU)=0.000
Epoch 38 [Train]: 100%|█████████▉| 1228/1231 [00:34<00:00, 35.44it/s]
Epoch 39 [Train]:   6%|▌         | 76/1231 [00:02<00:33, 34.70it/s]Epoch 38 [Train]: 100%|██████████| 1231/1231 [00:34<00:00, 35.31it/s]
Epoch 38 [Val]: 100%|██████████| 210/210 [00:05<00:00, 43.12it/s]
Epoch 38 [Val]: 100%|██████████| 210/210 [00:05<00:00, 41.90it/s]
Epoch 38: Train Loss=1.7873, Val Acc=0.7621, ρ(EU,AU)=0.000
Epoch 39 [Train]: 100%|█████████▉| 1228/1231 [00:35<00:00, 33.49it/s]
Epoch 39 [Train]: 100%|██████████| 1231/1231 [00:35<00:00, 34.80it/s]
Epoch 39 [Val]: 100%|██████████| 210/210 [00:05<00:00, 43.50it/s]
Epoch 39 [Val]: 100%|██████████| 210/210 [00:05<00:00, 41.85it/s]
Epoch 39: Train Loss=1.8527, Val Acc=0.7639, ρ(EU,AU)=nan
Epoch 39 [Train]: 100%|█████████▉| 1228/1231 [00:34<00:00, 35.71it/s]
Epoch 39 [Train]: 100%|██████████| 1231/1231 [00:34<00:00, 35.68it/s]
Epoch 39 [Val]: 100%|██████████| 210/210 [00:04<00:00, 42.24it/s]
Epoch 39: Train Loss=1.7887, Val Acc=0.7543, ρ(EU,AU)=0.000
Epoch 40 [Train]: 100%|█████████▉| 1228/1231 [00:34<00:00, 35.48it/s]
Epoch 40 [Train]: 100%|██████████| 1231/1231 [00:35<00:00, 35.12it/s]
Epoch 40 [Val]: 100%|██████████| 210/210 [00:05<00:00, 43.27it/s]
Epoch 40 [Val]: 100%|██████████| 210/210 [00:05<00:00, 41.69it/s]
Epoch 40: Train Loss=1.8328, Val Acc=0.7549, ρ(EU,AU)=nan
Epoch 40 [Train]: 100%|█████████▉| 1228/1231 [00:34<00:00, 35.85it/s]
Epoch 40 [Train]: 100%|██████████| 1231/1231 [00:34<00:00, 35.77it/s]
Epoch 40 [Val]: 100%|██████████| 210/210 [00:04<00:00, 43.89it/s]
Epoch 40 [Val]: 100%|██████████| 210/210 [00:04<00:00, 42.09it/s]
Epoch 40: Train Loss=1.7832, Val Acc=0.7633, ρ(EU,AU)=0.000
Epoch 41 [Train]: 100%|█████████▉| 1228/1231 [00:34<00:00, 35.58it/s]
Epoch 41 [Train]:  84%|████████▍ | 1036/1231 [00:29<00:05, 35.77it/s]Epoch 41 [Train]: 100%|██████████| 1231/1231 [00:34<00:00, 35.30it/s]
Epoch 41 [Val]: 100%|██████████| 210/210 [00:04<00:00, 43.81it/s]Epoch 41 [Val]: 100%|██████████| 210/210 [00:04<00:00, 42.03it/s]
Epoch 41: Train Loss=1.8389, Val Acc=0.7723, ρ(EU,AU)=nan
Epoch 41 [Train]: 100%|█████████▉| 1228/1231 [00:34<00:00, 35.88it/s]
Epoch 41 [Train]: 100%|██████████| 1231/1231 [00:34<00:00, 35.61it/s]
Epoch 41 [Val]: 100%|██████████| 210/210 [00:04<00:00, 43.83it/s]
Epoch 41 [Val]: 100%|██████████| 210/210 [00:04<00:00, 42.23it/s]
Epoch 41: Train Loss=1.7651, Val Acc=0.7663, ρ(EU,AU)=0.000
Epoch 42 [Train]: 100%|█████████▉| 1228/1231 [00:34<00:00, 35.41it/s]
Epoch 42 [Train]: 100%|██████████| 1231/1231 [00:34<00:00, 35.30it/s]
Epoch 42 [Train]: 100%|█████████▉| 1228/1231 [00:34<00:00, 35.61it/s]
Epoch 42 [Train]: 100%|██████████| 1231/1231 [00:34<00:00, 35.82it/s]
Epoch 42 [Val]: 100%|██████████| 210/210 [00:04<00:00, 43.74it/s]
Epoch 42 [Val]: 100%|██████████| 210/210 [00:04<00:00, 42.08it/s]
Epoch 42: Train Loss=1.8309, Val Acc=0.7501, ρ(EU,AU)=0.000
Epoch 42 [Val]: 100%|██████████| 210/210 [00:05<00:00, 41.99it/s]
Epoch 42: Train Loss=1.7733, Val Acc=0.7501, ρ(EU,AU)=0.000
Epoch 43 [Train]: 100%|█████████▉| 1228/1231 [00:34<00:00, 35.01it/s]
Epoch 43 [Train]:  86%|████████▋ | 1064/1231 [00:29<00:04, 35.90it/s]Epoch 43 [Train]: 100%|██████████| 1231/1231 [00:34<00:00, 35.32it/s]
Epoch 43 [Train]: 100%|█████████▉| 1228/1231 [00:34<00:00, 35.64it/s]
Epoch 43 [Train]: 100%|██████████| 1231/1231 [00:34<00:00, 35.55it/s]
Epoch 43 [Val]: 100%|██████████| 210/210 [00:05<00:00, 43.70it/s]
Epoch 43 [Val]: 100%|██████████| 210/210 [00:05<00:00, 41.94it/s]
Epoch 43: Train Loss=1.8332, Val Acc=0.7759, ρ(EU,AU)=nan
  ✓ New best model saved!
Epoch 43 [Val]: 100%|██████████| 210/210 [00:04<00:00, 44.06it/s]
Epoch 43 [Val]: 100%|██████████| 210/210 [00:04<00:00, 42.12it/s]
Epoch 43: Train Loss=1.7645, Val Acc=0.7543, ρ(EU,AU)=nan
Epoch 44 [Train]: 100%|█████████▉| 1228/1231 [00:34<00:00, 35.66it/s]
Epoch 44 [Train]:  89%|████████▊ | 1092/1231 [00:30<00:03, 35.38it/s]Epoch 44 [Train]: 100%|██████████| 1231/1231 [00:34<00:00, 35.46it/s]
Epoch 44 [Train]: 100%|█████████▉| 1228/1231 [00:34<00:00, 34.50it/s]
Epoch 44 [Train]: 100%|██████████| 1231/1231 [00:34<00:00, 35.73it/s]
Epoch 44 [Val]: 100%|██████████| 210/210 [00:04<00:00, 43.74it/s]
Epoch 44 [Val]: 100%|██████████| 210/210 [00:04<00:00, 42.10it/s]
Epoch 44: Train Loss=1.7949, Val Acc=0.7717, ρ(EU,AU)=nan
Epoch 44 [Val]: 100%|██████████| 210/210 [00:05<00:00, 41.36it/s]
Epoch 44: Train Loss=1.7584, Val Acc=0.7687, ρ(EU,AU)=nan
Epoch 45 [Train]: 100%|█████████▉| 1228/1231 [00:34<00:00, 35.45it/s]
Epoch 45 [Train]: 100%|██████████| 1231/1231 [00:34<00:00, 35.54it/s]
Epoch 45 [Train]: 100%|█████████▉| 1228/1231 [00:34<00:00, 35.43it/s]
Epoch 45 [Train]: 100%|██████████| 1231/1231 [00:34<00:00, 35.49it/s]
Epoch 45 [Val]: 100%|██████████| 210/210 [00:04<00:00, 43.93it/s]
Epoch 45 [Val]: 100%|██████████| 210/210 [00:04<00:00, 42.15it/s]
Epoch 45: Train Loss=1.8061, Val Acc=0.7735, ρ(EU,AU)=0.000
Epoch 45 [Val]: 100%|██████████| 210/210 [00:04<00:00, 43.88it/s]
Epoch 45 [Val]: 100%|██████████| 210/210 [00:04<00:00, 42.22it/s]
Epoch 45: Train Loss=1.7415, Val Acc=0.7472, ρ(EU,AU)=nan
Epoch 46 [Train]: 100%|█████████▉| 1228/1231 [00:34<00:00, 35.16it/s]
Epoch 46 [Train]: 100%|██████████| 1231/1231 [00:34<00:00, 35.28it/s]
Epoch 46 [Train]: 100%|█████████▉| 1228/1231 [00:34<00:00, 33.45it/s]
Epoch 46 [Train]: 100%|██████████| 1231/1231 [00:34<00:00, 35.26it/s]
Epoch 46 [Val]: 100%|██████████| 210/210 [00:05<00:00, 43.69it/s]
Epoch 46 [Val]: 100%|██████████| 210/210 [00:05<00:00, 41.94it/s]
Epoch 46: Train Loss=1.7892, Val Acc=0.7693, ρ(EU,AU)=nan
Epoch 46 [Val]: 100%|██████████| 210/210 [00:05<00:00, 43.72it/s]
Epoch 46 [Val]: 100%|██████████| 210/210 [00:05<00:00, 41.53it/s]
Epoch 46: Train Loss=1.7538, Val Acc=0.7448, ρ(EU,AU)=0.000
Epoch 47 [Train]: 100%|█████████▉| 1228/1231 [00:34<00:00, 35.35it/s]
Epoch 47 [Train]: 100%|██████████| 1231/1231 [00:34<00:00, 35.23it/s]
Epoch 47 [Train]: 100%|█████████▉| 1228/1231 [00:35<00:00, 35.66it/s]
Epoch 47 [Train]: 100%|██████████| 1231/1231 [00:35<00:00, 34.88it/s]
Epoch 47 [Val]: 100%|██████████| 210/210 [00:05<00:00, 43.61it/s]
Epoch 47 [Val]: 100%|██████████| 210/210 [00:05<00:00, 41.99it/s]
Epoch 47: Train Loss=1.7992, Val Acc=0.7579, ρ(EU,AU)=nan
Epoch 47 [Val]: 100%|██████████| 210/210 [00:05<00:00, 43.50it/s]
Epoch 47 [Val]: 100%|██████████| 210/210 [00:05<00:00, 41.88it/s]
Epoch 47: Train Loss=1.7285, Val Acc=0.7519, ρ(EU,AU)=nan
Epoch 48 [Train]: 100%|█████████▉| 1228/1231 [00:34<00:00, 35.27it/s]
Epoch 48 [Train]: 100%|██████████| 1231/1231 [00:34<00:00, 35.23it/s]
Epoch 48 [Train]: 100%|█████████▉| 1228/1231 [00:34<00:00, 35.53it/s]
Epoch 48 [Train]: 100%|██████████| 1231/1231 [00:34<00:00, 35.26it/s]
Epoch 48 [Val]: 100%|██████████| 210/210 [00:04<00:00, 44.05it/s]
Epoch 48 [Val]: 100%|██████████| 210/210 [00:04<00:00, 42.15it/s]
Epoch 48: Train Loss=1.7834, Val Acc=0.7567, ρ(EU,AU)=nan
Epoch 48 [Val]: 100%|██████████| 210/210 [00:05<00:00, 43.15it/s]
Epoch 48 [Val]: 100%|██████████| 210/210 [00:05<00:00, 41.93it/s]
Epoch 48: Train Loss=1.7326, Val Acc=0.7621, ρ(EU,AU)=nan
Epoch 49 [Train]: 100%|█████████▉| 1228/1231 [00:34<00:00, 35.55it/s]
Epoch 49 [Train]: 100%|██████████| 1231/1231 [00:35<00:00, 35.16it/s]
Epoch 49 [Train]: 100%|█████████▉| 1228/1231 [00:34<00:00, 36.09it/s]
Epoch 49 [Train]: 100%|██████████| 1231/1231 [00:34<00:00, 35.46it/s]
Epoch 49 [Val]: 100%|██████████| 210/210 [00:04<00:00, 43.69it/s]
Epoch 49 [Val]: 100%|██████████| 210/210 [00:04<00:00, 42.11it/s]
Epoch 49: Train Loss=1.7828, Val Acc=0.7579, ρ(EU,AU)=0.000
Epoch 49 [Val]: 100%|██████████| 210/210 [00:04<00:00, 44.05it/s]
Epoch 49 [Val]: 100%|██████████| 210/210 [00:04<00:00, 42.24it/s]
Epoch 49: Train Loss=1.7229, Val Acc=0.7496, ρ(EU,AU)=nan
Epoch 50 [Train]: 100%|█████████▉| 1228/1231 [00:34<00:00, 35.07it/s]
Epoch 50 [Train]: 100%|██████████| 1231/1231 [00:35<00:00, 35.12it/s]
Epoch 50 [Train]: 100%|█████████▉| 1228/1231 [00:34<00:00, 35.79it/s]
Epoch 50 [Train]: 100%|██████████| 1231/1231 [00:34<00:00, 35.25it/s]
Epoch 50 [Val]: 100%|██████████| 210/210 [00:05<00:00, 43.85it/s]
Epoch 50 [Val]: 100%|██████████| 210/210 [00:05<00:00, 41.83it/s]
Epoch 50: Train Loss=1.7841, Val Acc=0.7735, ρ(EU,AU)=0.000
Epoch 50 [Val]: 100%|██████████| 210/210 [00:04<00:00, 44.01it/s]
Epoch 50 [Val]: 100%|██████████| 210/210 [00:04<00:00, 42.23it/s]
Epoch 50: Train Loss=1.7160, Val Acc=0.7555, ρ(EU,AU)=nan
Epoch 51 [Train]: 100%|█████████▉| 1228/1231 [00:34<00:00, 34.90it/s]
Epoch 51 [Train]:  90%|█████████ | 1112/1231 [00:31<00:03, 35.88it/s]Epoch 51 [Train]: 100%|██████████| 1231/1231 [00:35<00:00, 35.14it/s]
Epoch 51 [Train]: 100%|█████████▉| 1228/1231 [00:34<00:00, 35.89it/s]
Epoch 51 [Val]:  64%|██████▍   | 135/210 [00:03<00:01, 41.74it/s]Epoch 51 [Train]: 100%|██████████| 1231/1231 [00:34<00:00, 35.83it/s]
Epoch 51 [Val]: 100%|██████████| 210/210 [00:05<00:00, 43.59it/s]
Epoch 51 [Val]: 100%|██████████| 210/210 [00:05<00:00, 41.89it/s]
Epoch 51: Train Loss=1.7794, Val Acc=0.7651, ρ(EU,AU)=nan
Epoch 51 [Val]: 100%|██████████| 210/210 [00:04<00:00, 43.88it/s]
Epoch 51 [Val]: 100%|██████████| 210/210 [00:04<00:00, 42.27it/s]
Epoch 51: Train Loss=1.7046, Val Acc=0.7675, ρ(EU,AU)=0.000
Epoch 52 [Train]: 100%|█████████▉| 1228/1231 [00:34<00:00, 35.13it/s]
Epoch 52 [Train]: 100%|██████████| 1231/1231 [00:34<00:00, 35.23it/s]
Epoch 52 [Train]: 100%|█████████▉| 1228/1231 [00:34<00:00, 35.47it/s]
Epoch 52 [Train]: 100%|██████████| 1231/1231 [00:34<00:00, 35.50it/s]
Epoch 52 [Val]: 100%|██████████| 210/210 [00:05<00:00, 43.64it/s]
Epoch 52 [Val]: 100%|██████████| 210/210 [00:05<00:00, 41.88it/s]
Epoch 52: Train Loss=1.7664, Val Acc=0.7585, ρ(EU,AU)=0.000
Epoch 52 [Val]: 100%|██████████| 210/210 [00:04<00:00, 43.85it/s]
Epoch 52 [Val]: 100%|██████████| 210/210 [00:04<00:00, 42.14it/s]
Epoch 52: Train Loss=1.6932, Val Acc=0.7579, ρ(EU,AU)=nan
Epoch 53 [Train]: 100%|█████████▉| 1228/1231 [00:35<00:00, 33.21it/s]
Epoch 53 [Train]: 100%|██████████| 1231/1231 [00:35<00:00, 34.30it/s]
Epoch 53 [Train]: 100%|█████████▉| 1228/1231 [00:34<00:00, 34.40it/s]
Epoch 53 [Train]: 100%|██████████| 1231/1231 [00:34<00:00, 35.34it/s]
Epoch 53 [Val]: 100%|██████████| 210/210 [00:05<00:00, 42.79it/s]
Epoch 53 [Val]: 100%|██████████| 210/210 [00:05<00:00, 41.00it/s]
Epoch 53: Train Loss=1.7612, Val Acc=0.7747, ρ(EU,AU)=0.000
Epoch 53 [Val]: 100%|██████████| 210/210 [00:05<00:00, 43.98it/s]
Epoch 53 [Val]: 100%|██████████| 210/210 [00:05<00:00, 41.61it/s]
Epoch 53: Train Loss=1.6995, Val Acc=0.7448, ρ(EU,AU)=nan
Epoch 54 [Train]: 100%|█████████▉| 1228/1231 [00:35<00:00, 35.28it/s]
Epoch 54 [Train]:  97%|█████████▋| 1188/1231 [00:33<00:01, 34.83it/s]Epoch 54 [Train]: 100%|██████████| 1231/1231 [00:35<00:00, 34.68it/s]
Epoch 54 [Train]: 100%|█████████▉| 1228/1231 [00:34<00:00, 34.45it/s]
Epoch 54 [Train]: 100%|██████████| 1231/1231 [00:34<00:00, 35.24it/s]
Epoch 54 [Val]: 100%|██████████| 210/210 [00:05<00:00, 43.92it/s]
Epoch 54 [Val]: 100%|██████████| 210/210 [00:05<00:00, 41.98it/s]
Epoch 54: Train Loss=1.7597, Val Acc=0.7705, ρ(EU,AU)=0.000
Epoch 54 [Val]: 100%|██████████| 210/210 [00:04<00:00, 43.90it/s]
Epoch 54 [Val]: 100%|██████████| 210/210 [00:04<00:00, 42.15it/s]
Epoch 54: Train Loss=1.6677, Val Acc=0.7561, ρ(EU,AU)=nan
Epoch 55 [Train]: 100%|█████████▉| 1228/1231 [00:35<00:00, 35.30it/s]
Epoch 55 [Train]: 100%|██████████| 1231/1231 [00:35<00:00, 35.03it/s]
Epoch 55 [Train]: 100%|█████████▉| 1228/1231 [00:35<00:00, 34.92it/s]
Epoch 55 [Train]: 100%|██████████| 1231/1231 [00:35<00:00, 34.89it/s]
Epoch 55 [Val]: 100%|██████████| 210/210 [00:05<00:00, 43.63it/s]
Epoch 55 [Val]: 100%|██████████| 210/210 [00:05<00:00, 41.77it/s]
Epoch 55: Train Loss=1.7559, Val Acc=0.7699, ρ(EU,AU)=nan
Epoch 55 [Val]: 100%|██████████| 210/210 [00:04<00:00, 43.68it/s]Epoch 55 [Val]: 100%|██████████| 210/210 [00:04<00:00, 42.00it/s]
Epoch 55: Train Loss=1.6838, Val Acc=0.7442, ρ(EU,AU)=nan
Epoch 56 [Train]: 100%|█████████▉| 1228/1231 [00:34<00:00, 34.32it/s]
Epoch 56 [Train]: 100%|██████████| 1231/1231 [00:34<00:00, 35.25it/s]
Epoch 56 [Train]: 100%|█████████▉| 1228/1231 [00:34<00:00, 35.37it/s]
Epoch 56 [Train]: 100%|██████████| 1231/1231 [00:34<00:00, 35.28it/s]
Epoch 56 [Val]: 100%|██████████| 210/210 [00:05<00:00, 43.38it/s]
Epoch 56 [Val]: 100%|██████████| 210/210 [00:05<00:00, 41.91it/s]
Epoch 56: Train Loss=1.7274, Val Acc=0.7687, ρ(EU,AU)=0.000
Epoch 56 [Val]: 100%|██████████| 210/210 [00:04<00:00, 43.89it/s]
Epoch 56 [Val]: 100%|██████████| 210/210 [00:04<00:00, 42.12it/s]
Epoch 56: Train Loss=1.6852, Val Acc=0.7519, ρ(EU,AU)=0.000
Epoch 57 [Train]: 100%|█████████▉| 1228/1231 [00:35<00:00, 35.00it/s]
Epoch 57 [Train]: 100%|██████████| 1231/1231 [00:35<00:00, 34.82it/s]
Epoch 57 [Train]: 100%|█████████▉| 1228/1231 [00:34<00:00, 35.59it/s]
Epoch 57 [Train]: 100%|██████████| 1231/1231 [00:34<00:00, 35.72it/s]
Epoch 57 [Val]: 100%|██████████| 210/210 [00:05<00:00, 43.45it/s]
Epoch 57 [Val]: 100%|██████████| 210/210 [00:05<00:00, 41.92it/s]
Epoch 57: Train Loss=1.7396, Val Acc=0.7681, ρ(EU,AU)=nan
Epoch 57 [Val]: 100%|██████████| 210/210 [00:04<00:00, 43.99it/s]
Epoch 57 [Val]: 100%|██████████| 210/210 [00:04<00:00, 42.16it/s]
Epoch 57: Train Loss=1.6647, Val Acc=0.7507, ρ(EU,AU)=nan
Epoch 58 [Train]: 100%|█████████▉| 1228/1231 [00:34<00:00, 35.62it/s]
Epoch 58 [Train]:  95%|█████████▍| 1168/1231 [00:34<00:01, 34.73it/s]Epoch 58 [Train]: 100%|██████████| 1231/1231 [00:34<00:00, 35.37it/s]
Epoch 58 [Train]: 100%|█████████▉| 1228/1231 [00:36<00:00, 34.64it/s]
Epoch 58 [Train]: 100%|██████████| 1231/1231 [00:36<00:00, 34.01it/s]
Epoch 58 [Val]: 100%|██████████| 210/210 [00:04<00:00, 43.90it/s]
Epoch 58 [Val]: 100%|██████████| 210/210 [00:04<00:00, 42.10it/s]
Epoch 58: Train Loss=1.7437, Val Acc=0.7657, ρ(EU,AU)=nan
Epoch 58 [Val]: 100%|██████████| 210/210 [00:04<00:00, 43.74it/s]
Epoch 58 [Val]: 100%|██████████| 210/210 [00:04<00:00, 42.13it/s]
Epoch 58: Train Loss=1.6583, Val Acc=0.7573, ρ(EU,AU)=nan
Epoch 59 [Train]: 100%|█████████▉| 1228/1231 [00:34<00:00, 35.57it/s]Epoch 59 [Train]: 100%|██████████| 1231/1231 [00:34<00:00, 35.50it/s]
Epoch 59 [Train]: 100%|█████████▉| 1228/1231 [00:34<00:00, 35.94it/s]
Epoch 59 [Train]: 100%|██████████| 1231/1231 [00:34<00:00, 35.39it/s]
Epoch 59 [Val]: 100%|██████████| 210/210 [00:04<00:00, 43.86it/s]
Epoch 59 [Val]: 100%|██████████| 210/210 [00:04<00:00, 42.08it/s]
Epoch 59: Train Loss=1.7176, Val Acc=0.7549, ρ(EU,AU)=nan
Epoch 59 [Val]: 100%|██████████| 210/210 [00:04<00:00, 42.69it/s]
Epoch 59 [Val]: 100%|██████████| 210/210 [00:04<00:00, 42.06it/s]
Epoch 59: Train Loss=1.6586, Val Acc=0.7627, ρ(EU,AU)=nan
Epoch 60 [Train]: 100%|█████████▉| 1228/1231 [00:34<00:00, 33.63it/s]
Epoch 60 [Train]: 100%|██████████| 1231/1231 [00:34<00:00, 35.34it/s]
Epoch 60 [Train]: 100%|█████████▉| 1228/1231 [00:35<00:00, 34.22it/s]
Epoch 60 [Train]: 100%|██████████| 1231/1231 [00:35<00:00, 34.42it/s]
Epoch 60 [Val]: 100%|██████████| 210/210 [00:05<00:00, 43.55it/s]Epoch 60 [Val]: 100%|██████████| 210/210 [00:05<00:00, 41.28it/s]
Epoch 60: Train Loss=1.7110, Val Acc=0.7753, ρ(EU,AU)=nan
Epoch 60 [Val]: 100%|██████████| 210/210 [00:05<00:00, 43.06it/s]
Epoch 60 [Val]: 100%|██████████| 210/210 [00:05<00:00, 41.73it/s]
Epoch 60: Train Loss=1.6542, Val Acc=0.7579, ρ(EU,AU)=nan
Epoch 61 [Train]: 100%|█████████▉| 1228/1231 [00:34<00:00, 35.16it/s]
Epoch 61 [Train]: 100%|██████████| 1231/1231 [00:34<00:00, 35.26it/s]
Epoch 61 [Train]: 100%|█████████▉| 1228/1231 [00:34<00:00, 35.14it/s]
Epoch 61 [Train]: 100%|██████████| 1231/1231 [00:35<00:00, 35.12it/s]
Epoch 61 [Val]: 100%|██████████| 210/210 [00:05<00:00, 43.40it/s]
Epoch 61 [Val]: 100%|██████████| 210/210 [00:05<00:00, 41.85it/s]
Epoch 61: Train Loss=1.6999, Val Acc=0.7537, ρ(EU,AU)=nan
Epoch 61 [Val]: 100%|██████████| 210/210 [00:05<00:00, 43.60it/s]
Epoch 61 [Val]: 100%|██████████| 210/210 [00:05<00:00, 41.88it/s]
Epoch 61: Train Loss=1.6539, Val Acc=0.7519, ρ(EU,AU)=nan
Epoch 62 [Train]: 100%|█████████▉| 1228/1231 [00:34<00:00, 35.36it/s]
Epoch 62 [Train]: 100%|██████████| 1231/1231 [00:34<00:00, 35.24it/s]
Epoch 62 [Train]: 100%|█████████▉| 1228/1231 [00:35<00:00, 34.72it/s]
Epoch 62 [Train]: 100%|██████████| 1231/1231 [00:35<00:00, 34.50it/s]
Epoch 62 [Val]: 100%|██████████| 210/210 [00:05<00:00, 43.61it/s]
Epoch 62 [Val]: 100%|██████████| 210/210 [00:05<00:00, 41.92it/s]
Epoch 62: Train Loss=1.7206, Val Acc=0.7788, ρ(EU,AU)=nan
  ✓ New best model saved!
Epoch 62 [Val]: 100%|██████████| 210/210 [00:04<00:00, 43.93it/s]
Epoch 62 [Val]: 100%|██████████| 210/210 [00:04<00:00, 42.04it/s]
Epoch 62: Train Loss=1.6383, Val Acc=0.7555, ρ(EU,AU)=nan
Epoch 63 [Train]: 100%|█████████▉| 1228/1231 [00:34<00:00, 35.37it/s]
Epoch 63 [Train]: 100%|██████████| 1231/1231 [00:34<00:00, 35.33it/s]
Epoch 63 [Train]: 100%|█████████▉| 1228/1231 [00:34<00:00, 35.84it/s]
Epoch 63 [Train]: 100%|██████████| 1231/1231 [00:34<00:00, 35.69it/s]
Epoch 63 [Val]: 100%|██████████| 210/210 [00:05<00:00, 43.30it/s]
Epoch 63 [Val]: 100%|██████████| 210/210 [00:05<00:00, 41.35it/s]
Epoch 63: Train Loss=1.6993, Val Acc=0.7466, ρ(EU,AU)=0.000
Epoch 63 [Val]: 100%|██████████| 210/210 [00:04<00:00, 43.92it/s]
Epoch 63 [Val]: 100%|██████████| 210/210 [00:04<00:00, 42.18it/s]
Epoch 63: Train Loss=1.6230, Val Acc=0.7633, ρ(EU,AU)=nan
Epoch 64 [Train]: 100%|█████████▉| 1228/1231 [00:35<00:00, 35.15it/s]
Epoch 64 [Train]: 100%|██████████| 1231/1231 [00:35<00:00, 34.77it/s]
Epoch 64 [Train]: 100%|█████████▉| 1228/1231 [00:34<00:00, 35.95it/s]
Epoch 64 [Train]: 100%|██████████| 1231/1231 [00:34<00:00, 35.23it/s]
Epoch 64 [Val]: 100%|██████████| 210/210 [00:05<00:00, 43.37it/s]
Epoch 64 [Val]: 100%|██████████| 210/210 [00:05<00:00, 41.61it/s]
Epoch 64: Train Loss=1.6758, Val Acc=0.7770, ρ(EU,AU)=0.000
Epoch 64 [Val]: 100%|██████████| 210/210 [00:04<00:00, 44.11it/s]
Epoch 64 [Val]: 100%|██████████| 210/210 [00:04<00:00, 42.08it/s]
Epoch 64: Train Loss=1.6342, Val Acc=0.7615, ρ(EU,AU)=nan
Epoch 65 [Train]: 100%|█████████▉| 1228/1231 [00:35<00:00, 34.67it/s]
Epoch 65 [Train]: 100%|██████████| 1231/1231 [00:35<00:00, 34.80it/s]
Epoch 65 [Train]: 100%|█████████▉| 1228/1231 [00:34<00:00, 35.88it/s]
Epoch 65 [Val]:  31%|███       | 65/210 [00:01<00:03, 41.11it/s]Epoch 65 [Train]: 100%|██████████| 1231/1231 [00:34<00:00, 35.50it/s]
Epoch 65 [Val]: 100%|██████████| 210/210 [00:05<00:00, 43.30it/s]
Epoch 65 [Val]: 100%|██████████| 210/210 [00:05<00:00, 41.55it/s]
Epoch 65: Train Loss=1.6831, Val Acc=0.7729, ρ(EU,AU)=nan
Epoch 65 [Val]: 100%|██████████| 210/210 [00:05<00:00, 44.02it/s]
Epoch 65 [Val]: 100%|██████████| 210/210 [00:05<00:00, 41.91it/s]
Epoch 65: Train Loss=1.6165, Val Acc=0.7549, ρ(EU,AU)=nan
Epoch 66 [Train]: 100%|█████████▉| 1228/1231 [00:35<00:00, 34.76it/s]
Epoch 66 [Train]: 100%|██████████| 1231/1231 [00:35<00:00, 34.96it/s]
Epoch 66 [Train]: 100%|█████████▉| 1228/1231 [00:34<00:00, 35.73it/s]
Epoch 66 [Train]: 100%|██████████| 1231/1231 [00:34<00:00, 35.44it/s]
Epoch 66 [Val]: 100%|██████████| 210/210 [00:05<00:00, 43.20it/s]
Epoch 66 [Val]: 100%|██████████| 210/210 [00:05<00:00, 41.62it/s]
Epoch 66: Train Loss=1.6794, Val Acc=0.7621, ρ(EU,AU)=nan
Epoch 66 [Val]: 100%|██████████| 210/210 [00:04<00:00, 42.20it/s]
Epoch 66: Train Loss=1.5981, Val Acc=0.7543, ρ(EU,AU)=nan
Epoch 67 [Train]: 100%|█████████▉| 1228/1231 [00:34<00:00, 35.88it/s]
Epoch 67 [Train]: 100%|██████████| 1231/1231 [00:34<00:00, 35.89it/s]
Epoch 67 [Train]: 100%|█████████▉| 1228/1231 [00:35<00:00, 34.34it/s]
Epoch 67 [Train]: 100%|██████████| 1231/1231 [00:35<00:00, 34.62it/s]
Epoch 67 [Val]: 100%|██████████| 210/210 [00:04<00:00, 43.87it/s]
Epoch 67 [Val]: 100%|██████████| 210/210 [00:04<00:00, 42.23it/s]
Epoch 67: Train Loss=1.6150, Val Acc=0.7543, ρ(EU,AU)=nan
Epoch 67 [Val]: 100%|██████████| 210/210 [00:05<00:00, 43.12it/s]
Epoch 67 [Val]: 100%|██████████| 210/210 [00:05<00:00, 41.27it/s]
Epoch 67: Train Loss=1.6681, Val Acc=0.7770, ρ(EU,AU)=nan
Epoch 68 [Train]: 100%|█████████▉| 1228/1231 [00:34<00:00, 35.93it/s]
Epoch 68 [Train]: 100%|██████████| 1231/1231 [00:34<00:00, 35.75it/s]
Epoch 68 [Train]: 100%|█████████▉| 1228/1231 [00:35<00:00, 35.16it/s]
Epoch 68 [Train]: 100%|██████████| 1231/1231 [00:35<00:00, 34.51it/s]
Epoch 68 [Val]: 100%|██████████| 210/210 [00:04<00:00, 44.07it/s]
Epoch 68 [Val]: 100%|██████████| 210/210 [00:04<00:00, 42.27it/s]
Epoch 68: Train Loss=1.6165, Val Acc=0.7597, ρ(EU,AU)=nan
Epoch 68 [Val]: 100%|██████████| 210/210 [00:05<00:00, 43.39it/s]
Epoch 68 [Val]: 100%|██████████| 210/210 [00:05<00:00, 41.66it/s]
Epoch 68: Train Loss=1.6781, Val Acc=0.7687, ρ(EU,AU)=nan
Epoch 69 [Train]: 100%|█████████▉| 1228/1231 [00:34<00:00, 35.70it/s]
Epoch 69 [Train]: 100%|██████████| 1231/1231 [00:34<00:00, 35.89it/s]
Epoch 69 [Train]: 100%|█████████▉| 1228/1231 [00:35<00:00, 35.19it/s]
Epoch 69 [Train]: 100%|██████████| 1231/1231 [00:35<00:00, 34.87it/s]
Epoch 69 [Val]: 100%|██████████| 210/210 [00:04<00:00, 43.99it/s]
Epoch 69 [Val]: 100%|██████████| 210/210 [00:04<00:00, 42.25it/s]
Epoch 69: Train Loss=1.5950, Val Acc=0.7585, ρ(EU,AU)=0.000
Epoch 69 [Val]: 100%|██████████| 210/210 [00:05<00:00, 43.31it/s]
Epoch 69 [Val]: 100%|██████████| 210/210 [00:05<00:00, 41.54it/s]
Epoch 69: Train Loss=1.6500, Val Acc=0.7669, ρ(EU,AU)=nan
Epoch 70 [Train]: 100%|█████████▉| 1228/1231 [00:34<00:00, 34.79it/s]
Epoch 70 [Train]: 100%|██████████| 1231/1231 [00:34<00:00, 35.56it/s]
Epoch 70 [Train]: 100%|█████████▉| 1228/1231 [00:35<00:00, 34.94it/s]
Epoch 70 [Train]: 100%|██████████| 1231/1231 [00:35<00:00, 34.83it/s]
Epoch 70 [Val]: 100%|██████████| 210/210 [00:04<00:00, 44.00it/s]
Epoch 70 [Val]: 100%|██████████| 210/210 [00:04<00:00, 42.18it/s]
Epoch 70: Train Loss=1.5841, Val Acc=0.7543, ρ(EU,AU)=nan
Epoch 70 [Val]: 100%|██████████| 210/210 [00:05<00:00, 43.30it/s]
Epoch 70 [Val]: 100%|██████████| 210/210 [00:05<00:00, 41.64it/s]
Epoch 70: Train Loss=1.6602, Val Acc=0.7603, ρ(EU,AU)=nan
Epoch 71 [Train]: 100%|█████████▉| 1228/1231 [00:34<00:00, 34.42it/s]
Epoch 71 [Train]: 100%|██████████| 1231/1231 [00:34<00:00, 35.44it/s]
Epoch 71 [Train]: 100%|█████████▉| 1228/1231 [00:35<00:00, 34.43it/s]
Epoch 71 [Train]: 100%|██████████| 1231/1231 [00:35<00:00, 34.41it/s]
Epoch 71 [Val]: 100%|██████████| 210/210 [00:05<00:00, 43.89it/s]
Epoch 71 [Val]: 100%|██████████| 210/210 [00:05<00:00, 41.84it/s]
Epoch 71: Train Loss=1.5989, Val Acc=0.7687, ρ(EU,AU)=nan
Epoch 71 [Val]: 100%|██████████| 210/210 [00:05<00:00, 42.85it/s]
Epoch 71 [Val]: 100%|██████████| 210/210 [00:05<00:00, 41.38it/s]
Epoch 71: Train Loss=1.6575, Val Acc=0.7681, ρ(EU,AU)=nan
Epoch 72 [Train]: 100%|█████████▉| 1228/1231 [00:34<00:00, 34.09it/s]
Epoch 72 [Train]: 100%|██████████| 1231/1231 [00:34<00:00, 35.30it/s]
Epoch 72 [Val]: 100%|██████████| 210/210 [00:05<00:00, 42.32it/s]
Epoch 72 [Val]: 100%|██████████| 210/210 [00:05<00:00, 40.77it/s]
Epoch 72: Train Loss=1.5741, Val Acc=0.7633, ρ(EU,AU)=nan
Epoch 72 [Train]: 100%|█████████▉| 1228/1231 [00:35<00:00, 35.16it/s]
Epoch 72 [Train]: 100%|██████████| 1231/1231 [00:35<00:00, 34.65it/s]
Epoch 72 [Val]: 100%|██████████| 210/210 [00:05<00:00, 43.31it/s]
Epoch 72 [Val]: 100%|██████████| 210/210 [00:05<00:00, 41.60it/s]
Epoch 72: Train Loss=1.6533, Val Acc=0.7609, ρ(EU,AU)=0.000
Epoch 73 [Train]: 100%|█████████▉| 1228/1231 [00:36<00:00, 34.88it/s]
Epoch 73 [Train]: 100%|██████████| 1231/1231 [00:36<00:00, 33.87it/s]
Epoch 73 [Train]: 100%|█████████▉| 1228/1231 [00:35<00:00, 35.07it/s]
Epoch 73 [Train]: 100%|██████████| 1231/1231 [00:35<00:00, 35.02it/s]
Epoch 73 [Val]: 100%|██████████| 210/210 [00:04<00:00, 43.80it/s]
Epoch 73 [Val]: 100%|██████████| 210/210 [00:04<00:00, 42.09it/s]
Epoch 73: Train Loss=1.5707, Val Acc=0.7615, ρ(EU,AU)=nan
Epoch 73 [Val]: 100%|██████████| 210/210 [00:05<00:00, 41.77it/s]
Epoch 73 [Val]: 100%|██████████| 210/210 [00:05<00:00, 41.10it/s]
Epoch 73: Train Loss=1.6448, Val Acc=0.7711, ρ(EU,AU)=nan
Epoch 74 [Train]: 100%|█████████▉| 1228/1231 [00:34<00:00, 35.15it/s]
Epoch 74 [Train]: 100%|██████████| 1231/1231 [00:35<00:00, 35.17it/s]
Epoch 74 [Train]: 100%|█████████▉| 1228/1231 [00:35<00:00, 35.36it/s]
Epoch 74 [Train]: 100%|██████████| 1231/1231 [00:35<00:00, 34.98it/s]
Epoch 74 [Val]: 100%|██████████| 210/210 [00:04<00:00, 43.93it/s]Epoch 74 [Val]: 100%|██████████| 210/210 [00:04<00:00, 42.07it/s]
Epoch 74: Train Loss=1.5728, Val Acc=0.7597, ρ(EU,AU)=nan
Epoch 74 [Val]: 100%|██████████| 210/210 [00:05<00:00, 43.15it/s]
Epoch 74 [Val]: 100%|██████████| 210/210 [00:05<00:00, 41.38it/s]
Epoch 74: Train Loss=1.6334, Val Acc=0.7525, ρ(EU,AU)=nan
Epoch 75 [Train]: 100%|█████████▉| 1228/1231 [00:34<00:00, 35.36it/s]
Epoch 75 [Train]: 100%|██████████| 1231/1231 [00:34<00:00, 35.28it/s]
Epoch 75 [Val]: 100%|██████████| 210/210 [00:04<00:00, 43.65it/s]
Epoch 75 [Val]: 100%|██████████| 210/210 [00:04<00:00, 42.01it/s]
Epoch 75: Train Loss=1.5573, Val Acc=0.7561, ρ(EU,AU)=nan
Epoch 75 [Train]: 100%|█████████▉| 1228/1231 [00:35<00:00, 34.99it/s]
Epoch 75 [Train]: 100%|██████████| 1231/1231 [00:35<00:00, 34.54it/s]
Epoch 75 [Val]: 100%|██████████| 210/210 [00:05<00:00, 43.37it/s]
Epoch 75 [Val]: 100%|██████████| 210/210 [00:05<00:00, 41.72it/s]
Epoch 75: Train Loss=1.6354, Val Acc=0.7693, ρ(EU,AU)=nan
Epoch 76 [Train]: 100%|█████████▉| 1228/1231 [00:34<00:00, 35.08it/s]
Epoch 76 [Train]:  85%|████████▍ | 1044/1231 [00:29<00:05, 35.05it/s]Epoch 76 [Train]: 100%|██████████| 1231/1231 [00:35<00:00, 35.17it/s]
Epoch 76 [Val]: 100%|██████████| 210/210 [00:05<00:00, 43.51it/s]
Epoch 76 [Val]: 100%|██████████| 210/210 [00:05<00:00, 41.90it/s]
Epoch 76: Train Loss=1.5530, Val Acc=0.7591, ρ(EU,AU)=nan
Epoch 76 [Train]: 100%|█████████▉| 1228/1231 [00:35<00:00, 34.35it/s]
Epoch 76 [Train]: 100%|██████████| 1231/1231 [00:35<00:00, 34.97it/s]
Epoch 76 [Val]: 100%|██████████| 210/210 [00:05<00:00, 42.98it/s]
Epoch 76 [Val]: 100%|██████████| 210/210 [00:05<00:00, 41.18it/s]
Epoch 76: Train Loss=1.6280, Val Acc=0.7747, ρ(EU,AU)=0.000
Epoch 77 [Train]: 100%|█████████▉| 1228/1231 [00:35<00:00, 34.89it/s]
Epoch 77 [Train]: 100%|██████████| 1231/1231 [00:35<00:00, 34.95it/s]
Epoch 77 [Val]: 100%|██████████| 210/210 [00:05<00:00, 42.83it/s]
Epoch 77 [Val]: 100%|██████████| 210/210 [00:05<00:00, 41.60it/s]
Epoch 77: Train Loss=1.5470, Val Acc=0.7549, ρ(EU,AU)=nan
Epoch 77 [Train]: 100%|█████████▉| 1228/1231 [00:35<00:00, 35.28it/s]
Epoch 77 [Train]: 100%|██████████| 1231/1231 [00:35<00:00, 34.73it/s]
Epoch 77 [Val]: 100%|██████████| 210/210 [00:05<00:00, 43.57it/s]
Epoch 77 [Val]: 100%|██████████| 210/210 [00:05<00:00, 41.80it/s]
Epoch 77: Train Loss=1.6183, Val Acc=0.7663, ρ(EU,AU)=0.000
Epoch 78 [Train]: 100%|█████████▉| 1228/1231 [00:35<00:00, 34.91it/s]
Epoch 78 [Train]: 100%|██████████| 1231/1231 [00:35<00:00, 34.72it/s]
Epoch 78 [Val]: 100%|██████████| 210/210 [00:05<00:00, 43.59it/s]
Epoch 78 [Val]: 100%|██████████| 210/210 [00:05<00:00, 41.83it/s]
Epoch 78: Train Loss=1.5514, Val Acc=0.7549, ρ(EU,AU)=0.000
Epoch 78 [Train]: 100%|█████████▉| 1228/1231 [00:35<00:00, 34.12it/s]
Epoch 78 [Train]: 100%|██████████| 1231/1231 [00:35<00:00, 34.65it/s]
Epoch 78 [Val]: 100%|██████████| 210/210 [00:05<00:00, 43.45it/s]
Epoch 78 [Val]: 100%|██████████| 210/210 [00:05<00:00, 41.36it/s]
Epoch 78: Train Loss=1.6189, Val Acc=0.7645, ρ(EU,AU)=nan
Epoch 79 [Train]: 100%|█████████▉| 1228/1231 [00:35<00:00, 35.01it/s]
Epoch 79 [Train]: 100%|██████████| 1231/1231 [00:35<00:00, 34.87it/s]
Epoch 79 [Val]: 100%|██████████| 210/210 [00:05<00:00, 43.61it/s]
Epoch 79 [Val]: 100%|██████████| 210/210 [00:05<00:00, 41.85it/s]
Epoch 79: Train Loss=1.5346, Val Acc=0.7454, ρ(EU,AU)=0.000
Epoch 79 [Train]: 100%|█████████▉| 1228/1231 [00:35<00:00, 34.76it/s]
Epoch 79 [Train]: 100%|██████████| 1231/1231 [00:35<00:00, 34.62it/s]
Epoch 79 [Val]: 100%|██████████| 210/210 [00:05<00:00, 42.07it/s]
Epoch 79 [Val]: 100%|██████████| 210/210 [00:05<00:00, 41.31it/s]
Epoch 79: Train Loss=1.6106, Val Acc=0.7699, ρ(EU,AU)=0.000
Epoch 80 [Train]: 100%|█████████▉| 1228/1231 [00:35<00:00, 34.95it/s]
Epoch 80 [Train]: 100%|██████████| 1231/1231 [00:35<00:00, 34.99it/s]
Epoch 80 [Val]: 100%|██████████| 210/210 [00:05<00:00, 43.28it/s]
Epoch 80 [Val]: 100%|██████████| 210/210 [00:05<00:00, 41.61it/s]
Epoch 80: Train Loss=1.5196, Val Acc=0.7519, ρ(EU,AU)=nan
Epoch 80 [Train]: 100%|█████████▉| 1228/1231 [00:35<00:00, 34.17it/s]
Epoch 80 [Train]: 100%|██████████| 1231/1231 [00:35<00:00, 34.62it/s]
Epoch 80 [Val]: 100%|██████████| 210/210 [00:05<00:00, 43.20it/s]Epoch 80 [Val]: 100%|██████████| 210/210 [00:05<00:00, 41.38it/s]
Epoch 80: Train Loss=1.6012, Val Acc=0.7627, ρ(EU,AU)=nan
Epoch 81 [Train]: 100%|█████████▉| 1228/1231 [00:35<00:00, 35.22it/s]
Epoch 81 [Train]: 100%|██████████| 1231/1231 [00:35<00:00, 34.83it/s]
Epoch 81 [Val]: 100%|██████████| 210/210 [00:05<00:00, 43.30it/s]
Epoch 81 [Val]: 100%|██████████| 210/210 [00:05<00:00, 41.73it/s]
Epoch 81: Train Loss=1.5186, Val Acc=0.7573, ρ(EU,AU)=nan
Epoch 81 [Train]: 100%|█████████▉| 1228/1231 [00:35<00:00, 35.22it/s]
Epoch 81 [Train]: 100%|██████████| 1231/1231 [00:35<00:00, 34.92it/s]
Epoch 81 [Val]: 100%|██████████| 210/210 [00:05<00:00, 42.86it/s]
Epoch 81 [Val]: 100%|██████████| 210/210 [00:05<00:00, 41.25it/s]
Epoch 81: Train Loss=1.6010, Val Acc=0.7723, ρ(EU,AU)=nan
Epoch 82 [Train]: 100%|█████████▉| 1228/1231 [00:35<00:00, 34.55it/s]
Epoch 82 [Train]: 100%|██████████| 1231/1231 [00:35<00:00, 34.55it/s]
Epoch 82 [Val]: 100%|██████████| 210/210 [00:05<00:00, 43.01it/s]
Epoch 82 [Val]: 100%|██████████| 210/210 [00:05<00:00, 41.50it/s]
Epoch 82: Train Loss=1.5238, Val Acc=0.7555, ρ(EU,AU)=nan
Epoch 82 [Train]: 100%|█████████▉| 1228/1231 [00:35<00:00, 35.33it/s]
Epoch 82 [Train]: 100%|██████████| 1231/1231 [00:35<00:00, 34.68it/s]
Epoch 82 [Val]: 100%|██████████| 210/210 [00:05<00:00, 43.17it/s]
Epoch 82 [Val]: 100%|██████████| 210/210 [00:05<00:00, 41.46it/s]
Epoch 82: Train Loss=1.6102, Val Acc=0.7693, ρ(EU,AU)=nan
Epoch 83 [Train]: 100%|█████████▉| 1228/1231 [00:35<00:00, 34.71it/s]
Epoch 83 [Train]: 100%|██████████| 1231/1231 [00:35<00:00, 34.56it/s]
Epoch 83 [Val]: 100%|██████████| 210/210 [00:05<00:00, 43.35it/s]
Epoch 83 [Val]: 100%|██████████| 210/210 [00:05<00:00, 41.66it/s]
Epoch 83: Train Loss=1.5070, Val Acc=0.7567, ρ(EU,AU)=nan
Epoch 83 [Train]: 100%|█████████▉| 1228/1231 [00:35<00:00, 34.80it/s]
Epoch 83 [Train]: 100%|██████████| 1231/1231 [00:35<00:00, 34.92it/s]
Epoch 83 [Val]: 100%|██████████| 210/210 [00:05<00:00, 43.12it/s]
Epoch 83 [Val]: 100%|██████████| 210/210 [00:05<00:00, 41.64it/s]
Epoch 83: Train Loss=1.5951, Val Acc=0.7687, ρ(EU,AU)=nan
Epoch 84 [Train]: 100%|█████████▉| 1228/1231 [00:35<00:00, 34.54it/s]
Epoch 84 [Train]: 100%|██████████| 1231/1231 [00:35<00:00, 34.68it/s]
Epoch 84 [Val]: 100%|██████████| 210/210 [00:05<00:00, 42.71it/s]
Epoch 84 [Val]: 100%|██████████| 210/210 [00:05<00:00, 41.49it/s]
Epoch 84: Train Loss=1.5096, Val Acc=0.7531, ρ(EU,AU)=0.000
Epoch 84 [Train]: 100%|█████████▉| 1228/1231 [00:35<00:00, 34.75it/s]
Epoch 84 [Train]: 100%|██████████| 1231/1231 [00:35<00:00, 34.62it/s]
Epoch 84 [Val]: 100%|██████████| 210/210 [00:05<00:00, 43.22it/s]
Epoch 84 [Val]: 100%|██████████| 210/210 [00:05<00:00, 41.62it/s]
Epoch 84: Train Loss=1.5904, Val Acc=0.7687, ρ(EU,AU)=nan
Epoch 85 [Train]: 100%|█████████▉| 1228/1231 [00:35<00:00, 35.05it/s]
Epoch 85 [Train]: 100%|██████████| 1231/1231 [00:35<00:00, 34.64it/s]
Epoch 85 [Val]: 100%|██████████| 210/210 [00:05<00:00, 43.67it/s]
Epoch 85 [Val]: 100%|██████████| 210/210 [00:05<00:00, 41.94it/s]
Epoch 85: Train Loss=1.5048, Val Acc=0.7537, ρ(EU,AU)=nan
Epoch 85 [Train]: 100%|█████████▉| 1228/1231 [00:35<00:00, 34.45it/s]
Epoch 85 [Train]: 100%|██████████| 1231/1231 [00:35<00:00, 34.54it/s]
Epoch 85 [Val]: 100%|██████████| 210/210 [00:05<00:00, 43.00it/s]
Epoch 85 [Val]: 100%|██████████| 210/210 [00:05<00:00, 41.37it/s]
Epoch 85: Train Loss=1.5855, Val Acc=0.7711, ρ(EU,AU)=nan
Epoch 86 [Train]: 100%|█████████▉| 1228/1231 [00:34<00:00, 35.06it/s]
Epoch 86 [Train]: 100%|██████████| 1231/1231 [00:35<00:00, 35.16it/s]
Epoch 86 [Val]: 100%|██████████| 210/210 [00:05<00:00, 43.48it/s]
Epoch 86 [Val]: 100%|██████████| 210/210 [00:05<00:00, 41.85it/s]
Epoch 86: Train Loss=1.5083, Val Acc=0.7561, ρ(EU,AU)=nan
Epoch 86 [Train]: 100%|█████████▉| 1228/1231 [00:35<00:00, 34.30it/s]
Epoch 86 [Train]: 100%|██████████| 1231/1231 [00:35<00:00, 34.62it/s]
Epoch 86 [Val]: 100%|██████████| 210/210 [00:05<00:00, 43.39it/s]
Epoch 86 [Val]: 100%|██████████| 210/210 [00:05<00:00, 41.61it/s]
Epoch 86: Train Loss=1.5594, Val Acc=0.7681, ρ(EU,AU)=nan
Epoch 87 [Train]: 100%|█████████▉| 1228/1231 [00:34<00:00, 34.73it/s]
Epoch 87 [Train]: 100%|██████████| 1231/1231 [00:34<00:00, 35.18it/s]
Epoch 87 [Val]: 100%|██████████| 210/210 [00:05<00:00, 43.53it/s]
Epoch 87 [Val]: 100%|██████████| 210/210 [00:05<00:00, 41.74it/s]
Epoch 87: Train Loss=1.5021, Val Acc=0.7603, ρ(EU,AU)=nan
Epoch 87 [Train]: 100%|█████████▉| 1228/1231 [00:35<00:00, 33.92it/s]
Epoch 87 [Train]: 100%|██████████| 1231/1231 [00:36<00:00, 34.14it/s]
Epoch 87 [Val]: 100%|██████████| 210/210 [00:05<00:00, 42.73it/s]
Epoch 87 [Val]: 100%|██████████| 210/210 [00:05<00:00, 41.34it/s]
Epoch 87: Train Loss=1.5769, Val Acc=0.7657, ρ(EU,AU)=0.000
Epoch 88 [Train]: 100%|█████████▉| 1228/1231 [00:35<00:00, 35.16it/s]
Epoch 88 [Train]: 100%|██████████| 1231/1231 [00:35<00:00, 35.05it/s]
Epoch 88 [Val]: 100%|██████████| 210/210 [00:05<00:00, 43.46it/s]Epoch 88 [Val]: 100%|██████████| 210/210 [00:05<00:00, 41.58it/s]
Epoch 88: Train Loss=1.4867, Val Acc=0.7633, ρ(EU,AU)=nan
Epoch 88 [Train]: 100%|█████████▉| 1228/1231 [00:35<00:00, 35.38it/s]
Epoch 88 [Train]: 100%|██████████| 1231/1231 [00:35<00:00, 35.02it/s]
Epoch 88 [Val]: 100%|██████████| 210/210 [00:05<00:00, 43.42it/s]
Epoch 88 [Val]: 100%|██████████| 210/210 [00:05<00:00, 41.68it/s]
Epoch 88: Train Loss=1.5719, Val Acc=0.7717, ρ(EU,AU)=0.000
Epoch 89 [Train]: 100%|█████████▉| 1228/1231 [00:34<00:00, 35.20it/s]
Epoch 89 [Train]: 100%|██████████| 1231/1231 [00:35<00:00, 35.15it/s]
Epoch 89 [Val]: 100%|██████████| 210/210 [00:04<00:00, 43.59it/s]
Epoch 89 [Val]: 100%|██████████| 210/210 [00:04<00:00, 42.06it/s]
Epoch 89: Train Loss=1.4889, Val Acc=0.7579, ρ(EU,AU)=nan
Epoch 89 [Train]: 100%|█████████▉| 1228/1231 [00:35<00:00, 33.83it/s]
Epoch 89 [Train]: 100%|██████████| 1231/1231 [00:35<00:00, 34.97it/s]
Epoch 89 [Val]: 100%|██████████| 210/210 [00:05<00:00, 43.33it/s]
Epoch 89 [Val]: 100%|██████████| 210/210 [00:05<00:00, 41.64it/s]
Epoch 89: Train Loss=1.5672, Val Acc=0.7687, ρ(EU,AU)=0.000
Epoch 90 [Train]: 100%|█████████▉| 1228/1231 [00:34<00:00, 34.68it/s]
Epoch 90 [Train]: 100%|██████████| 1231/1231 [00:34<00:00, 35.22it/s]
Epoch 90 [Val]: 100%|██████████| 210/210 [00:04<00:00, 43.96it/s]
Epoch 90 [Val]: 100%|██████████| 210/210 [00:04<00:00, 42.02it/s]
Epoch 90: Train Loss=1.4816, Val Acc=0.7543, ρ(EU,AU)=nan
Epoch 90 [Train]: 100%|█████████▉| 1227/1231 [00:35<00:00, 35.42it/s]
Epoch 90 [Train]: 100%|██████████| 1231/1231 [00:35<00:00, 35.32it/s]
Epoch 90 [Train]: 100%|██████████| 1231/1231 [00:35<00:00, 34.79it/s]
Epoch 90 [Val]: 100%|██████████| 210/210 [00:05<00:00, 43.43it/s]
Epoch 90 [Val]: 100%|██████████| 210/210 [00:05<00:00, 41.73it/s]
Epoch 90: Train Loss=1.5483, Val Acc=0.7645, ρ(EU,AU)=0.000
Epoch 91 [Train]: 100%|█████████▉| 1228/1231 [00:35<00:00, 35.01it/s]
Epoch 91 [Train]: 100%|██████████| 1231/1231 [00:35<00:00, 35.01it/s]
Epoch 91 [Val]: 100%|██████████| 210/210 [00:05<00:00, 43.49it/s]
Epoch 91 [Val]: 100%|██████████| 210/210 [00:05<00:00, 41.93it/s]
Epoch 91: Train Loss=1.4723, Val Acc=0.7561, ρ(EU,AU)=nan
Epoch 91 [Train]: 100%|█████████▉| 1228/1231 [00:35<00:00, 34.43it/s]
Epoch 92 [Train]:  13%|█▎        | 156/1231 [00:04<00:30, 35.27it/s]Epoch 91 [Train]: 100%|██████████| 1231/1231 [00:35<00:00, 34.30it/s]
Epoch 91 [Val]: 100%|██████████| 210/210 [00:05<00:00, 43.50it/s]
Epoch 91 [Val]: 100%|██████████| 210/210 [00:05<00:00, 41.63it/s]
Epoch 91: Train Loss=1.5646, Val Acc=0.7687, ρ(EU,AU)=0.000
Epoch 92 [Train]: 100%|█████████▉| 1228/1231 [00:34<00:00, 34.96it/s]
Epoch 92 [Train]: 100%|██████████| 1231/1231 [00:35<00:00, 35.12it/s]
Epoch 92 [Val]: 100%|██████████| 210/210 [00:05<00:00, 43.76it/s]
Epoch 92 [Val]: 100%|██████████| 210/210 [00:05<00:00, 41.93it/s]
Epoch 92: Train Loss=1.4733, Val Acc=0.7579, ρ(EU,AU)=nan
Epoch 92 [Train]: 100%|█████████▉| 1228/1231 [00:35<00:00, 34.20it/s]
Epoch 92 [Train]: 100%|██████████| 1231/1231 [00:35<00:00, 34.63it/s]
Epoch 92 [Val]: 100%|██████████| 210/210 [00:05<00:00, 42.80it/s]Epoch 92 [Val]: 100%|██████████| 210/210 [00:05<00:00, 41.19it/s]
Epoch 92: Train Loss=1.5575, Val Acc=0.7663, ρ(EU,AU)=0.000
Epoch 93 [Train]: 100%|█████████▉| 1228/1231 [00:34<00:00, 35.12it/s]
Epoch 93 [Train]: 100%|██████████| 1231/1231 [00:34<00:00, 35.23it/s]
Epoch 93 [Val]: 100%|██████████| 210/210 [00:05<00:00, 43.56it/s]
Epoch 93 [Val]: 100%|██████████| 210/210 [00:05<00:00, 41.92it/s]
Epoch 93: Train Loss=1.4549, Val Acc=0.7609, ρ(EU,AU)=nan
Epoch 93 [Train]: 100%|█████████▉| 1228/1231 [00:35<00:00, 34.87it/s]
Epoch 93 [Train]: 100%|██████████| 1231/1231 [00:35<00:00, 34.71it/s]
Epoch 93 [Val]: 100%|██████████| 210/210 [00:05<00:00, 43.37it/s]
Epoch 93 [Val]: 100%|██████████| 210/210 [00:05<00:00, 41.65it/s]
Epoch 93: Train Loss=1.5437, Val Acc=0.7675, ρ(EU,AU)=0.000
Epoch 94 [Train]: 100%|█████████▉| 1228/1231 [00:34<00:00, 34.95it/s]
Epoch 94 [Train]: 100%|██████████| 1231/1231 [00:35<00:00, 35.13it/s]
Epoch 94 [Val]: 100%|██████████| 210/210 [00:05<00:00, 43.79it/s]
Epoch 94 [Val]: 100%|██████████| 210/210 [00:05<00:00, 41.89it/s]
Epoch 94: Train Loss=1.4577, Val Acc=0.7579, ρ(EU,AU)=nan
Epoch 94 [Train]: 100%|█████████▉| 1228/1231 [00:35<00:00, 34.12it/s]
Epoch 94 [Train]: 100%|██████████| 1231/1231 [00:35<00:00, 34.69it/s]
Epoch 94 [Val]: 100%|██████████| 210/210 [00:05<00:00, 42.94it/s]
Epoch 94 [Val]: 100%|██████████| 210/210 [00:05<00:00, 41.19it/s]
Epoch 94: Train Loss=1.5415, Val Acc=0.7693, ρ(EU,AU)=nan
Epoch 95 [Train]: 100%|█████████▉| 1228/1231 [00:34<00:00, 35.51it/s]
Epoch 95 [Train]: 100%|██████████| 1231/1231 [00:34<00:00, 35.18it/s]
Epoch 95 [Val]: 100%|██████████| 210/210 [00:05<00:00, 43.31it/s]
Epoch 95 [Val]: 100%|██████████| 210/210 [00:05<00:00, 41.79it/s]
Epoch 95: Train Loss=1.4668, Val Acc=0.7567, ρ(EU,AU)=nan
Epoch 95 [Train]: 100%|█████████▉| 1228/1231 [00:35<00:00, 34.69it/s]
Epoch 95 [Train]: 100%|██████████| 1231/1231 [00:35<00:00, 34.81it/s]
Epoch 95 [Val]: 100%|██████████| 210/210 [00:05<00:00, 43.09it/s]
Epoch 95 [Val]: 100%|██████████| 210/210 [00:05<00:00, 41.55it/s]
Epoch 95: Train Loss=1.5412, Val Acc=0.7741, ρ(EU,AU)=nan
Epoch 96 [Train]: 100%|█████████▉| 1228/1231 [00:35<00:00, 34.59it/s]
Epoch 96 [Train]: 100%|██████████| 1231/1231 [00:35<00:00, 34.80it/s]
Epoch 96 [Val]: 100%|██████████| 210/210 [00:05<00:00, 43.33it/s]
Epoch 96 [Val]: 100%|██████████| 210/210 [00:05<00:00, 41.77it/s]
Epoch 96: Train Loss=1.4419, Val Acc=0.7543, ρ(EU,AU)=nan
Epoch 96 [Train]: 100%|█████████▉| 1228/1231 [00:35<00:00, 34.44it/s]
Epoch 96 [Train]: 100%|██████████| 1231/1231 [00:35<00:00, 34.56it/s]
Epoch 96 [Val]: 100%|██████████| 210/210 [00:05<00:00, 43.12it/s]
Epoch 96 [Val]: 100%|██████████| 210/210 [00:05<00:00, 41.44it/s]
Epoch 96: Train Loss=1.5334, Val Acc=0.7729, ρ(EU,AU)=0.000
Epoch 97 [Train]: 100%|█████████▉| 1228/1231 [00:34<00:00, 35.30it/s]
Epoch 97 [Train]: 100%|██████████| 1231/1231 [00:35<00:00, 35.10it/s]
Epoch 97 [Val]: 100%|██████████| 210/210 [00:05<00:00, 43.49it/s]
Epoch 97 [Val]: 100%|██████████| 210/210 [00:05<00:00, 41.73it/s]
Epoch 97: Train Loss=1.4464, Val Acc=0.7549, ρ(EU,AU)=nan
Epoch 97 [Train]: 100%|█████████▉| 1228/1231 [00:35<00:00, 34.84it/s]
Epoch 97 [Train]: 100%|██████████| 1231/1231 [00:35<00:00, 35.00it/s]
Epoch 97 [Val]: 100%|██████████| 210/210 [00:05<00:00, 43.26it/s]
Epoch 97 [Val]: 100%|██████████| 210/210 [00:05<00:00, 41.59it/s]
Epoch 97: Train Loss=1.5296, Val Acc=0.7705, ρ(EU,AU)=nan
Epoch 98 [Train]: 100%|█████████▉| 1228/1231 [00:34<00:00, 34.78it/s]
Epoch 98 [Train]: 100%|██████████| 1231/1231 [00:34<00:00, 35.25it/s]
Epoch 98 [Val]: 100%|██████████| 210/210 [00:05<00:00, 43.56it/s]
Epoch 98 [Val]: 100%|██████████| 210/210 [00:05<00:00, 41.64it/s]
Epoch 98: Train Loss=1.4476, Val Acc=0.7579, ρ(EU,AU)=nan
Epoch 98 [Train]: 100%|█████████▉| 1228/1231 [00:35<00:00, 35.28it/s]
Epoch 98 [Train]: 100%|██████████| 1231/1231 [00:35<00:00, 34.77it/s]
Epoch 98 [Val]: 100%|██████████| 210/210 [00:05<00:00, 43.36it/s]
Epoch 98 [Val]: 100%|██████████| 210/210 [00:05<00:00, 41.59it/s]
Epoch 98: Train Loss=1.5325, Val Acc=0.7723, ρ(EU,AU)=0.000
Epoch 99 [Train]: 100%|█████████▉| 1228/1231 [00:35<00:00, 35.37it/s]
Epoch 99 [Train]: 100%|██████████| 1231/1231 [00:35<00:00, 34.97it/s]
Epoch 99 [Val]: 100%|██████████| 210/210 [00:05<00:00, 43.61it/s]
Epoch 99 [Val]: 100%|██████████| 210/210 [00:05<00:00, 41.74it/s]
Epoch 99: Train Loss=1.4405, Val Acc=0.7585, ρ(EU,AU)=nan
Epoch 99 [Train]: 100%|█████████▉| 1228/1231 [00:35<00:00, 34.10it/s]
Epoch 99 [Train]: 100%|██████████| 1231/1231 [00:35<00:00, 34.85it/s]
Epoch 99 [Val]: 100%|██████████| 210/210 [00:05<00:00, 42.96it/s]
Epoch 99 [Val]: 100%|██████████| 210/210 [00:05<00:00, 41.24it/s]
Epoch 99: Train Loss=1.5243, Val Acc=0.7705, ρ(EU,AU)=nan
Epoch 100 [Train]: 100%|█████████▉| 1228/1231 [00:35<00:00, 35.30it/s]
Epoch 100 [Train]: 100%|██████████| 1231/1231 [00:35<00:00, 35.06it/s]
Epoch 100 [Val]: 100%|██████████| 210/210 [00:05<00:00, 43.50it/s]Epoch 100 [Val]: 100%|██████████| 210/210 [00:05<00:00, 41.89it/s]
Epoch 100: Train Loss=1.4303, Val Acc=0.7561, ρ(EU,AU)=nan
============================================================
Training Complete! Best Val Acc: 0.7806
Total Time: 67.0 minutes
============================================================
✓ Loaded best model from epoch 21
Epoch 100 [Val]: 100%|██████████| 212/212 [00:05<00:00, 41.82it/s]
Test Acc: 0.7715 | ρ(EU,AU): 0.000
Epoch 100 [Train]: 100%|█████████▉| 1228/1231 [00:35<00:00, 35.14it/s]
Epoch 100 [Train]: 100%|██████████| 1231/1231 [00:35<00:00, 34.39it/s]
Epoch 100 [Val]: 100%|██████████| 210/210 [00:05<00:00, 43.06it/s]
Epoch 100 [Val]: 100%|██████████| 210/210 [00:05<00:00, 41.35it/s]
Epoch 100: Train Loss=1.5209, Val Acc=0.7693, ρ(EU,AU)=0.000
============================================================
Training Complete! Best Val Acc: 0.7788
Total Time: 67.2 minutes
============================================================
✓ Loaded best model from epoch 62
Epoch 100 [Val]: 100%|██████████| 212/212 [00:05<00:00, 41.41it/s]
Test Acc: 0.7691 | ρ(EU,AU): nan
[stream ended, exit 0]
