Epoch 22 [Train]: 100%|█████████▉| 1351/1357 [00:41<00:00, 33.17it/s]
Epoch 22 [Train]: 100%|█████████▉| 1355/1357 [00:41<00:00, 33.21it/s]
Epoch 22 [Train]: 100%|██████████| 1357/1357 [00:41<00:00, 32.79it/s]
Epoch 22 [Val]: 100%|██████████| 170/170 [00:03<00:00, 46.13it/s]
Epoch 22 [Val]: 100%|██████████| 170/170 [00:03<00:00, 45.38it/s]
Epoch 22: Train Loss=2.5249, Val Acc=0.4099, ρ(EU,AU)=-0.016
Epoch 36 [Train]: 100%|█████████▉| 960/962 [00:26<00:00, 36.90it/s]
Epoch 36 [Train]: 100%|██████████| 962/962 [00:26<00:00, 36.93it/s]
Epoch 36 [Val]: 100%|██████████| 121/121 [00:02<00:00, 42.79it/s]
Epoch 36: Train Loss=1.2264, Val Acc=0.5770, ρ(EU,AU)=0.016
Epoch 23 [Train]: 100%|█████████▉| 1352/1357 [00:40<00:00, 33.11it/s]
Epoch 23 [Train]: 100%|█████████▉| 1356/1357 [00:40<00:00, 33.22it/s]
Epoch 23 [Train]: 100%|██████████| 1357/1357 [00:40<00:00, 33.11it/s]
Epoch 37 [Train]: 100%|█████████▉| 960/962 [00:26<00:00, 37.46it/s]
Epoch 37 [Train]: 100%|██████████| 962/962 [00:26<00:00, 36.89it/s]
Epoch 23 [Val]: 100%|██████████| 170/170 [00:03<00:00, 46.23it/s]
Epoch 23 [Val]: 100%|██████████| 170/170 [00:03<00:00, 44.81it/s]
Epoch 23: Train Loss=2.5093, Val Acc=0.4132, ρ(EU,AU)=0.002
  ✓ New best model saved!
Epoch 37 [Val]: 100%|██████████| 121/121 [00:02<00:00, 43.33it/s]
Epoch 37: Train Loss=1.2199, Val Acc=0.5583, ρ(EU,AU)=0.007
Epoch 38 [Train]: 100%|█████████▉| 960/962 [00:25<00:00, 37.53it/s]
Epoch 38 [Train]: 100%|██████████| 962/962 [00:25<00:00, 37.09it/s]
Epoch 38 [Val]: 100%|██████████| 121/121 [00:02<00:00, 43.58it/s]
Epoch 38: Train Loss=1.2159, Val Acc=0.5666, ρ(EU,AU)=0.010
Epoch 24 [Train]: 100%|█████████▉| 1352/1357 [00:41<00:00, 32.35it/s]
Epoch 24 [Train]: 100%|█████████▉| 1356/1357 [00:41<00:00, 32.34it/s]
Epoch 24 [Train]: 100%|██████████| 1357/1357 [00:41<00:00, 32.68it/s]
Epoch 24 [Val]: 100%|██████████| 170/170 [00:03<00:00, 44.97it/s]
Epoch 24: Train Loss=2.4995, Val Acc=0.4161, ρ(EU,AU)=0.001
  ✓ New best model saved!
Epoch 39 [Train]: 100%|█████████▉| 960/962 [00:25<00:00, 37.49it/s]
Epoch 39 [Train]: 100%|██████████| 962/962 [00:25<00:00, 37.52it/s]
Epoch 39 [Val]: 100%|██████████| 121/121 [00:02<00:00, 43.53it/s]
Epoch 39: Train Loss=1.2157, Val Acc=0.5682, ρ(EU,AU)=0.026
Epoch 40 [Train]: 100%|█████████▉| 960/962 [00:25<00:00, 37.35it/s]
Epoch 40 [Train]: 100%|██████████| 962/962 [00:25<00:00, 37.32it/s]
Epoch 25 [Train]: 100%|█████████▉| 1352/1357 [00:40<00:00, 32.70it/s]
Epoch 25 [Train]: 100%|█████████▉| 1356/1357 [00:40<00:00, 32.67it/s]
Epoch 25 [Train]: 100%|██████████| 1357/1357 [00:41<00:00, 33.08it/s]
Epoch 40 [Val]: 100%|██████████| 121/121 [00:02<00:00, 42.56it/s]
Epoch 40: Train Loss=1.2154, Val Acc=0.5650, ρ(EU,AU)=0.038
Epoch 25 [Val]: 100%|██████████| 170/170 [00:03<00:00, 45.57it/s]
Epoch 25 [Val]: 100%|██████████| 170/170 [00:03<00:00, 44.87it/s]
Epoch 25: Train Loss=2.4878, Val Acc=0.4165, ρ(EU,AU)=0.011
  ✓ New best model saved!
Epoch 41 [Train]: 100%|█████████▉| 960/962 [00:25<00:00, 37.52it/s]
Epoch 41 [Train]: 100%|██████████| 962/962 [00:25<00:00, 37.43it/s]
Epoch 41 [Val]: 100%|██████████| 121/121 [00:02<00:00, 43.61it/s]
Epoch 41: Train Loss=1.2097, Val Acc=0.5796, ρ(EU,AU)=-0.045
Epoch 26 [Train]: 100%|█████████▉| 1352/1357 [00:41<00:00, 31.98it/s]
Epoch 26 [Train]: 100%|█████████▉| 1356/1357 [00:41<00:00, 31.92it/s]
Epoch 26 [Train]: 100%|██████████| 1357/1357 [00:41<00:00, 32.51it/s]
Epoch 26 [Val]: 100%|██████████| 170/170 [00:03<00:00, 45.18it/s]
Epoch 26 [Val]: 100%|██████████| 170/170 [00:03<00:00, 44.23it/s]
Epoch 26: Train Loss=2.4727, Val Acc=0.4171, ρ(EU,AU)=-0.000
  ✓ New best model saved!
Epoch 42 [Train]: 100%|█████████▉| 960/962 [00:26<00:00, 36.95it/s]
Epoch 42 [Train]: 100%|██████████| 962/962 [00:26<00:00, 36.78it/s]
Epoch 42 [Val]: 100%|██████████| 121/121 [00:02<00:00, 43.26it/s]
Epoch 42: Train Loss=1.2062, Val Acc=0.5812, ρ(EU,AU)=-0.015
  ✓ New best model saved!
Epoch 43 [Train]: 100%|█████████▉| 960/962 [00:26<00:00, 36.20it/s]
Epoch 43 [Train]: 100%|██████████| 962/962 [00:26<00:00, 36.76it/s]
Epoch 43 [Val]: 100%|██████████| 121/121 [00:02<00:00, 43.29it/s]
Epoch 43: Train Loss=1.2002, Val Acc=0.5848, ρ(EU,AU)=-0.005
  ✓ New best model saved!
Epoch 27 [Train]: 100%|█████████▉| 1353/1357 [00:41<00:00, 32.37it/s]
Epoch 27 [Train]: 100%|██████████| 1357/1357 [00:41<00:00, 32.58it/s]
Epoch 27 [Train]: 100%|██████████| 1357/1357 [00:41<00:00, 32.86it/s]
Epoch 27 [Val]: 100%|██████████| 170/170 [00:03<00:00, 45.65it/s]
Epoch 27 [Val]: 100%|██████████| 170/170 [00:03<00:00, 44.61it/s]
Epoch 27: Train Loss=2.4632, Val Acc=0.4195, ρ(EU,AU)=-0.002
  ✓ New best model saved!
Epoch 44 [Train]: 100%|█████████▉| 960/962 [00:26<00:00, 36.93it/s]Epoch 44 [Train]: 100%|██████████| 962/962 [00:26<00:00, 36.31it/s]
Epoch 44 [Val]: 100%|██████████| 121/121 [00:02<00:00, 43.46it/s]
Epoch 44: Train Loss=1.1984, Val Acc=0.5708, ρ(EU,AU)=-0.026
Epoch 28 [Train]: 100%|█████████▉| 1352/1357 [00:39<00:00, 34.12it/s]
Epoch 28 [Train]: 100%|█████████▉| 1356/1357 [00:40<00:00, 33.82it/s]
Epoch 28 [Train]: 100%|██████████| 1357/1357 [00:40<00:00, 33.84it/s]
Epoch 28 [Val]: 100%|██████████| 170/170 [00:03<00:00, 46.89it/s]
Epoch 28 [Val]: 100%|██████████| 170/170 [00:03<00:00, 45.86it/s]
Epoch 28: Train Loss=2.4532, Val Acc=0.4226, ρ(EU,AU)=-0.007
  ✓ New best model saved!
Epoch 45 [Train]: 100%|█████████▉| 960/962 [00:26<00:00, 36.89it/s]Epoch 45 [Train]: 100%|██████████| 962/962 [00:26<00:00, 36.74it/s]
Epoch 45 [Val]: 100%|██████████| 121/121 [00:02<00:00, 43.50it/s]
Epoch 45: Train Loss=1.1983, Val Acc=0.5744, ρ(EU,AU)=-0.059
Epoch 46 [Train]: 100%|█████████▉| 960/962 [00:26<00:00, 37.07it/s]
Epoch 46 [Train]: 100%|██████████| 962/962 [00:26<00:00, 36.35it/s]
Epoch 46 [Val]: 100%|██████████| 121/121 [00:02<00:00, 43.47it/s]
Epoch 46: Train Loss=1.1917, Val Acc=0.5723, ρ(EU,AU)=-0.059
Epoch 29 [Train]: 100%|█████████▉| 1352/1357 [00:40<00:00, 33.25it/s]
Epoch 29 [Train]: 100%|█████████▉| 1356/1357 [00:40<00:00, 32.92it/s]
Epoch 29 [Train]: 100%|██████████| 1357/1357 [00:40<00:00, 33.41it/s]
Epoch 29 [Val]: 100%|██████████| 170/170 [00:03<00:00, 46.17it/s]
Epoch 29 [Val]: 100%|██████████| 170/170 [00:03<00:00, 45.11it/s]
Epoch 29: Train Loss=2.4422, Val Acc=0.4244, ρ(EU,AU)=-0.009
  ✓ New best model saved!
Epoch 47 [Train]: 100%|█████████▉| 960/962 [00:26<00:00, 36.98it/s]
Epoch 47 [Train]: 100%|██████████| 962/962 [00:26<00:00, 36.66it/s]
Epoch 47 [Val]: 100%|██████████| 121/121 [00:02<00:00, 43.32it/s]
Epoch 47: Train Loss=1.1918, Val Acc=0.5682, ρ(EU,AU)=nan
Epoch 30 [Train]: 100%|█████████▉| 1352/1357 [00:41<00:00, 34.16it/s]
Epoch 30 [Train]: 100%|█████████▉| 1356/1357 [00:41<00:00, 33.83it/s]
Epoch 30 [Train]: 100%|██████████| 1357/1357 [00:41<00:00, 32.74it/s]
Epoch 48 [Train]: 100%|█████████▉| 960/962 [00:25<00:00, 37.38it/s]
Epoch 48 [Train]: 100%|██████████| 962/962 [00:26<00:00, 36.94it/s]
Epoch 30 [Val]: 100%|██████████| 170/170 [00:03<00:00, 46.81it/s]
Epoch 30 [Val]: 100%|██████████| 170/170 [00:03<00:00, 45.64it/s]
Epoch 30: Train Loss=2.4355, Val Acc=0.4296, ρ(EU,AU)=-0.008
  ✓ New best model saved!
Epoch 48 [Val]: 100%|██████████| 121/121 [00:02<00:00, 43.54it/s]
Epoch 48: Train Loss=1.1809, Val Acc=0.5614, ρ(EU,AU)=nan
Epoch 49 [Train]: 100%|█████████▉| 960/962 [00:26<00:00, 36.98it/s]
Epoch 49 [Train]: 100%|██████████| 962/962 [00:26<00:00, 36.74it/s]
Epoch 49 [Val]: 100%|██████████| 121/121 [00:02<00:00, 43.52it/s]
Epoch 49: Train Loss=1.1780, Val Acc=0.5718, ρ(EU,AU)=nan
Epoch 31 [Train]: 100%|█████████▉| 1352/1357 [00:42<00:00, 32.69it/s]
Epoch 31 [Train]: 100%|█████████▉| 1356/1357 [00:42<00:00, 32.92it/s]
Epoch 31 [Train]: 100%|██████████| 1357/1357 [00:42<00:00, 32.04it/s]
Epoch 31 [Val]: 100%|██████████| 170/170 [00:03<00:00, 46.70it/s]
Epoch 31 [Val]: 100%|██████████| 170/170 [00:03<00:00, 44.67it/s]
Epoch 31: Train Loss=2.4233, Val Acc=0.4292, ρ(EU,AU)=-0.007
Epoch 50 [Train]: 100%|█████████▉| 960/962 [00:25<00:00, 37.48it/s]
Epoch 50 [Train]: 100%|██████████| 962/962 [00:25<00:00, 37.05it/s]
Epoch 50 [Val]: 100%|██████████| 121/121 [00:02<00:00, 43.45it/s]
Epoch 50: Train Loss=1.1723, Val Acc=0.5780, ρ(EU,AU)=nan
Epoch 51 [Train]: 100%|█████████▉| 960/962 [00:26<00:00, 36.19it/s]
Epoch 51 [Train]: 100%|██████████| 962/962 [00:26<00:00, 36.54it/s]
Epoch 32 [Train]: 100%|█████████▉| 1352/1357 [00:40<00:00, 31.88it/s]
Epoch 32 [Train]: 100%|█████████▉| 1356/1357 [00:40<00:00, 32.05it/s]
Epoch 32 [Train]: 100%|██████████| 1357/1357 [00:40<00:00, 33.39it/s]
Epoch 32 [Val]:  29%|██▉       | 50/170 [00:01<00:02, 44.42it/s]Epoch 51 [Val]: 100%|██████████| 121/121 [00:02<00:00, 42.83it/s]
Epoch 51: Train Loss=1.1687, Val Acc=0.5713, ρ(EU,AU)=nan
Epoch 32 [Val]: 100%|██████████| 170/170 [00:03<00:00, 45.98it/s]
Epoch 32 [Val]: 100%|██████████| 170/170 [00:03<00:00, 44.41it/s]
Epoch 32: Train Loss=2.4157, Val Acc=0.4333, ρ(EU,AU)=-0.013
  ✓ New best model saved!
Epoch 52 [Train]: 100%|█████████▉| 960/962 [00:25<00:00, 37.22it/s]
Epoch 52 [Train]: 100%|██████████| 962/962 [00:25<00:00, 37.02it/s]
Epoch 52 [Val]: 100%|██████████| 121/121 [00:02<00:00, 43.40it/s]
Epoch 52: Train Loss=1.1715, Val Acc=0.5723, ρ(EU,AU)=nan
Epoch 33 [Train]: 100%|█████████▉| 1352/1357 [00:41<00:00, 31.64it/s]
Epoch 33 [Train]: 100%|█████████▉| 1356/1357 [00:42<00:00, 31.67it/s]
Epoch 33 [Train]: 100%|██████████| 1357/1357 [00:42<00:00, 32.23it/s]
Epoch 33 [Val]: 100%|██████████| 170/170 [00:03<00:00, 46.16it/s]
Epoch 33 [Val]: 100%|██████████| 170/170 [00:03<00:00, 44.61it/s]
Epoch 33: Train Loss=2.4096, Val Acc=0.4318, ρ(EU,AU)=-0.008
Epoch 53 [Train]: 100%|█████████▉| 960/962 [00:26<00:00, 37.47it/s]
Epoch 53 [Train]: 100%|██████████| 962/962 [00:26<00:00, 36.86it/s]
Epoch 53 [Val]: 100%|██████████| 121/121 [00:02<00:00, 43.61it/s]
Epoch 53: Train Loss=1.1644, Val Acc=0.5796, ρ(EU,AU)=-0.021
Epoch 54 [Train]: 100%|█████████▉| 960/962 [00:25<00:00, 36.91it/s]
Epoch 54 [Train]: 100%|██████████| 962/962 [00:25<00:00, 37.48it/s]
Epoch 54 [Val]: 100%|██████████| 121/121 [00:02<00:00, 43.18it/s]
Epoch 54: Train Loss=1.1566, Val Acc=0.5718, ρ(EU,AU)=0.010
Epoch 34 [Train]: 100%|█████████▉| 1353/1357 [00:40<00:00, 32.76it/s]
Epoch 34 [Train]: 100%|██████████| 1357/1357 [00:40<00:00, 33.14it/s]
Epoch 34 [Train]: 100%|██████████| 1357/1357 [00:40<00:00, 33.13it/s]
Epoch 34 [Val]: 100%|██████████| 170/170 [00:03<00:00, 45.49it/s]
Epoch 34 [Val]: 100%|██████████| 170/170 [00:03<00:00, 44.70it/s]
Epoch 34: Train Loss=2.3985, Val Acc=0.4344, ρ(EU,AU)=-0.008
  ✓ New best model saved!
Epoch 55 [Train]: 100%|█████████▉| 960/962 [00:26<00:00, 37.24it/s]
Epoch 55 [Train]: 100%|██████████| 962/962 [00:26<00:00, 36.85it/s]
Epoch 55 [Val]: 100%|██████████| 121/121 [00:02<00:00, 43.48it/s]
Epoch 55: Train Loss=1.1529, Val Acc=0.5734, ρ(EU,AU)=0.013
Epoch 35 [Train]: 100%|█████████▉| 1352/1357 [00:42<00:00, 31.86it/s]
Epoch 35 [Train]: 100%|█████████▉| 1356/1357 [00:42<00:00, 31.79it/s]
Epoch 35 [Train]: 100%|██████████| 1357/1357 [00:42<00:00, 32.10it/s]
Epoch 35 [Val]: 100%|██████████| 170/170 [00:03<00:00, 45.53it/s]
Epoch 35 [Val]: 100%|██████████| 170/170 [00:03<00:00, 44.76it/s]
Epoch 35: Train Loss=2.3910, Val Acc=0.4355, ρ(EU,AU)=-0.009
Epoch 56 [Train]: 100%|█████████▉| 960/962 [00:25<00:00, 36.96it/s]
Epoch 56 [Train]: 100%|██████████| 962/962 [00:26<00:00, 36.96it/s]
  ✓ New best model saved!
Epoch 56 [Val]:  99%|█████████▉| 120/121 [00:02<00:00, 43.12it/s]Epoch 56 [Val]: 100%|██████████| 121/121 [00:02<00:00, 43.52it/s]
Epoch 56: Train Loss=1.1574, Val Acc=0.5604, ρ(EU,AU)=0.016
Epoch 57 [Train]: 100%|█████████▉| 960/962 [00:26<00:00, 36.15it/s]
Epoch 57 [Train]: 100%|██████████| 962/962 [00:26<00:00, 36.93it/s]
Epoch 57 [Val]: 100%|██████████| 121/121 [00:02<00:00, 43.17it/s]
Epoch 57: Train Loss=1.1492, Val Acc=0.5739, ρ(EU,AU)=0.025
Epoch 36 [Train]: 100%|█████████▉| 1352/1357 [00:42<00:00, 32.91it/s]
Epoch 36 [Train]: 100%|█████████▉| 1356/1357 [00:42<00:00, 33.01it/s]
Epoch 36 [Train]: 100%|██████████| 1357/1357 [00:42<00:00, 32.05it/s]
Epoch 36 [Val]: 100%|██████████| 170/170 [00:03<00:00, 46.23it/s]
Epoch 36 [Val]: 100%|██████████| 170/170 [00:03<00:00, 45.14it/s]
/root/icml_2026/main_train_hybrid_multi_dataset.py:375: ConstantInputWarning: An input array is constant; the correlation coefficient is not defined.
  rho_eu_au, p_eu_au = stats.spearmanr(eu_sample, al_sample) if eu_sample.std() > 0 and al_sample.std() > 0 else (0, 1)
Epoch 36: Train Loss=2.3869, Val Acc=0.4360, ρ(EU,AU)=nan
  ✓ New best model saved!
Epoch 58 [Train]: 100%|█████████▉| 960/962 [00:26<00:00, 37.18it/s]
Epoch 58 [Train]: 100%|██████████| 962/962 [00:26<00:00, 36.84it/s]
Epoch 58 [Val]: 100%|██████████| 121/121 [00:02<00:00, 43.36it/s]
Epoch 58: Train Loss=1.1477, Val Acc=0.5708, ρ(EU,AU)=0.059
Epoch 59 [Train]: 100%|█████████▉| 960/962 [00:25<00:00, 37.24it/s]
Epoch 59 [Train]: 100%|██████████| 962/962 [00:25<00:00, 37.38it/s]
Epoch 37 [Train]: 100%|█████████▉| 1352/1357 [00:39<00:00, 32.13it/s]
Epoch 37 [Train]: 100%|█████████▉| 1356/1357 [00:39<00:00, 32.07it/s]
Epoch 37 [Train]: 100%|██████████| 1357/1357 [00:39<00:00, 33.94it/s]
Epoch 59 [Val]: 100%|██████████| 121/121 [00:02<00:00, 43.58it/s]
Epoch 59: Train Loss=1.1518, Val Acc=0.5692, ρ(EU,AU)=0.044
Epoch 37 [Val]: 100%|██████████| 170/170 [00:03<00:00, 45.23it/s]
Epoch 37 [Val]: 100%|██████████| 170/170 [00:03<00:00, 44.32it/s]
Epoch 37: Train Loss=2.3783, Val Acc=0.4368, ρ(EU,AU)=nan
  ✓ New best model saved!
Epoch 60 [Train]: 100%|█████████▉| 960/962 [00:25<00:00, 37.64it/s]
Epoch 60 [Train]: 100%|██████████| 962/962 [00:25<00:00, 37.41it/s]
Epoch 60 [Val]: 100%|██████████| 121/121 [00:02<00:00, 43.48it/s]
Epoch 60: Train Loss=1.1424, Val Acc=0.5780, ρ(EU,AU)=0.039
Epoch 38 [Train]: 100%|█████████▉| 1352/1357 [00:41<00:00, 33.58it/s]
Epoch 38 [Train]: 100%|█████████▉| 1356/1357 [00:41<00:00, 33.83it/s]
Epoch 38 [Train]: 100%|██████████| 1357/1357 [00:41<00:00, 32.75it/s]
Epoch 38 [Val]: 100%|██████████| 170/170 [00:03<00:00, 45.55it/s]
Epoch 38 [Val]: 100%|██████████| 170/170 [00:03<00:00, 45.65it/s]
Epoch 38: Train Loss=2.3732, Val Acc=0.4388, ρ(EU,AU)=nan
  ✓ New best model saved!
Epoch 61 [Train]: 100%|█████████▉| 960/962 [00:26<00:00, 35.80it/s]
Epoch 61 [Train]: 100%|██████████| 962/962 [00:26<00:00, 36.91it/s]
Epoch 61 [Val]: 100%|██████████| 121/121 [00:02<00:00, 43.36it/s]
Epoch 61: Train Loss=1.1333, Val Acc=0.5666, ρ(EU,AU)=0.058
Epoch 62 [Train]: 100%|█████████▉| 960/962 [00:26<00:00, 36.06it/s]
Epoch 62 [Train]: 100%|██████████| 962/962 [00:26<00:00, 36.77it/s]
Epoch 62 [Val]: 100%|██████████| 121/121 [00:02<00:00, 43.02it/s]
Epoch 62: Train Loss=1.1382, Val Acc=0.5598, ρ(EU,AU)=0.074
Epoch 39 [Train]: 100%|█████████▉| 1354/1357 [00:40<00:00, 32.52it/s]
Epoch 39 [Train]: 100%|██████████| 1357/1357 [00:41<00:00, 33.08it/s]
Epoch 39 [Val]: 100%|██████████| 170/170 [00:03<00:00, 45.78it/s]
Epoch 39 [Val]: 100%|██████████| 170/170 [00:03<00:00, 45.03it/s]
Epoch 39: Train Loss=2.3681, Val Acc=0.4384, ρ(EU,AU)=nan
Epoch 63 [Train]: 100%|█████████▉| 960/962 [00:26<00:00, 37.20it/s]
Epoch 63 [Train]: 100%|██████████| 962/962 [00:26<00:00, 36.79it/s]
Epoch 63 [Val]:  99%|█████████▉| 120/121 [00:02<00:00, 42.88it/s]Epoch 63 [Val]: 100%|██████████| 121/121 [00:02<00:00, 43.54it/s]
Epoch 63: Train Loss=1.1270, Val Acc=0.5739, ρ(EU,AU)=0.061
Epoch 40 [Train]: 100%|█████████▉| 1352/1357 [00:40<00:00, 34.24it/s]
Epoch 40 [Train]: 100%|█████████▉| 1356/1357 [00:40<00:00, 34.09it/s]
Epoch 40 [Train]: 100%|██████████| 1357/1357 [00:40<00:00, 33.28it/s]
Epoch 40 [Val]: 100%|██████████| 170/170 [00:03<00:00, 45.80it/s]
Epoch 40 [Val]: 100%|██████████| 170/170 [00:03<00:00, 45.59it/s]
Epoch 40: Train Loss=2.3618, Val Acc=0.4392, ρ(EU,AU)=nan
  ✓ New best model saved!
Epoch 64 [Train]: 100%|█████████▉| 960/962 [00:26<00:00, 36.36it/s]
Epoch 64 [Train]: 100%|██████████| 962/962 [00:26<00:00, 36.83it/s]
Epoch 64 [Val]: 100%|██████████| 121/121 [00:02<00:00, 43.00it/s]
Epoch 64: Train Loss=1.1291, Val Acc=0.5702, ρ(EU,AU)=0.064
Epoch 65 [Train]: 100%|█████████▉| 960/962 [00:25<00:00, 37.48it/s]
Epoch 65 [Train]: 100%|██████████| 962/962 [00:26<00:00, 36.96it/s]
Epoch 65 [Val]: 100%|██████████| 121/121 [00:02<00:00, 43.51it/s]
Epoch 65: Train Loss=1.1225, Val Acc=0.5770, ρ(EU,AU)=0.098
Epoch 41 [Train]: 100%|█████████▉| 1352/1357 [00:41<00:00, 31.20it/s]
Epoch 41 [Train]: 100%|█████████▉| 1356/1357 [00:41<00:00, 30.95it/s]
Epoch 41 [Train]: 100%|██████████| 1357/1357 [00:41<00:00, 32.83it/s]
Epoch 41 [Val]: 100%|██████████| 170/170 [00:03<00:00, 43.95it/s]
Epoch 41 [Val]: 100%|██████████| 170/170 [00:03<00:00, 43.35it/s]
Epoch 41: Train Loss=2.3543, Val Acc=0.4407, ρ(EU,AU)=nan
  ✓ New best model saved!
Epoch 66 [Train]: 100%|█████████▉| 960/962 [00:26<00:00, 36.39it/s]
Epoch 66 [Train]: 100%|██████████| 962/962 [00:26<00:00, 36.58it/s]
Epoch 66 [Val]:  99%|█████████▉| 120/121 [00:02<00:00, 42.15it/s]Epoch 66 [Val]: 100%|██████████| 121/121 [00:02<00:00, 42.92it/s]
Epoch 66: Train Loss=1.1216, Val Acc=0.5645, ρ(EU,AU)=0.095
Epoch 42 [Train]: 100%|█████████▉| 1351/1357 [00:42<00:00, 32.67it/s]
Epoch 42 [Train]: 100%|█████████▉| 1355/1357 [00:42<00:00, 32.64it/s]
Epoch 42 [Train]: 100%|██████████| 1357/1357 [00:42<00:00, 32.00it/s]
Epoch 67 [Train]: 100%|█████████▉| 960/962 [00:26<00:00, 36.98it/s]
Epoch 67 [Train]: 100%|██████████| 962/962 [00:26<00:00, 36.86it/s]
Epoch 42 [Val]: 100%|██████████| 170/170 [00:03<00:00, 45.25it/s]
Epoch 42 [Val]: 100%|██████████| 170/170 [00:03<00:00, 44.45it/s]
Epoch 42: Train Loss=2.3492, Val Acc=0.4432, ρ(EU,AU)=nan
Epoch 67 [Val]: 100%|██████████| 121/121 [00:02<00:00, 43.49it/s]
Epoch 67: Train Loss=1.1148, Val Acc=0.5713, ρ(EU,AU)=0.154
  ✓ New best model saved!
Epoch 68 [Train]: 100%|█████████▉| 960/962 [00:25<00:00, 37.09it/s]
Epoch 68 [Train]: 100%|██████████| 962/962 [00:26<00:00, 36.99it/s]
Epoch 68 [Val]: 100%|██████████| 121/121 [00:02<00:00, 43.40it/s]
Epoch 68: Train Loss=1.1174, Val Acc=0.5760, ρ(EU,AU)=0.121
Epoch 43 [Train]: 100%|█████████▉| 1352/1357 [00:41<00:00, 33.46it/s]
Epoch 43 [Train]: 100%|█████████▉| 1356/1357 [00:41<00:00, 33.33it/s]
Epoch 43 [Train]: 100%|██████████| 1357/1357 [00:41<00:00, 32.91it/s]
Epoch 43 [Val]: 100%|██████████| 170/170 [00:03<00:00, 45.95it/s]
Epoch 43 [Val]: 100%|██████████| 170/170 [00:03<00:00, 45.27it/s]
Epoch 43: Train Loss=2.3457, Val Acc=0.4436, ρ(EU,AU)=nan
  ✓ New best model saved!
Epoch 69 [Train]: 100%|█████████▉| 960/962 [00:25<00:00, 37.04it/s]Epoch 69 [Train]: 100%|██████████| 962/962 [00:25<00:00, 37.28it/s]
Epoch 69 [Val]: 100%|██████████| 121/121 [00:02<00:00, 43.55it/s]
Epoch 69: Train Loss=1.1070, Val Acc=0.5671, ρ(EU,AU)=0.103
Epoch 70 [Train]: 100%|█████████▉| 960/962 [00:26<00:00, 33.80it/s]
Epoch 70 [Train]: 100%|██████████| 962/962 [00:26<00:00, 36.68it/s]
Epoch 70 [Val]: 100%|██████████| 121/121 [00:02<00:00, 42.91it/s]
Epoch 70: Train Loss=1.1149, Val Acc=0.5692, ρ(EU,AU)=0.186
Epoch 44 [Train]: 100%|█████████▉| 1351/1357 [00:41<00:00, 32.34it/s]
Epoch 44 [Train]: 100%|█████████▉| 1355/1357 [00:41<00:00, 32.44it/s]
Epoch 44 [Train]: 100%|██████████| 1357/1357 [00:41<00:00, 32.57it/s]
Epoch 44 [Val]: 100%|██████████| 170/170 [00:03<00:00, 45.67it/s]
Epoch 44 [Val]: 100%|██████████| 170/170 [00:03<00:00, 44.61it/s]
Epoch 44: Train Loss=2.3405, Val Acc=0.4436, ρ(EU,AU)=nan
Epoch 71 [Train]: 100%|█████████▉| 960/962 [00:26<00:00, 36.99it/s]
Epoch 71 [Train]: 100%|██████████| 962/962 [00:26<00:00, 36.58it/s]
Epoch 71 [Val]: 100%|██████████| 121/121 [00:02<00:00, 42.80it/s]
Epoch 71: Train Loss=1.1049, Val Acc=0.5578, ρ(EU,AU)=0.134
Epoch 45 [Train]: 100%|█████████▉| 1352/1357 [00:40<00:00, 33.56it/s]
Epoch 45 [Train]: 100%|█████████▉| 1356/1357 [00:40<00:00, 33.94it/s]
Epoch 45 [Train]: 100%|██████████| 1357/1357 [00:40<00:00, 33.46it/s]
Epoch 45 [Val]: 100%|██████████| 170/170 [00:03<00:00, 46.55it/s]
Epoch 45 [Val]: 100%|██████████| 170/170 [00:03<00:00, 45.61it/s]
Epoch 45: Train Loss=2.3348, Val Acc=0.4464, ρ(EU,AU)=nan
  ✓ New best model saved!
Epoch 72 [Train]: 100%|█████████▉| 960/962 [00:26<00:00, 35.94it/s]
Epoch 72 [Train]: 100%|██████████| 962/962 [00:26<00:00, 36.04it/s]
Epoch 72 [Val]: 100%|██████████| 121/121 [00:02<00:00, 43.19it/s]
Epoch 72: Train Loss=1.1020, Val Acc=0.5635, ρ(EU,AU)=0.156
Epoch 73 [Train]: 100%|█████████▉| 960/962 [00:26<00:00, 36.61it/s]
Epoch 73 [Train]: 100%|██████████| 962/962 [00:26<00:00, 36.70it/s]
Epoch 73 [Val]: 100%|██████████| 121/121 [00:02<00:00, 43.49it/s]
Epoch 73: Train Loss=1.0920, Val Acc=0.5723, ρ(EU,AU)=0.138
Epoch 46 [Train]: 100%|█████████▉| 1352/1357 [00:41<00:00, 32.51it/s]
Epoch 46 [Train]: 100%|█████████▉| 1356/1357 [00:41<00:00, 32.13it/s]
Epoch 46 [Train]: 100%|██████████| 1357/1357 [00:41<00:00, 32.52it/s]
Epoch 46 [Val]: 100%|██████████| 170/170 [00:03<00:00, 45.00it/s]
Epoch 46 [Val]: 100%|██████████| 170/170 [00:03<00:00, 44.23it/s]
Epoch 46: Train Loss=2.3307, Val Acc=0.4438, ρ(EU,AU)=nan
Epoch 74 [Train]: 100%|█████████▉| 960/962 [00:25<00:00, 36.19it/s]
Epoch 74 [Train]: 100%|██████████| 962/962 [00:25<00:00, 37.18it/s]
Epoch 74 [Val]: 100%|██████████| 121/121 [00:02<00:00, 43.40it/s]
Epoch 74: Train Loss=1.0952, Val Acc=0.5614, ρ(EU,AU)=0.098
Epoch 47 [Train]: 100%|█████████▉| 1352/1357 [00:41<00:00, 31.97it/s]
Epoch 47 [Train]: 100%|█████████▉| 1356/1357 [00:41<00:00, 32.07it/s]
Epoch 47 [Train]: 100%|██████████| 1357/1357 [00:41<00:00, 32.57it/s]
Epoch 47 [Val]: 100%|██████████| 170/170 [00:03<00:00, 45.39it/s]
Epoch 47 [Val]: 100%|██████████| 170/170 [00:03<00:00, 44.65it/s]
Epoch 47: Train Loss=2.3274, Val Acc=0.4484, ρ(EU,AU)=nan
  ✓ New best model saved!
Epoch 75 [Train]: 100%|█████████▉| 960/962 [00:25<00:00, 36.91it/s]
Epoch 75 [Train]: 100%|██████████| 962/962 [00:25<00:00, 37.09it/s]
Epoch 75 [Val]: 100%|██████████| 121/121 [00:02<00:00, 43.42it/s]
Epoch 75: Train Loss=1.0897, Val Acc=0.5661, ρ(EU,AU)=0.211
Epoch 76 [Train]: 100%|█████████▉| 960/962 [00:26<00:00, 36.14it/s]
Epoch 76 [Train]: 100%|██████████| 962/962 [00:26<00:00, 36.50it/s]
Epoch 76 [Val]: 100%|██████████| 121/121 [00:02<00:00, 43.26it/s]
Epoch 76: Train Loss=1.0826, Val Acc=0.5557, ρ(EU,AU)=0.152
Epoch 48 [Train]: 100%|█████████▉| 1351/1357 [00:40<00:00, 34.15it/s]
Epoch 48 [Train]: 100%|█████████▉| 1355/1357 [00:40<00:00, 34.21it/s]
Epoch 48 [Train]: 100%|██████████| 1357/1357 [00:40<00:00, 33.14it/s]
Epoch 48 [Val]: 100%|██████████| 170/170 [00:03<00:00, 46.48it/s]
Epoch 48 [Val]: 100%|██████████| 170/170 [00:03<00:00, 45.38it/s]
Epoch 48: Train Loss=2.3217, Val Acc=0.4482, ρ(EU,AU)=nan
Epoch 77 [Train]: 100%|█████████▉| 960/962 [00:26<00:00, 36.48it/s]
Epoch 77 [Train]: 100%|██████████| 962/962 [00:26<00:00, 36.68it/s]
Epoch 77 [Val]: 100%|██████████| 121/121 [00:02<00:00, 43.09it/s]
Epoch 77: Train Loss=1.0820, Val Acc=0.5666, ρ(EU,AU)=0.152
Epoch 49 [Train]: 100%|█████████▉| 1352/1357 [00:40<00:00, 33.40it/s]
Epoch 49 [Train]: 100%|█████████▉| 1356/1357 [00:40<00:00, 33.32it/s]
Epoch 49 [Train]: 100%|██████████| 1357/1357 [00:40<00:00, 33.52it/s]
Epoch 78 [Train]: 100%|█████████▉| 960/962 [00:25<00:00, 36.50it/s]
Epoch 78 [Train]: 100%|██████████| 962/962 [00:25<00:00, 37.00it/s]
Epoch 49 [Val]: 100%|██████████| 170/170 [00:03<00:00, 46.08it/s]
Epoch 49 [Val]: 100%|██████████| 170/170 [00:03<00:00, 45.35it/s]
Epoch 49: Train Loss=2.3167, Val Acc=0.4493, ρ(EU,AU)=nan
  ✓ New best model saved!
Epoch 78 [Val]: 100%|██████████| 121/121 [00:02<00:00, 42.98it/s]
Epoch 78: Train Loss=1.0808, Val Acc=0.5754, ρ(EU,AU)=0.143
Epoch 79 [Train]: 100%|█████████▉| 960/962 [00:26<00:00, 36.54it/s]
Epoch 79 [Train]: 100%|██████████| 962/962 [00:26<00:00, 36.75it/s]
Epoch 79 [Val]: 100%|██████████| 121/121 [00:02<00:00, 43.38it/s]
Epoch 79: Train Loss=1.0745, Val Acc=0.5630, ρ(EU,AU)=0.119
Epoch 50 [Train]: 100%|█████████▉| 1352/1357 [00:41<00:00, 31.78it/s]
Epoch 50 [Train]: 100%|█████████▉| 1356/1357 [00:41<00:00, 31.81it/s]
Epoch 50 [Train]: 100%|██████████| 1357/1357 [00:41<00:00, 32.91it/s]
Epoch 50 [Val]: 100%|██████████| 170/170 [00:03<00:00, 44.99it/s]
Epoch 50 [Val]: 100%|██████████| 170/170 [00:03<00:00, 43.81it/s]
Epoch 50: Train Loss=2.3166, Val Acc=0.4501, ρ(EU,AU)=nan
  ✓ New best model saved!
Epoch 80 [Train]: 100%|█████████▉| 960/962 [00:26<00:00, 36.89it/s]
Epoch 80 [Train]: 100%|██████████| 962/962 [00:26<00:00, 36.91it/s]
Epoch 80 [Val]: 100%|██████████| 121/121 [00:02<00:00, 43.42it/s]
Epoch 80: Train Loss=1.0659, Val Acc=0.5687, ρ(EU,AU)=0.192
Epoch 81 [Train]: 100%|█████████▉| 960/962 [00:26<00:00, 36.71it/s]
Epoch 81 [Train]: 100%|██████████| 962/962 [00:26<00:00, 36.79it/s]
Epoch 81 [Val]: 100%|██████████| 121/121 [00:02<00:00, 43.39it/s]
Epoch 81: Train Loss=1.0641, Val Acc=0.5645, ρ(EU,AU)=0.159
Epoch 51 [Train]: 100%|█████████▉| 1352/1357 [00:41<00:00, 33.17it/s]
Epoch 51 [Train]: 100%|█████████▉| 1356/1357 [00:41<00:00, 33.31it/s]
Epoch 51 [Train]: 100%|██████████| 1357/1357 [00:41<00:00, 32.34it/s]
Epoch 51 [Val]: 100%|██████████| 170/170 [00:03<00:00, 45.84it/s]
Epoch 51 [Val]: 100%|██████████| 170/170 [00:03<00:00, 45.01it/s]
Epoch 51: Train Loss=2.3107, Val Acc=0.4510, ρ(EU,AU)=nan
  ✓ New best model saved!
Epoch 82 [Train]: 100%|█████████▉| 960/962 [00:26<00:00, 36.91it/s]
Epoch 82 [Train]: 100%|██████████| 962/962 [00:26<00:00, 36.58it/s]
Epoch 82 [Val]: 100%|██████████| 121/121 [00:02<00:00, 43.33it/s]
Epoch 82: Train Loss=1.0744, Val Acc=0.5609, ρ(EU,AU)=0.138
Epoch 52 [Train]: 100%|█████████▉| 1352/1357 [00:41<00:00, 31.85it/s]
Epoch 52 [Train]: 100%|█████████▉| 1356/1357 [00:41<00:00, 31.75it/s]
Epoch 52 [Train]: 100%|██████████| 1357/1357 [00:41<00:00, 32.67it/s]
Epoch 52 [Val]: 100%|██████████| 170/170 [00:03<00:00, 46.16it/s]
Epoch 52 [Val]: 100%|██████████| 170/170 [00:03<00:00, 44.45it/s]
Epoch 52: Train Loss=2.3057, Val Acc=0.4491, ρ(EU,AU)=nan
Epoch 83 [Train]: 100%|█████████▉| 960/962 [00:26<00:00, 36.80it/s]
Epoch 83 [Train]: 100%|██████████| 962/962 [00:26<00:00, 36.60it/s]
Epoch 83 [Val]: 100%|██████████| 121/121 [00:02<00:00, 43.38it/s]
Epoch 83: Train Loss=1.0675, Val Acc=0.5614, ρ(EU,AU)=0.167
Epoch 84 [Train]: 100%|█████████▉| 960/962 [00:26<00:00, 36.23it/s]
Epoch 84 [Train]: 100%|██████████| 962/962 [00:26<00:00, 36.78it/s]
Epoch 84 [Val]: 100%|██████████| 121/121 [00:02<00:00, 43.08it/s]
Epoch 84: Train Loss=1.0687, Val Acc=0.5593, ρ(EU,AU)=0.160
Epoch 53 [Train]: 100%|█████████▉| 1352/1357 [00:41<00:00, 32.37it/s]
Epoch 53 [Train]: 100%|█████████▉| 1356/1357 [00:41<00:00, 32.33it/s]
Epoch 53 [Train]: 100%|██████████| 1357/1357 [00:41<00:00, 32.41it/s]
Epoch 53 [Val]: 100%|██████████| 170/170 [00:03<00:00, 46.02it/s]
Epoch 53 [Val]: 100%|██████████| 170/170 [00:03<00:00, 44.71it/s]
Epoch 53: Train Loss=2.3025, Val Acc=0.4513, ρ(EU,AU)=nan
  ✓ New best model saved!
Epoch 85 [Train]: 100%|█████████▉| 960/962 [00:26<00:00, 36.94it/s]Epoch 85 [Train]: 100%|██████████| 962/962 [00:26<00:00, 36.78it/s]
Epoch 85 [Val]: 100%|██████████| 121/121 [00:02<00:00, 43.24it/s]
Epoch 85: Train Loss=1.0631, Val Acc=0.5697, ρ(EU,AU)=0.166
Epoch 54 [Train]: 100%|█████████▉| 1351/1357 [00:41<00:00, 32.59it/s]
Epoch 54 [Train]: 100%|█████████▉| 1355/1357 [00:41<00:00, 32.79it/s]
Epoch 54 [Train]: 100%|██████████| 1357/1357 [00:41<00:00, 32.52it/s]
Epoch 54 [Val]: 100%|██████████| 170/170 [00:03<00:00, 46.39it/s]
Epoch 54 [Val]: 100%|██████████| 170/170 [00:03<00:00, 45.35it/s]
Epoch 54: Train Loss=2.3013, Val Acc=0.4521, ρ(EU,AU)=nan
  ✓ New best model saved!
Epoch 86 [Train]: 100%|█████████▉| 960/962 [00:26<00:00, 36.51it/s]
Epoch 86 [Train]: 100%|██████████| 962/962 [00:26<00:00, 36.79it/s]
Epoch 86 [Val]: 100%|██████████| 121/121 [00:02<00:00, 43.49it/s]
Epoch 86: Train Loss=1.0580, Val Acc=0.5593, ρ(EU,AU)=0.155
Epoch 87 [Train]: 100%|█████████▉| 960/962 [00:26<00:00, 36.31it/s]Epoch 87 [Train]: 100%|██████████| 962/962 [00:26<00:00, 36.55it/s]
Epoch 87 [Val]: 100%|██████████| 121/121 [00:02<00:00, 43.34it/s]
Epoch 87: Train Loss=1.0531, Val Acc=0.5671, ρ(EU,AU)=0.157
Epoch 55 [Train]: 100%|█████████▉| 1354/1357 [00:40<00:00, 32.62it/s]
Epoch 55 [Train]: 100%|██████████| 1357/1357 [00:40<00:00, 33.22it/s]
Epoch 55 [Val]: 100%|██████████| 170/170 [00:03<00:00, 46.10it/s]
Epoch 55 [Val]: 100%|██████████| 170/170 [00:03<00:00, 45.08it/s]
Epoch 55: Train Loss=2.2965, Val Acc=0.4525, ρ(EU,AU)=nan
  ✓ New best model saved!
Epoch 88 [Train]: 100%|█████████▉| 960/962 [00:26<00:00, 37.06it/s]
Epoch 88 [Train]: 100%|██████████| 962/962 [00:26<00:00, 36.72it/s]
Epoch 88 [Val]: 100%|██████████| 121/121 [00:02<00:00, 43.40it/s]
Epoch 88: Train Loss=1.0475, Val Acc=0.5666, ρ(EU,AU)=0.184
Epoch 56 [Train]: 100%|█████████▉| 1354/1357 [00:40<00:00, 33.76it/s]
Epoch 56 [Train]: 100%|██████████| 1357/1357 [00:40<00:00, 33.33it/s]
Epoch 89 [Train]: 100%|█████████▉| 960/962 [00:26<00:00, 36.89it/s]
Epoch 89 [Train]: 100%|██████████| 962/962 [00:26<00:00, 36.64it/s]
Epoch 89 [Val]: 100%|██████████| 121/121 [00:02<00:00, 43.20it/s]
Epoch 89: Train Loss=1.0444, Val Acc=0.5609, ρ(EU,AU)=0.120
Epoch 56 [Val]: 100%|██████████| 170/170 [00:03<00:00, 46.53it/s]
Epoch 56 [Val]: 100%|██████████| 170/170 [00:03<00:00, 45.25it/s]
Epoch 56: Train Loss=2.2935, Val Acc=0.4517, ρ(EU,AU)=nan
Epoch 90 [Train]: 100%|█████████▉| 960/962 [00:26<00:00, 36.64it/s]
Epoch 90 [Train]: 100%|██████████| 962/962 [00:26<00:00, 36.64it/s]
Epoch 90 [Val]: 100%|██████████| 121/121 [00:02<00:00, 43.43it/s]
Epoch 90: Train Loss=1.0379, Val Acc=0.5739, ρ(EU,AU)=0.129
Epoch 57 [Train]: 100%|█████████▉| 1352/1357 [00:40<00:00, 32.37it/s]
Epoch 57 [Train]: 100%|█████████▉| 1356/1357 [00:40<00:00, 32.42it/s]
Epoch 57 [Train]: 100%|██████████| 1357/1357 [00:40<00:00, 33.11it/s]
Epoch 57 [Val]: 100%|██████████| 170/170 [00:03<00:00, 45.53it/s]
Epoch 57 [Val]: 100%|██████████| 170/170 [00:03<00:00, 44.32it/s]
Epoch 57: Train Loss=2.2877, Val Acc=0.4530, ρ(EU,AU)=nan
  ✓ New best model saved!
Epoch 91 [Train]: 100%|█████████▉| 960/962 [00:25<00:00, 36.84it/s]
Epoch 91 [Train]: 100%|██████████| 962/962 [00:26<00:00, 36.98it/s]
Epoch 91 [Val]: 100%|██████████| 121/121 [00:02<00:00, 43.43it/s]
Epoch 91: Train Loss=1.0432, Val Acc=0.5671, ρ(EU,AU)=0.171
Epoch 92 [Train]: 100%|█████████▉| 960/962 [00:26<00:00, 37.09it/s]
Epoch 92 [Train]: 100%|██████████| 962/962 [00:26<00:00, 36.32it/s]
Epoch 58 [Train]: 100%|█████████▉| 1352/1357 [00:41<00:00, 33.25it/s]
Epoch 58 [Train]: 100%|█████████▉| 1356/1357 [00:41<00:00, 32.95it/s]
Epoch 58 [Train]: 100%|██████████| 1357/1357 [00:41<00:00, 32.94it/s]
Epoch 92 [Val]: 100%|██████████| 121/121 [00:02<00:00, 43.40it/s]
Epoch 92: Train Loss=1.0431, Val Acc=0.5619, ρ(EU,AU)=0.130
Epoch 58 [Val]: 100%|██████████| 170/170 [00:03<00:00, 46.19it/s]
Epoch 58 [Val]: 100%|██████████| 170/170 [00:03<00:00, 44.96it/s]
Epoch 58: Train Loss=2.2847, Val Acc=0.4530, ρ(EU,AU)=nan
Epoch 93 [Train]: 100%|█████████▉| 960/962 [00:26<00:00, 36.37it/s]
Epoch 93 [Train]: 100%|██████████| 962/962 [00:26<00:00, 36.61it/s]
Epoch 93 [Val]: 100%|██████████| 121/121 [00:02<00:00, 42.73it/s]
Epoch 93: Train Loss=1.0337, Val Acc=0.5624, ρ(EU,AU)=0.146
Epoch 59 [Train]: 100%|█████████▉| 1352/1357 [00:40<00:00, 32.97it/s]
Epoch 59 [Train]: 100%|█████████▉| 1356/1357 [00:40<00:00, 33.05it/s]
Epoch 59 [Train]: 100%|██████████| 1357/1357 [00:40<00:00, 33.18it/s]
Epoch 59 [Val]: 100%|██████████| 170/170 [00:03<00:00, 46.51it/s]
Epoch 59 [Val]: 100%|██████████| 170/170 [00:03<00:00, 45.05it/s]
Epoch 59: Train Loss=2.2845, Val Acc=0.4536, ρ(EU,AU)=nan
  ✓ New best model saved!
Epoch 94 [Train]: 100%|█████████▉| 960/962 [00:26<00:00, 36.60it/s]
Epoch 94 [Train]: 100%|██████████| 962/962 [00:26<00:00, 36.52it/s]
Epoch 94 [Val]: 100%|██████████| 121/121 [00:02<00:00, 43.14it/s]
Epoch 94: Train Loss=1.0351, Val Acc=0.5661, ρ(EU,AU)=0.139
Epoch 95 [Train]: 100%|█████████▉| 960/962 [00:26<00:00, 36.76it/s]
Epoch 95 [Train]: 100%|██████████| 962/962 [00:26<00:00, 36.68it/s]
Epoch 95 [Val]:  99%|█████████▉| 120/121 [00:02<00:00, 42.43it/s]Epoch 95 [Val]: 100%|██████████| 121/121 [00:02<00:00, 42.97it/s]
Epoch 95: Train Loss=1.0303, Val Acc=0.5588, ρ(EU,AU)=0.127
Epoch 60 [Train]: 100%|█████████▉| 1354/1357 [00:40<00:00, 33.53it/s]
Epoch 60 [Train]: 100%|██████████| 1357/1357 [00:40<00:00, 33.27it/s]
Epoch 60 [Val]: 100%|██████████| 170/170 [00:03<00:00, 46.07it/s]
Epoch 60 [Val]: 100%|██████████| 170/170 [00:03<00:00, 45.23it/s]
Epoch 60: Train Loss=2.2811, Val Acc=0.4547, ρ(EU,AU)=nan
  ✓ New best model saved!
Epoch 96 [Train]: 100%|█████████▉| 960/962 [00:26<00:00, 36.56it/s]
Epoch 96 [Train]: 100%|██████████| 962/962 [00:26<00:00, 36.66it/s]
Epoch 96 [Val]: 100%|██████████| 121/121 [00:02<00:00, 43.41it/s]
Epoch 96: Train Loss=1.0432, Val Acc=0.5650, ρ(EU,AU)=0.139
Epoch 61 [Train]: 100%|█████████▉| 1352/1357 [00:40<00:00, 33.14it/s]
Epoch 61 [Train]: 100%|█████████▉| 1356/1357 [00:40<00:00, 33.06it/s]
Epoch 61 [Train]: 100%|██████████| 1357/1357 [00:40<00:00, 33.51it/s]
Epoch 61 [Val]: 100%|██████████| 170/170 [00:03<00:00, 45.56it/s]
Epoch 61 [Val]: 100%|██████████| 170/170 [00:03<00:00, 44.23it/s]
Epoch 61: Train Loss=2.2762, Val Acc=0.4548, ρ(EU,AU)=nan
  ✓ New best model saved!
Epoch 97 [Train]: 100%|█████████▉| 960/962 [00:26<00:00, 36.89it/s]
Epoch 97 [Train]: 100%|██████████| 962/962 [00:26<00:00, 36.44it/s]
Epoch 97 [Val]: 100%|██████████| 121/121 [00:02<00:00, 43.14it/s]
Epoch 97: Train Loss=1.0299, Val Acc=0.5687, ρ(EU,AU)=0.155
Epoch 98 [Train]: 100%|█████████▉| 960/962 [00:26<00:00, 36.89it/s]
Epoch 98 [Train]: 100%|██████████| 962/962 [00:26<00:00, 36.54it/s]
Epoch 98 [Val]: 100%|██████████| 121/121 [00:02<00:00, 43.17it/s]
Epoch 98: Train Loss=1.0235, Val Acc=0.5630, ρ(EU,AU)=0.136
Epoch 62 [Train]: 100%|█████████▉| 1352/1357 [00:41<00:00, 32.25it/s]
Epoch 62 [Train]: 100%|█████████▉| 1356/1357 [00:41<00:00, 32.24it/s]
Epoch 62 [Train]: 100%|██████████| 1357/1357 [00:41<00:00, 32.87it/s]
Epoch 62 [Val]: 100%|██████████| 170/170 [00:03<00:00, 45.78it/s]
Epoch 62 [Val]: 100%|██████████| 170/170 [00:03<00:00, 44.64it/s]
Epoch 62: Train Loss=2.2760, Val Acc=0.4554, ρ(EU,AU)=nan
  ✓ New best model saved!
Epoch 99 [Train]: 100%|█████████▉| 960/962 [00:26<00:00, 37.44it/s]
Epoch 99 [Train]: 100%|██████████| 962/962 [00:26<00:00, 36.83it/s]
Epoch 99 [Val]: 100%|██████████| 121/121 [00:02<00:00, 43.27it/s]
Epoch 99: Train Loss=1.0168, Val Acc=0.5619, ρ(EU,AU)=0.143
Epoch 63 [Train]: 100%|█████████▉| 1352/1357 [00:40<00:00, 34.47it/s]
Epoch 63 [Train]: 100%|█████████▉| 1356/1357 [00:40<00:00, 34.62it/s]
Epoch 63 [Train]: 100%|██████████| 1357/1357 [00:40<00:00, 33.30it/s]
Epoch 63 [Val]: 100%|██████████| 170/170 [00:03<00:00, 46.65it/s]
Epoch 63 [Val]: 100%|██████████| 170/170 [00:03<00:00, 45.78it/s]
Epoch 63: Train Loss=2.2709, Val Acc=0.4560, ρ(EU,AU)=nan
Epoch 100 [Train]: 100%|█████████▉| 960/962 [00:25<00:00, 37.58it/s]
Epoch 100 [Train]: 100%|██████████| 962/962 [00:25<00:00, 37.11it/s]
  ✓ New best model saved!
Epoch 100 [Val]: 100%|██████████| 121/121 [00:02<00:00, 43.42it/s]
Epoch 100: Train Loss=1.0226, Val Acc=0.5630, ρ(EU,AU)=0.148
============================================================
Training Complete! Best Val Acc: 0.5848
Total Time: 48.4 minutes
============================================================
✓ Loaded best model from epoch 43
Epoch 100 [Val]: 100%|██████████| 121/121 [00:02<00:00, 43.20it/s]
Test Acc: 0.5790 | ρ(EU,AU): -0.034
Epoch 64 [Train]: 100%|█████████▉| 1352/1357 [00:41<00:00, 32.24it/s]
Epoch 64 [Train]: 100%|█████████▉| 1356/1357 [00:41<00:00, 32.33it/s]
Epoch 64 [Train]: 100%|██████████| 1357/1357 [00:41<00:00, 32.46it/s]
Epoch 64 [Val]: 100%|██████████| 170/170 [00:03<00:00, 45.26it/s]
Epoch 64 [Val]: 100%|██████████| 170/170 [00:03<00:00, 44.53it/s]
Epoch 64: Train Loss=2.2673, Val Acc=0.4560, ρ(EU,AU)=nan
Epoch 65 [Train]: 100%|█████████▉| 1352/1357 [00:41<00:00, 34.07it/s]
Epoch 65 [Train]: 100%|█████████▉| 1356/1357 [00:41<00:00, 33.92it/s]
Epoch 65 [Train]: 100%|██████████| 1357/1357 [00:41<00:00, 32.91it/s]
Epoch 65 [Val]: 100%|██████████| 170/170 [00:03<00:00, 46.91it/s]
Epoch 65 [Val]: 100%|██████████| 170/170 [00:03<00:00, 45.50it/s]
Epoch 65: Train Loss=2.2705, Val Acc=0.4548, ρ(EU,AU)=nan
Epoch 66 [Train]: 100%|█████████▉| 1352/1357 [00:41<00:00, 32.47it/s]
Epoch 66 [Train]: 100%|█████████▉| 1356/1357 [00:41<00:00, 32.30it/s]
Epoch 66 [Train]: 100%|██████████| 1357/1357 [00:41<00:00, 32.97it/s]
Epoch 66 [Val]: 100%|██████████| 170/170 [00:03<00:00, 44.93it/s]
Epoch 66 [Val]: 100%|██████████| 170/170 [00:03<00:00, 44.56it/s]
Epoch 66: Train Loss=2.2657, Val Acc=0.4541, ρ(EU,AU)=nan
Epoch 67 [Train]: 100%|█████████▉| 1352/1357 [00:41<00:00, 32.26it/s]
Epoch 67 [Train]: 100%|█████████▉| 1356/1357 [00:41<00:00, 32.19it/s]
Epoch 67 [Train]: 100%|██████████| 1357/1357 [00:41<00:00, 32.34it/s]
Epoch 67 [Val]: 100%|██████████| 170/170 [00:03<00:00, 45.50it/s]
Epoch 67 [Val]: 100%|██████████| 170/170 [00:03<00:00, 44.41it/s]
Epoch 67: Train Loss=2.2624, Val Acc=0.4572, ρ(EU,AU)=nan
  ✓ New best model saved!
Epoch 68 [Train]: 100%|█████████▉| 1351/1357 [00:41<00:00, 32.14it/s]
Epoch 68 [Train]: 100%|█████████▉| 1355/1357 [00:41<00:00, 32.22it/s]
Epoch 68 [Train]: 100%|██████████| 1357/1357 [00:41<00:00, 32.50it/s]
Epoch 68 [Val]: 100%|██████████| 170/170 [00:03<00:00, 44.82it/s]
Epoch 68 [Val]: 100%|██████████| 170/170 [00:03<00:00, 44.40it/s]
Epoch 68: Train Loss=2.2634, Val Acc=0.4543, ρ(EU,AU)=nan
Epoch 69 [Train]: 100%|█████████▉| 1352/1357 [00:41<00:00, 32.33it/s]
Epoch 69 [Train]: 100%|█████████▉| 1356/1357 [00:42<00:00, 32.36it/s]
Epoch 69 [Train]: 100%|██████████| 1357/1357 [00:42<00:00, 32.26it/s]
Epoch 69 [Val]: 100%|██████████| 170/170 [00:03<00:00, 46.05it/s]
Epoch 69 [Val]: 100%|██████████| 170/170 [00:03<00:00, 44.96it/s]
Epoch 69: Train Loss=2.2629, Val Acc=0.4598, ρ(EU,AU)=nan
  ✓ New best model saved!
Epoch 70 [Train]: 100%|█████████▉| 1352/1357 [00:40<00:00, 31.80it/s]
Epoch 70 [Train]: 100%|█████████▉| 1356/1357 [00:41<00:00, 32.26it/s]
Epoch 70 [Train]: 100%|██████████| 1357/1357 [00:41<00:00, 33.04it/s]
Epoch 70 [Val]: 100%|██████████| 170/170 [00:03<00:00, 45.67it/s]
Epoch 70 [Val]: 100%|██████████| 170/170 [00:03<00:00, 44.84it/s]
Epoch 70: Train Loss=2.2597, Val Acc=0.4574, ρ(EU,AU)=nan
Epoch 71 [Train]: 100%|█████████▉| 1352/1357 [00:40<00:00, 32.14it/s]
Epoch 71 [Train]: 100%|█████████▉| 1356/1357 [00:40<00:00, 32.21it/s]
Epoch 71 [Train]: 100%|██████████| 1357/1357 [00:41<00:00, 33.09it/s]
Epoch 71 [Val]: 100%|██████████| 170/170 [00:03<00:00, 45.35it/s]
Epoch 71 [Val]: 100%|██████████| 170/170 [00:03<00:00, 44.94it/s]
Epoch 71: Train Loss=2.2571, Val Acc=0.4589, ρ(EU,AU)=nan
Epoch 72 [Train]: 100%|█████████▉| 1352/1357 [00:40<00:00, 33.18it/s]
Epoch 72 [Train]: 100%|█████████▉| 1356/1357 [00:40<00:00, 32.68it/s]
Epoch 72 [Train]: 100%|██████████| 1357/1357 [00:40<00:00, 33.34it/s]
Epoch 72 [Val]: 100%|██████████| 170/170 [00:03<00:00, 46.25it/s]
Epoch 72 [Val]: 100%|██████████| 170/170 [00:03<00:00, 45.11it/s]
Epoch 72: Train Loss=2.2544, Val Acc=0.4561, ρ(EU,AU)=nan
Epoch 73 [Train]: 100%|█████████▉| 1352/1357 [00:40<00:00, 33.58it/s]
Epoch 73 [Train]: 100%|█████████▉| 1356/1357 [00:40<00:00, 33.55it/s]
Epoch 73 [Train]: 100%|██████████| 1357/1357 [00:40<00:00, 33.35it/s]
Epoch 73 [Val]: 100%|██████████| 170/170 [00:03<00:00, 46.06it/s]
Epoch 73 [Val]: 100%|██████████| 170/170 [00:03<00:00, 45.48it/s]
Epoch 73: Train Loss=2.2553, Val Acc=0.4591, ρ(EU,AU)=nan
Epoch 74 [Train]: 100%|█████████▉| 1352/1357 [00:40<00:00, 33.92it/s]
Epoch 74 [Train]: 100%|█████████▉| 1356/1357 [00:40<00:00, 33.67it/s]
Epoch 74 [Train]: 100%|██████████| 1357/1357 [00:40<00:00, 33.74it/s]
Epoch 74 [Val]: 100%|██████████| 170/170 [00:03<00:00, 46.49it/s]
Epoch 74 [Val]: 100%|██████████| 170/170 [00:03<00:00, 45.28it/s]
Epoch 74: Train Loss=2.2487, Val Acc=0.4583, ρ(EU,AU)=nan
Epoch 75 [Train]: 100%|█████████▉| 1352/1357 [00:40<00:00, 32.99it/s]
Epoch 75 [Train]: 100%|█████████▉| 1356/1357 [00:40<00:00, 33.23it/s]
Epoch 75 [Train]: 100%|██████████| 1357/1357 [00:40<00:00, 33.80it/s]
Epoch 75 [Val]: 100%|██████████| 170/170 [00:03<00:00, 46.99it/s]
Epoch 75 [Val]: 100%|██████████| 170/170 [00:03<00:00, 45.47it/s]
Epoch 75: Train Loss=2.2526, Val Acc=0.4582, ρ(EU,AU)=nan
Epoch 76 [Train]: 100%|█████████▉| 1352/1357 [00:40<00:00, 33.95it/s]
Epoch 76 [Train]: 100%|█████████▉| 1356/1357 [00:40<00:00, 34.18it/s]
Epoch 76 [Train]: 100%|██████████| 1357/1357 [00:40<00:00, 33.53it/s]
Epoch 76 [Val]: 100%|██████████| 170/170 [00:03<00:00, 46.17it/s]
Epoch 76 [Val]: 100%|██████████| 170/170 [00:03<00:00, 45.48it/s]
Epoch 76: Train Loss=2.2475, Val Acc=0.4578, ρ(EU,AU)=nan
Epoch 77 [Train]: 100%|█████████▉| 1352/1357 [00:40<00:00, 33.71it/s]
Epoch 77 [Train]: 100%|█████████▉| 1356/1357 [00:40<00:00, 33.52it/s]
Epoch 77 [Train]: 100%|██████████| 1357/1357 [00:40<00:00, 33.47it/s]
Epoch 77 [Val]: 100%|██████████| 170/170 [00:03<00:00, 46.14it/s]
Epoch 77 [Val]: 100%|██████████| 170/170 [00:03<00:00, 45.28it/s]
Epoch 77: Train Loss=2.2471, Val Acc=0.4598, ρ(EU,AU)=nan
Epoch 78 [Train]: 100%|█████████▉| 1352/1357 [00:41<00:00, 30.88it/s]
Epoch 78 [Train]: 100%|█████████▉| 1356/1357 [00:41<00:00, 30.68it/s]
Epoch 78 [Train]: 100%|██████████| 1357/1357 [00:41<00:00, 32.37it/s]
Epoch 78 [Val]: 100%|██████████| 170/170 [00:03<00:00, 43.65it/s]
Epoch 78 [Val]: 100%|██████████| 170/170 [00:03<00:00, 43.02it/s]
Epoch 78: Train Loss=2.2458, Val Acc=0.4589, ρ(EU,AU)=nan
Epoch 79 [Train]: 100%|█████████▉| 1351/1357 [00:42<00:00, 31.52it/s]
Epoch 79 [Train]: 100%|█████████▉| 1355/1357 [00:42<00:00, 31.31it/s]
Epoch 79 [Train]: 100%|██████████| 1357/1357 [00:43<00:00, 31.54it/s]
Epoch 79 [Val]: 100%|██████████| 170/170 [00:03<00:00, 43.62it/s]
Epoch 79 [Val]: 100%|██████████| 170/170 [00:03<00:00, 43.52it/s]
Epoch 79: Train Loss=2.2473, Val Acc=0.4596, ρ(EU,AU)=nan
Epoch 80 [Train]: 100%|█████████▉| 1352/1357 [00:42<00:00, 31.44it/s]
Epoch 80 [Train]: 100%|█████████▉| 1356/1357 [00:42<00:00, 31.20it/s]
Epoch 80 [Train]: 100%|██████████| 1357/1357 [00:42<00:00, 31.68it/s]
Epoch 80 [Val]: 100%|██████████| 170/170 [00:03<00:00, 43.70it/s]
Epoch 80 [Val]: 100%|██████████| 170/170 [00:03<00:00, 43.14it/s]
Epoch 80: Train Loss=2.2431, Val Acc=0.4595, ρ(EU,AU)=nan
Epoch 81 [Train]: 100%|█████████▉| 1352/1357 [00:42<00:00, 30.79it/s]
Epoch 81 [Train]: 100%|█████████▉| 1356/1357 [00:42<00:00, 30.77it/s]
Epoch 81 [Train]: 100%|██████████| 1357/1357 [00:42<00:00, 31.67it/s]
Epoch 81 [Val]: 100%|██████████| 170/170 [00:03<00:00, 43.69it/s]
Epoch 81 [Val]: 100%|██████████| 170/170 [00:03<00:00, 43.17it/s]
Epoch 81: Train Loss=2.2395, Val Acc=0.4576, ρ(EU,AU)=nan
Epoch 82 [Train]: 100%|█████████▉| 1352/1357 [00:41<00:00, 33.17it/s]
Epoch 82 [Train]: 100%|█████████▉| 1356/1357 [00:41<00:00, 33.26it/s]
Epoch 82 [Train]: 100%|██████████| 1357/1357 [00:41<00:00, 32.84it/s]
Epoch 82 [Val]: 100%|██████████| 170/170 [00:03<00:00, 46.52it/s]
Epoch 82 [Val]: 100%|██████████| 170/170 [00:03<00:00, 45.35it/s]
Epoch 82: Train Loss=2.2428, Val Acc=0.4600, ρ(EU,AU)=nan
  ✓ New best model saved!
Epoch 83 [Train]: 100%|█████████▉| 1352/1357 [00:41<00:00, 33.90it/s]
Epoch 83 [Train]: 100%|█████████▉| 1356/1357 [00:41<00:00, 33.75it/s]
Epoch 83 [Train]: 100%|██████████| 1357/1357 [00:41<00:00, 32.97it/s]
Epoch 83 [Val]: 100%|██████████| 170/170 [00:03<00:00, 45.29it/s]
Epoch 83 [Val]: 100%|██████████| 170/170 [00:03<00:00, 45.45it/s]
Epoch 83: Train Loss=2.2378, Val Acc=0.4602, ρ(EU,AU)=nan
  ✓ New best model saved!
Epoch 84 [Train]: 100%|█████████▉| 1352/1357 [00:40<00:00, 32.39it/s]
Epoch 84 [Train]: 100%|█████████▉| 1356/1357 [00:40<00:00, 32.23it/s]
Epoch 84 [Train]: 100%|██████████| 1357/1357 [00:40<00:00, 33.36it/s]
Epoch 84 [Val]: 100%|██████████| 170/170 [00:03<00:00, 45.89it/s]
Epoch 84 [Val]: 100%|██████████| 170/170 [00:03<00:00, 44.56it/s]
Epoch 84: Train Loss=2.2394, Val Acc=0.4595, ρ(EU,AU)=nan
Epoch 85 [Train]: 100%|█████████▉| 1352/1357 [00:41<00:00, 32.86it/s]
Epoch 85 [Train]: 100%|█████████▉| 1356/1357 [00:41<00:00, 32.92it/s]
Epoch 85 [Train]: 100%|██████████| 1357/1357 [00:41<00:00, 32.96it/s]
Epoch 85 [Val]: 100%|██████████| 170/170 [00:03<00:00, 46.71it/s]
Epoch 85 [Val]: 100%|██████████| 170/170 [00:03<00:00, 45.77it/s]
Epoch 85: Train Loss=2.2382, Val Acc=0.4596, ρ(EU,AU)=nan
Epoch 86 [Train]: 100%|█████████▉| 1352/1357 [00:40<00:00, 31.76it/s]
Epoch 86 [Train]: 100%|█████████▉| 1356/1357 [00:41<00:00, 31.78it/s]
Epoch 86 [Train]: 100%|██████████| 1357/1357 [00:41<00:00, 33.06it/s]
Epoch 86 [Val]: 100%|██████████| 170/170 [00:03<00:00, 44.55it/s]
Epoch 86 [Val]: 100%|██████████| 170/170 [00:03<00:00, 44.00it/s]
Epoch 86: Train Loss=2.2404, Val Acc=0.4607, ρ(EU,AU)=nan
  ✓ New best model saved!
Epoch 87 [Train]: 100%|█████████▉| 1352/1357 [00:41<00:00, 33.16it/s]
Epoch 87 [Train]: 100%|█████████▉| 1356/1357 [00:41<00:00, 33.40it/s]
Epoch 87 [Train]: 100%|██████████| 1357/1357 [00:41<00:00, 32.95it/s]
Epoch 87 [Val]: 100%|██████████| 170/170 [00:03<00:00, 46.42it/s]
Epoch 87 [Val]: 100%|██████████| 170/170 [00:03<00:00, 45.11it/s]
Epoch 87: Train Loss=2.2355, Val Acc=0.4604, ρ(EU,AU)=nan
Epoch 88 [Train]: 100%|█████████▉| 1352/1357 [00:41<00:00, 32.77it/s]
Epoch 88 [Train]: 100%|█████████▉| 1356/1357 [00:41<00:00, 32.50it/s]
Epoch 88 [Train]: 100%|██████████| 1357/1357 [00:41<00:00, 32.81it/s]
Epoch 88 [Val]: 100%|██████████| 170/170 [00:03<00:00, 45.85it/s]
Epoch 88 [Val]: 100%|██████████| 170/170 [00:03<00:00, 45.18it/s]
Epoch 88: Train Loss=2.2374, Val Acc=0.4607, ρ(EU,AU)=nan
Epoch 89 [Train]: 100%|█████████▉| 1352/1357 [00:40<00:00, 34.26it/s]
Epoch 89 [Train]: 100%|█████████▉| 1356/1357 [00:41<00:00, 33.95it/s]
Epoch 89 [Train]: 100%|██████████| 1357/1357 [00:41<00:00, 33.03it/s]
Epoch 89 [Val]: 100%|██████████| 170/170 [00:03<00:00, 46.04it/s]
Epoch 89 [Val]: 100%|██████████| 170/170 [00:03<00:00, 45.16it/s]
Epoch 89: Train Loss=2.2346, Val Acc=0.4596, ρ(EU,AU)=nan
Epoch 90 [Train]: 100%|█████████▉| 1352/1357 [00:41<00:00, 32.56it/s]
Epoch 90 [Train]: 100%|█████████▉| 1356/1357 [00:41<00:00, 32.52it/s]
Epoch 90 [Train]: 100%|██████████| 1357/1357 [00:41<00:00, 32.78it/s]
Epoch 90 [Val]: 100%|██████████| 170/170 [00:03<00:00, 45.81it/s]
Epoch 90 [Val]: 100%|██████████| 170/170 [00:03<00:00, 44.87it/s]
Epoch 90: Train Loss=2.2336, Val Acc=0.4600, ρ(EU,AU)=nan
Epoch 91 [Train]: 100%|█████████▉| 1352/1357 [00:41<00:00, 33.86it/s]
Epoch 91 [Train]: 100%|█████████▉| 1356/1357 [00:41<00:00, 33.88it/s]
Epoch 91 [Train]: 100%|██████████| 1357/1357 [00:41<00:00, 32.73it/s]
Epoch 91 [Val]: 100%|██████████| 170/170 [00:03<00:00, 46.44it/s]
Epoch 91 [Val]: 100%|██████████| 170/170 [00:03<00:00, 45.48it/s]
Epoch 91: Train Loss=2.2322, Val Acc=0.4604, ρ(EU,AU)=nan
Epoch 92 [Train]: 100%|█████████▉| 1352/1357 [00:40<00:00, 32.49it/s]
Epoch 92 [Train]: 100%|█████████▉| 1356/1357 [00:40<00:00, 32.58it/s]
Epoch 92 [Train]: 100%|██████████| 1357/1357 [00:40<00:00, 33.28it/s]
Epoch 92 [Val]: 100%|██████████| 170/170 [00:03<00:00, 45.18it/s]
Epoch 92 [Val]: 100%|██████████| 170/170 [00:03<00:00, 45.19it/s]
Epoch 92: Train Loss=2.2322, Val Acc=0.4609, ρ(EU,AU)=nan
  ✓ New best model saved!
Epoch 93 [Train]: 100%|█████████▉| 1352/1357 [00:41<00:00, 32.28it/s]
Epoch 93 [Train]: 100%|█████████▉| 1356/1357 [00:41<00:00, 32.41it/s]
Epoch 93 [Train]: 100%|██████████| 1357/1357 [00:41<00:00, 32.71it/s]
Epoch 93 [Val]: 100%|██████████| 170/170 [00:03<00:00, 45.61it/s]
Epoch 93 [Val]: 100%|██████████| 170/170 [00:03<00:00, 44.70it/s]
Epoch 93: Train Loss=2.2311, Val Acc=0.4602, ρ(EU,AU)=nan
Epoch 94 [Train]: 100%|█████████▉| 1352/1357 [00:40<00:00, 32.17it/s]
Epoch 94 [Train]: 100%|█████████▉| 1356/1357 [00:40<00:00, 32.06it/s]
Epoch 94 [Train]: 100%|██████████| 1357/1357 [00:40<00:00, 33.20it/s]
Epoch 94 [Val]: 100%|██████████| 170/170 [00:03<00:00, 45.11it/s]
Epoch 94 [Val]: 100%|██████████| 170/170 [00:03<00:00, 44.42it/s]
Epoch 94: Train Loss=2.2318, Val Acc=0.4595, ρ(EU,AU)=nan
Epoch 95 [Train]: 100%|█████████▉| 1352/1357 [00:41<00:00, 32.01it/s]
Epoch 95 [Train]: 100%|█████████▉| 1356/1357 [00:41<00:00, 32.14it/s]
Epoch 95 [Train]: 100%|██████████| 1357/1357 [00:41<00:00, 32.83it/s]
Epoch 95 [Val]: 100%|██████████| 170/170 [00:03<00:00, 45.34it/s]
Epoch 95 [Val]: 100%|██████████| 170/170 [00:03<00:00, 44.34it/s]
Epoch 95: Train Loss=2.2335, Val Acc=0.4595, ρ(EU,AU)=nan
Epoch 96 [Train]: 100%|█████████▉| 1352/1357 [00:41<00:00, 32.63it/s]
Epoch 96 [Train]: 100%|█████████▉| 1356/1357 [00:41<00:00, 32.49it/s]
Epoch 96 [Train]: 100%|██████████| 1357/1357 [00:41<00:00, 32.69it/s]
Epoch 96 [Val]: 100%|██████████| 170/170 [00:03<00:00, 45.50it/s]
Epoch 96 [Val]: 100%|██████████| 170/170 [00:03<00:00, 44.87it/s]
Epoch 96: Train Loss=2.2293, Val Acc=0.4600, ρ(EU,AU)=nan
Epoch 97 [Train]: 100%|█████████▉| 1352/1357 [00:40<00:00, 33.02it/s]
Epoch 97 [Train]: 100%|█████████▉| 1356/1357 [00:41<00:00, 33.06it/s]
Epoch 97 [Train]: 100%|██████████| 1357/1357 [00:41<00:00, 33.01it/s]
Epoch 97 [Val]: 100%|██████████| 170/170 [00:03<00:00, 46.51it/s]
Epoch 97 [Val]: 100%|██████████| 170/170 [00:03<00:00, 45.37it/s]
Epoch 97: Train Loss=2.2289, Val Acc=0.4604, ρ(EU,AU)=nan
Epoch 98 [Train]: 100%|█████████▉| 1352/1357 [00:41<00:00, 32.45it/s]
Epoch 98 [Train]: 100%|█████████▉| 1356/1357 [00:41<00:00, 32.68it/s]
Epoch 98 [Train]: 100%|██████████| 1357/1357 [00:41<00:00, 32.58it/s]
Epoch 98 [Val]: 100%|██████████| 170/170 [00:03<00:00, 46.66it/s]
Epoch 98 [Val]: 100%|██████████| 170/170 [00:03<00:00, 45.58it/s]
Epoch 98: Train Loss=2.2339, Val Acc=0.4607, ρ(EU,AU)=nan
Epoch 99 [Train]: 100%|█████████▉| 1352/1357 [00:40<00:00, 32.34it/s]
Epoch 99 [Train]: 100%|█████████▉| 1356/1357 [00:40<00:00, 32.22it/s]
Epoch 99 [Train]: 100%|██████████| 1357/1357 [00:40<00:00, 33.27it/s]
Epoch 99 [Val]: 100%|██████████| 170/170 [00:03<00:00, 45.13it/s]
Epoch 99 [Val]: 100%|██████████| 170/170 [00:03<00:00, 44.48it/s]
Epoch 99: Train Loss=2.2312, Val Acc=0.4604, ρ(EU,AU)=nan
Epoch 100 [Train]: 100%|█████████▉| 1352/1357 [00:41<00:00, 33.86it/s]
Epoch 100 [Train]: 100%|█████████▉| 1356/1357 [00:41<00:00, 34.12it/s]
Epoch 100 [Train]: 100%|██████████| 1357/1357 [00:41<00:00, 32.60it/s]
Epoch 100 [Val]: 100%|██████████| 170/170 [00:03<00:00, 46.92it/s]
Epoch 100 [Val]: 100%|██████████| 170/170 [00:03<00:00, 45.65it/s]
Epoch 100: Train Loss=2.2320, Val Acc=0.4604, ρ(EU,AU)=nan
============================================================
Training Complete! Best Val Acc: 0.4609
Total Time: 76.0 minutes
============================================================
✓ Loaded best model from epoch 92
Epoch 100 [Val]: 100%|██████████| 170/170 [00:03<00:00, 46.20it/s]
Epoch 100 [Val]: 100%|██████████| 170/170 [00:03<00:00, 45.28it/s]
Test Acc: 0.4483 | ρ(EU,AU): 0.021
[stream ended, exit 0]
