Training: 100%|██████████| 50/50 [00:03<00:00, 14.41it/s, loss=0.7580, ρ(AU,H)=0.773]
Evaluating: 100%|██████████| 26/26 [00:00<00:00, 34.81it/s]
Train Loss: 0.8318
Val Loss: 1.6314
ρ(EU,AU): 0.282 | ρ(AU,H): 0.766
============================================================
Epoch 84/100
============================================================
Training: 100%|██████████| 50/50 [00:03<00:00, 15.52it/s, loss=3.4503, ρ(AU,H)=0.628]
Training: 100%|██████████| 50/50 [00:03<00:00, 14.36it/s, loss=3.4503, ρ(AU,H)=0.628]
Evaluating: 100%|██████████| 26/26 [00:00<00:00, 34.96it/s]
Train Loss: 0.8570
Val Loss: 1.6110
ρ(EU,AU): 0.296 | ρ(AU,H): 0.773
============================================================
Epoch 85/100
============================================================
Training: 100%|██████████| 50/50 [00:03<00:00, 14.44it/s, loss=0.8949, ρ(AU,H)=0.654]
Evaluating: 100%|██████████| 26/26 [00:00<00:00, 35.25it/s]
Train Loss: 0.8485
Val Loss: 1.3425
ρ(EU,AU): 0.150 | ρ(AU,H): 0.769
============================================================
Epoch 86/100
============================================================
Training: 100%|██████████| 50/50 [00:03<00:00, 14.81it/s, loss=1.9289, ρ(AU,H)=0.258]
Evaluating: 100%|██████████| 26/26 [00:00<00:00, 34.22it/s]
Train Loss: 0.8973
Val Loss: 1.2165
ρ(EU,AU): 0.027 | ρ(AU,H): 0.776
============================================================
Epoch 87/100
============================================================
Training: 100%|██████████| 50/50 [00:03<00:00, 15.16it/s, loss=1.0653, ρ(AU,H)=0.198]
Training: 100%|██████████| 50/50 [00:03<00:00, 14.21it/s, loss=1.0653, ρ(AU,H)=0.198]
Evaluating: 100%|██████████| 26/26 [00:00<00:00, 35.09it/s]
Train Loss: 0.9238
Val Loss: 1.2662
ρ(EU,AU): 0.047 | ρ(AU,H): 0.779
============================================================
Epoch 88/100
============================================================
Training: 100%|██████████| 50/50 [00:03<00:00, 15.44it/s, loss=1.2621, ρ(AU,H)=0.072]
Training: 100%|██████████| 50/50 [00:03<00:00, 14.16it/s, loss=1.2621, ρ(AU,H)=0.072]
Evaluating: 100%|██████████| 26/26 [00:00<00:00, 34.59it/s]
Train Loss: 0.9332
Val Loss: 1.3509
ρ(EU,AU): 0.052 | ρ(AU,H): 0.770
============================================================
Epoch 89/100
============================================================
Training: 100%|██████████| 50/50 [00:03<00:00, 14.00it/s, loss=2.4691, ρ(AU,H)=0.727]
Evaluating: 100%|██████████| 26/26 [00:00<00:00, 34.78it/s]
Train Loss: 0.8300
Val Loss: 1.3704
ρ(EU,AU): -0.135 | ρ(AU,H): 0.758
============================================================
Epoch 90/100
============================================================
Training: 100%|██████████| 50/50 [00:03<00:00, 14.33it/s, loss=2.4250, ρ(AU,H)=0.632]
Evaluating: 100%|██████████| 26/26 [00:00<00:00, 34.96it/s]
Train Loss: 0.8744
Val Loss: 1.3182
ρ(EU,AU): 0.151 | ρ(AU,H): 0.773
============================================================
Epoch 91/100
============================================================
Training: 100%|██████████| 50/50 [00:03<00:00, 15.63it/s, loss=0.8339, ρ(AU,H)=0.194]
Training: 100%|██████████| 50/50 [00:03<00:00, 14.22it/s, loss=0.8339, ρ(AU,H)=0.194]
Evaluating: 100%|██████████| 26/26 [00:00<00:00, 35.30it/s]
Train Loss: 0.7548
Val Loss: 1.3005
ρ(EU,AU): 0.201 | ρ(AU,H): 0.776
============================================================
Epoch 92/100
============================================================
Training: 100%|██████████| 50/50 [00:03<00:00, 15.41it/s, loss=0.7403, ρ(AU,H)=0.261]
Training: 100%|██████████| 50/50 [00:03<00:00, 14.29it/s, loss=0.7403, ρ(AU,H)=0.261]
Evaluating: 100%|██████████| 26/26 [00:00<00:00, 34.87it/s]
Train Loss: 0.8871
Val Loss: 1.1754
ρ(EU,AU): -0.012 | ρ(AU,H): 0.777
============================================================
Epoch 93/100
============================================================
Training: 100%|██████████| 50/50 [00:03<00:00, 15.11it/s, loss=0.8170, ρ(AU,H)=0.323]
Training: 100%|██████████| 50/50 [00:03<00:00, 14.09it/s, loss=0.8170, ρ(AU,H)=0.323]
Evaluating: 100%|██████████| 26/26 [00:00<00:00, 34.05it/s]
Train Loss: 0.7828
Val Loss: 1.2273
ρ(EU,AU): -0.080 | ρ(AU,H): 0.777
============================================================
Epoch 94/100
============================================================
Training: 100%|██████████| 50/50 [00:03<00:00, 14.97it/s, loss=0.9912, ρ(AU,H)=-0.162]
Training: 100%|██████████| 50/50 [00:03<00:00, 13.85it/s, loss=0.9912, ρ(AU,H)=-0.162]
Evaluating: 100%|██████████| 26/26 [00:00<00:00, 33.77it/s]
Train Loss: 0.8673
Val Loss: 1.2390
ρ(EU,AU): 0.030 | ρ(AU,H): 0.777
============================================================
Epoch 95/100
============================================================
Training: 100%|██████████| 50/50 [00:03<00:00, 15.09it/s, loss=0.8433, ρ(AU,H)=0.528]
Training: 100%|██████████| 50/50 [00:03<00:00, 13.69it/s, loss=0.8433, ρ(AU,H)=0.528]
Evaluating: 100%|██████████| 26/26 [00:00<00:00, 33.58it/s]
Train Loss: 0.7370
Val Loss: 1.3399
ρ(EU,AU): 0.195 | ρ(AU,H): 0.778
============================================================
Epoch 96/100
============================================================
Training: 100%|██████████| 50/50 [00:03<00:00, 15.50it/s, loss=1.7537, ρ(AU,H)=0.396]
Training: 100%|██████████| 50/50 [00:03<00:00, 14.38it/s, loss=1.7537, ρ(AU,H)=0.396]
Evaluating: 100%|██████████| 26/26 [00:00<00:00, 35.11it/s]
Train Loss: 0.7527
Val Loss: 1.2614
ρ(EU,AU): 0.168 | ρ(AU,H): 0.797
============================================================
Epoch 97/100
============================================================
Training: 100%|██████████| 50/50 [00:03<00:00, 14.17it/s, loss=1.3009, ρ(AU,H)=0.443]
Evaluating: 100%|██████████| 26/26 [00:00<00:00, 34.78it/s]
Train Loss: 0.7939
Val Loss: 1.2361
ρ(EU,AU): 0.063 | ρ(AU,H): 0.799
============================================================
Epoch 98/100
============================================================
Training: 100%|██████████| 50/50 [00:03<00:00, 15.23it/s, loss=2.0268, ρ(AU,H)=0.371]
Training: 100%|██████████| 50/50 [00:03<00:00, 14.21it/s, loss=2.0268, ρ(AU,H)=0.371]
Evaluating: 100%|██████████| 26/26 [00:00<00:00, 34.33it/s]
Train Loss: 0.7370
Val Loss: 1.2202
ρ(EU,AU): -0.007 | ρ(AU,H): 0.811
============================================================
Epoch 99/100
============================================================
Training: 100%|██████████| 50/50 [00:03<00:00, 15.53it/s, loss=1.4815, ρ(AU,H)=0.394]
Training: 100%|██████████| 50/50 [00:03<00:00, 14.23it/s, loss=1.4815, ρ(AU,H)=0.394]
Evaluating: 100%|██████████| 26/26 [00:00<00:00, 34.61it/s]
Train Loss: 0.8189
Val Loss: 1.1417
ρ(EU,AU): 0.078 | ρ(AU,H): 0.818
============================================================
Epoch 100/100
============================================================
Training: 100%|██████████| 50/50 [00:03<00:00, 15.49it/s, loss=1.9121, ρ(AU,H)=0.299]
Training: 100%|██████████| 50/50 [00:03<00:00, 14.55it/s, loss=1.9121, ρ(AU,H)=0.299]
Evaluating: 100%|██████████| 26/26 [00:00<00:00, 34.64it/s]
Train Loss: 0.8328
Val Loss: 1.1674
ρ(EU,AU): 0.057 | ρ(AU,H): 0.812
============================================================
Final Test Evaluation
============================================================
Evaluating: 100%|██████████| 27/27 [00:00<00:00, 34.38it/s]
============================================================
Final Test Results
============================================================
  Val Loss: 1.0407
  σ_epi: 0.3910 | σ_ale: 0.6978
  ρ(EU,AU): 0.026 (target: <0.3)
  ρ(AU,H): 0.844 (target: >0.5)
[stream ended, exit 0]
