[2026-09-25 17:31:02] waiting on 18 runs: cebab_3class_distilbert_seed42_100ep_fixed cebab_3class_distilbert_seed123_100ep_fixed cebab_3class_distilbert_seed2024_100ep_fixed cebab_3class_roberta_base_seed42_100ep_fixed cebab_3class_roberta_base_seed123_100ep_fixed cebab_3class_roberta_base_seed2024_100ep_fixed cebab_3class_distilbert_seed42_100ep_fixed_noale cebab_3class_distilbert_seed123_100ep_fixed_noale cebab_3class_distilbert_seed2024_100ep_fixed_noale cebab_3class_distilbert_seed42_100ep_fixed_decorr5 cebab_3class_distilbert_seed123_100ep_fixed_decorr5 cebab_3class_distilbert_seed2024_100ep_fixed_decorr5 hatexplain_distilbert_seed42_100ep goemotions_distilbert_seed42_100ep maqa_distilbert_seed42_100ep ambigqa_distilbert_seed42_100ep ambigqa_distilbert_seed123_100ep ambigqa_distilbert_seed2024_100ep
[2026-09-25 17:36:21] waiting on 18 runs: cebab_3class_distilbert_seed42_100ep_fixed cebab_3class_distilbert_seed123_100ep_fixed cebab_3class_distilbert_seed2024_100ep_fixed cebab_3class_roberta_base_seed42_100ep_fixed cebab_3class_roberta_base_seed123_100ep_fixed cebab_3class_roberta_base_seed2024_100ep_fixed cebab_3class_distilbert_seed42_100ep_fixed_noale cebab_3class_distilbert_seed123_100ep_fixed_noale cebab_3class_distilbert_seed2024_100ep_fixed_noale cebab_3class_distilbert_seed42_100ep_fixed_decorr5 cebab_3class_distilbert_seed123_100ep_fixed_decorr5 cebab_3class_distilbert_seed2024_100ep_fixed_decorr5 hatexplain_distilbert_seed42_100ep goemotions_distilbert_seed42_100ep maqa_distilbert_seed42_100ep ambigqa_distilbert_seed42_100ep ambigqa_distilbert_seed123_100ep ambigqa_distilbert_seed2024_100ep
[2026-09-25 17:41:39] waiting on 18 runs: cebab_3class_distilbert_seed42_100ep_fixed cebab_3class_distilbert_seed123_100ep_fixed cebab_3class_distilbert_seed2024_100ep_fixed cebab_3class_roberta_base_seed42_100ep_fixed cebab_3class_roberta_base_seed123_100ep_fixed cebab_3class_roberta_base_seed2024_100ep_fixed cebab_3class_distilbert_seed42_100ep_fixed_noale cebab_3class_distilbert_seed123_100ep_fixed_noale cebab_3class_distilbert_seed2024_100ep_fixed_noale cebab_3class_distilbert_seed42_100ep_fixed_decorr5 cebab_3class_distilbert_seed123_100ep_fixed_decorr5 cebab_3class_distilbert_seed2024_100ep_fixed_decorr5 hatexplain_distilbert_seed42_100ep goemotions_distilbert_seed42_100ep maqa_distilbert_seed42_100ep ambigqa_distilbert_seed42_100ep ambigqa_distilbert_seed123_100ep ambigqa_distilbert_seed2024_100ep
[2026-09-25 17:46:58] waiting on 18 runs: cebab_3class_distilbert_seed42_100ep_fixed cebab_3class_distilbert_seed123_100ep_fixed cebab_3class_distilbert_seed2024_100ep_fixed cebab_3class_roberta_base_seed42_100ep_fixed cebab_3class_roberta_base_seed123_100ep_fixed cebab_3class_roberta_base_seed2024_100ep_fixed cebab_3class_distilbert_seed42_100ep_fixed_noale cebab_3class_distilbert_seed123_100ep_fixed_noale cebab_3class_distilbert_seed2024_100ep_fixed_noale cebab_3class_distilbert_seed42_100ep_fixed_decorr5 cebab_3class_distilbert_seed123_100ep_fixed_decorr5 cebab_3class_distilbert_seed2024_100ep_fixed_decorr5 hatexplain_distilbert_seed42_100ep goemotions_distilbert_seed42_100ep maqa_distilbert_seed42_100ep ambigqa_distilbert_seed42_100ep ambigqa_distilbert_seed123_100ep ambigqa_distilbert_seed2024_100ep
[2026-09-25 17:52:17] waiting on 11 runs: cebab_3class_roberta_base_seed42_100ep_fixed cebab_3class_roberta_base_seed123_100ep_fixed cebab_3class_roberta_base_seed2024_100ep_fixed cebab_3class_distilbert_seed123_100ep_fixed_decorr5 cebab_3class_distilbert_seed2024_100ep_fixed_decorr5 hatexplain_distilbert_seed42_100ep goemotions_distilbert_seed42_100ep maqa_distilbert_seed42_100ep ambigqa_distilbert_seed42_100ep ambigqa_distilbert_seed123_100ep ambigqa_distilbert_seed2024_100ep
[2026-09-25 17:57:38] waiting on 11 runs: cebab_3class_roberta_base_seed42_100ep_fixed cebab_3class_roberta_base_seed123_100ep_fixed cebab_3class_roberta_base_seed2024_100ep_fixed cebab_3class_distilbert_seed123_100ep_fixed_decorr5 cebab_3class_distilbert_seed2024_100ep_fixed_decorr5 hatexplain_distilbert_seed42_100ep goemotions_distilbert_seed42_100ep maqa_distilbert_seed42_100ep ambigqa_distilbert_seed42_100ep ambigqa_distilbert_seed123_100ep ambigqa_distilbert_seed2024_100ep
[2026-09-25 18:02:56] waiting on 8 runs: cebab_3class_roberta_base_seed42_100ep_fixed cebab_3class_roberta_base_seed123_100ep_fixed cebab_3class_roberta_base_seed2024_100ep_fixed cebab_3class_distilbert_seed123_100ep_fixed_decorr5 cebab_3class_distilbert_seed2024_100ep_fixed_decorr5 hatexplain_distilbert_seed42_100ep goemotions_distilbert_seed42_100ep ambigqa_distilbert_seed2024_100ep
[2026-09-25 18:08:15] waiting on 7 runs: cebab_3class_roberta_base_seed42_100ep_fixed cebab_3class_roberta_base_seed123_100ep_fixed cebab_3class_roberta_base_seed2024_100ep_fixed cebab_3class_distilbert_seed123_100ep_fixed_decorr5 cebab_3class_distilbert_seed2024_100ep_fixed_decorr5 hatexplain_distilbert_seed42_100ep goemotions_distilbert_seed42_100ep
[2026-09-25 18:13:32] waiting on 7 runs: cebab_3class_roberta_base_seed42_100ep_fixed cebab_3class_roberta_base_seed123_100ep_fixed cebab_3class_roberta_base_seed2024_100ep_fixed cebab_3class_distilbert_seed123_100ep_fixed_decorr5 cebab_3class_distilbert_seed2024_100ep_fixed_decorr5 hatexplain_distilbert_seed42_100ep goemotions_distilbert_seed42_100ep
[2026-09-25 18:18:55] waiting on 7 runs: cebab_3class_roberta_base_seed42_100ep_fixed cebab_3class_roberta_base_seed123_100ep_fixed cebab_3class_roberta_base_seed2024_100ep_fixed cebab_3class_distilbert_seed123_100ep_fixed_decorr5 cebab_3class_distilbert_seed2024_100ep_fixed_decorr5 hatexplain_distilbert_seed42_100ep goemotions_distilbert_seed42_100ep
[2026-09-25 18:24:20] waiting on 7 runs: cebab_3class_roberta_base_seed42_100ep_fixed cebab_3class_roberta_base_seed123_100ep_fixed cebab_3class_roberta_base_seed2024_100ep_fixed cebab_3class_distilbert_seed123_100ep_fixed_decorr5 cebab_3class_distilbert_seed2024_100ep_fixed_decorr5 hatexplain_distilbert_seed42_100ep goemotions_distilbert_seed42_100ep
[2026-09-25 18:29:38] waiting on 7 runs: cebab_3class_roberta_base_seed42_100ep_fixed cebab_3class_roberta_base_seed123_100ep_fixed cebab_3class_roberta_base_seed2024_100ep_fixed cebab_3class_distilbert_seed123_100ep_fixed_decorr5 cebab_3class_distilbert_seed2024_100ep_fixed_decorr5 hatexplain_distilbert_seed42_100ep goemotions_distilbert_seed42_100ep
[2026-09-25 18:34:56] waiting on 7 runs: cebab_3class_roberta_base_seed42_100ep_fixed cebab_3class_roberta_base_seed123_100ep_fixed cebab_3class_roberta_base_seed2024_100ep_fixed cebab_3class_distilbert_seed123_100ep_fixed_decorr5 cebab_3class_distilbert_seed2024_100ep_fixed_decorr5 hatexplain_distilbert_seed42_100ep goemotions_distilbert_seed42_100ep
[2026-09-25 18:40:13] waiting on 4 runs: cebab_3class_roberta_base_seed2024_100ep_fixed cebab_3class_distilbert_seed123_100ep_fixed_decorr5 cebab_3class_distilbert_seed2024_100ep_fixed_decorr5 goemotions_distilbert_seed42_100ep
[2026-09-25 18:45:31] waiting on 3 runs: cebab_3class_distilbert_seed123_100ep_fixed_decorr5 cebab_3class_distilbert_seed2024_100ep_fixed_decorr5 goemotions_distilbert_seed42_100ep
[2026-09-25 18:50:48] waiting on 3 runs: cebab_3class_distilbert_seed123_100ep_fixed_decorr5 cebab_3class_distilbert_seed2024_100ep_fixed_decorr5 goemotions_distilbert_seed42_100ep
[2026-09-25 18:56:05] waiting on 3 runs: cebab_3class_distilbert_seed123_100ep_fixed_decorr5 cebab_3class_distilbert_seed2024_100ep_fixed_decorr5 goemotions_distilbert_seed42_100ep
[2026-09-25 19:01:23] waiting on 1 runs: goemotions_distilbert_seed42_100ep
[2026-09-25 19:06:40] all 18 runs finished on Modal
[2026-09-25 19:23:44] downloaded 18 finished runs
[2026-09-25 19:23:44] evaluating cebab_3class_distilbert_seed42_100ep_fixed (MC passes: 10)
[2026-09-25 19:26:09] evaluating cebab_3class_distilbert_seed123_100ep_fixed (MC passes: 10)
[2026-09-25 19:28:33] evaluating cebab_3class_distilbert_seed2024_100ep_fixed (MC passes: 10)
[2026-09-25 19:30:57] evaluating cebab_3class_roberta_base_seed42_100ep_fixed (MC passes: 10)
[2026-09-25 19:35:29] evaluating cebab_3class_roberta_base_seed123_100ep_fixed (MC passes: 10)
[2026-09-25 19:39:57] evaluating cebab_3class_roberta_base_seed2024_100ep_fixed (MC passes: 10)
[2026-09-25 19:44:25] evaluating cebab_3class_distilbert_seed42_100ep_fixed_noale (MC passes: 0)
[2026-09-25 19:44:47] evaluating cebab_3class_distilbert_seed123_100ep_fixed_noale (MC passes: 0)
[2026-09-25 19:45:08] evaluating cebab_3class_distilbert_seed2024_100ep_fixed_noale (MC passes: 0)
[2026-09-25 19:45:29] evaluating cebab_3class_distilbert_seed42_100ep_fixed_decorr5 (MC passes: 0)
[2026-09-25 19:45:50] evaluating cebab_3class_distilbert_seed123_100ep_fixed_decorr5 (MC passes: 0)
[2026-09-25 19:46:12] evaluating cebab_3class_distilbert_seed2024_100ep_fixed_decorr5 (MC passes: 0)
[2026-09-25 19:46:33] evaluating hatexplain_distilbert_seed42_100ep (MC passes: 0)
[2026-09-25 19:46:47] evaluating goemotions_distilbert_seed42_100ep (MC passes: 0)
[2026-09-25 19:47:07] evaluating maqa_distilbert_seed42_100ep (MC passes: 0)
[2026-09-25 19:47:19] evaluating ambigqa_distilbert_seed42_100ep (MC passes: 0)
[2026-09-25 19:47:31] evaluating ambigqa_distilbert_seed123_100ep (MC passes: 0)
[2026-09-25 19:47:43] evaluating ambigqa_distilbert_seed2024_100ep (MC passes: 0)
[2026-09-25 19:51:51] baselines skipped: ambigqa_distilbert_seed{}_100ep
[2026-09-25 19:51:51] report written: /Users/tanmoy/research/Credal_Sets/neurips-credal/CAMPAIGN_RESULTS.md
[2026-09-25 19:51:52] committed 6cc5365
[2026-09-25 19:51:54] pushed to origin/neurips-credal
[2026-09-25 19:51:55] done
